Component: ARM Compiler 5.06 update 5 (build 528) Tool: armlink [4d35e2]

==============================================================================

Section Cross References

    stm32f4xx_can.o(i.CAN_DeInit) refers to stm32f4xx_rcc.o(i.RCC_APB1PeriphResetCmd) for RCC_APB1PeriphResetCmd
    stm32f4xx_can.o(i.CAN_GetITStatus) refers to stm32f4xx_can.o(i.CheckITStatus) for CheckITStatus
    stm32f4xx_gpio.o(i.GPIO_DeInit) refers to stm32f4xx_rcc.o(i.RCC_AHB1PeriphResetCmd) for RCC_AHB1PeriphResetCmd
    stm32f4xx_i2c.o(i.I2C_DeInit) refers to stm32f4xx_rcc.o(i.RCC_APB1PeriphResetCmd) for RCC_APB1PeriphResetCmd
    stm32f4xx_i2c.o(i.I2C_Init) refers to stm32f4xx_rcc.o(i.RCC_GetClocksFreq) for RCC_GetClocksFreq
    stm32f4xx_rcc.o(i.RCC_GetClocksFreq) refers to stm32f4xx_rcc.o(.data) for APBAHBPrescTable
    stm32f4xx_rcc.o(i.RCC_WaitForHSEStartUp) refers to stm32f4xx_rcc.o(i.RCC_GetFlagStatus) for RCC_GetFlagStatus
    stm32f4xx_spi.o(i.SPI_I2S_DeInit) refers to stm32f4xx_rcc.o(i.RCC_APB2PeriphResetCmd) for RCC_APB2PeriphResetCmd
    stm32f4xx_spi.o(i.SPI_I2S_DeInit) refers to stm32f4xx_rcc.o(i.RCC_APB1PeriphResetCmd) for RCC_APB1PeriphResetCmd
    stm32f4xx_syscfg.o(i.SYSCFG_DeInit) refers to stm32f4xx_rcc.o(i.RCC_APB2PeriphResetCmd) for RCC_APB2PeriphResetCmd
    stm32f4xx_tim.o(i.TIM_DeInit) refers to stm32f4xx_rcc.o(i.RCC_APB2PeriphResetCmd) for RCC_APB2PeriphResetCmd
    stm32f4xx_tim.o(i.TIM_DeInit) refers to stm32f4xx_rcc.o(i.RCC_APB1PeriphResetCmd) for RCC_APB1PeriphResetCmd
    stm32f4xx_tim.o(i.TIM_ETRClockMode1Config) refers to stm32f4xx_tim.o(i.TIM_ETRConfig) for TIM_ETRConfig
    stm32f4xx_tim.o(i.TIM_ETRClockMode2Config) refers to stm32f4xx_tim.o(i.TIM_ETRConfig) for TIM_ETRConfig
    stm32f4xx_tim.o(i.TIM_ICInit) refers to stm32f4xx_tim.o(i.TI1_Config) for TI1_Config
    stm32f4xx_tim.o(i.TIM_ICInit) refers to stm32f4xx_tim.o(i.TIM_SetIC1Prescaler) for TIM_SetIC1Prescaler
    stm32f4xx_tim.o(i.TIM_ICInit) refers to stm32f4xx_tim.o(i.TI2_Config) for TI2_Config
    stm32f4xx_tim.o(i.TIM_ICInit) refers to stm32f4xx_tim.o(i.TIM_SetIC2Prescaler) for TIM_SetIC2Prescaler
    stm32f4xx_tim.o(i.TIM_ICInit) refers to stm32f4xx_tim.o(i.TI3_Config) for TI3_Config
    stm32f4xx_tim.o(i.TIM_ICInit) refers to stm32f4xx_tim.o(i.TIM_SetIC3Prescaler) for TIM_SetIC3Prescaler
    stm32f4xx_tim.o(i.TIM_ICInit) refers to stm32f4xx_tim.o(i.TI4_Config) for TI4_Config
    stm32f4xx_tim.o(i.TIM_ICInit) refers to stm32f4xx_tim.o(i.TIM_SetIC4Prescaler) for TIM_SetIC4Prescaler
    stm32f4xx_tim.o(i.TIM_ITRxExternalClockConfig) refers to stm32f4xx_tim.o(i.TIM_SelectInputTrigger) for TIM_SelectInputTrigger
    stm32f4xx_tim.o(i.TIM_PWMIConfig) refers to stm32f4xx_tim.o(i.TI1_Config) for TI1_Config
    stm32f4xx_tim.o(i.TIM_PWMIConfig) refers to stm32f4xx_tim.o(i.TIM_SetIC1Prescaler) for TIM_SetIC1Prescaler
    stm32f4xx_tim.o(i.TIM_PWMIConfig) refers to stm32f4xx_tim.o(i.TI2_Config) for TI2_Config
    stm32f4xx_tim.o(i.TIM_PWMIConfig) refers to stm32f4xx_tim.o(i.TIM_SetIC2Prescaler) for TIM_SetIC2Prescaler
    stm32f4xx_tim.o(i.TIM_TIxExternalClockConfig) refers to stm32f4xx_tim.o(i.TI2_Config) for TI2_Config
    stm32f4xx_tim.o(i.TIM_TIxExternalClockConfig) refers to stm32f4xx_tim.o(i.TI1_Config) for TI1_Config
    stm32f4xx_tim.o(i.TIM_TIxExternalClockConfig) refers to stm32f4xx_tim.o(i.TIM_SelectInputTrigger) for TIM_SelectInputTrigger
    stm32f4xx_usart.o(i.USART_DeInit) refers to stm32f4xx_rcc.o(i.RCC_APB2PeriphResetCmd) for RCC_APB2PeriphResetCmd
    stm32f4xx_usart.o(i.USART_DeInit) refers to stm32f4xx_rcc.o(i.RCC_APB1PeriphResetCmd) for RCC_APB1PeriphResetCmd
    stm32f4xx_usart.o(i.USART_Init) refers to stm32f4xx_rcc.o(i.RCC_GetClocksFreq) for RCC_GetClocksFreq
    startup_stm32f40xx.o(RESET) refers to startup_stm32f40xx.o(STACK) for __initial_sp
    startup_stm32f40xx.o(RESET) refers to startup_stm32f40xx.o(.text) for Reset_Handler
    startup_stm32f40xx.o(RESET) refers to stm32f4xx_it.o(i.NMI_Handler) for NMI_Handler
    startup_stm32f40xx.o(RESET) refers to stm32f4xx_it.o(i.HardFault_Handler) for HardFault_Handler
    startup_stm32f40xx.o(RESET) refers to stm32f4xx_it.o(i.MemManage_Handler) for MemManage_Handler
    startup_stm32f40xx.o(RESET) refers to stm32f4xx_it.o(i.BusFault_Handler) for BusFault_Handler
    startup_stm32f40xx.o(RESET) refers to stm32f4xx_it.o(i.UsageFault_Handler) for UsageFault_Handler
    startup_stm32f40xx.o(RESET) refers to stm32f4xx_it.o(i.SVC_Handler) for SVC_Handler
    startup_stm32f40xx.o(RESET) refers to stm32f4xx_it.o(i.DebugMon_Handler) for DebugMon_Handler
    startup_stm32f40xx.o(RESET) refers to stm32f4xx_it.o(i.PendSV_Handler) for PendSV_Handler
    startup_stm32f40xx.o(RESET) refers to stm32f4xx_it.o(i.SysTick_Handler) for SysTick_Handler
    startup_stm32f40xx.o(RESET) refers to icm20602int.o(i.EXTI3_IRQHandler) for EXTI3_IRQHandler
    startup_stm32f40xx.o(RESET) refers to can.o(i.CAN1_RX0_IRQHandler) for CAN1_RX0_IRQHandler
[...]
    Removing system_stm32f4xx.o(.revsh_text), (4 bytes).
    Removing system_stm32f4xx.o(.rrx_text), (6 bytes).
    Removing system_stm32f4xx.o(i.SystemCoreClockUpdate), (192 bytes).
    Removing system_stm32f4xx.o(.data), (20 bytes).
    Removing imu.o(.rev16_text), (4 bytes).
    Removing imu.o(.revsh_text), (4 bytes).
    Removing imu.o(.rrx_text), (6 bytes).
    Removing control.o(.rev16_text), (4 bytes).
    Removing control.o(.revsh_text), (4 bytes).
    Removing control.o(.rrx_text), (6 bytes).
    Removing ahrs.o(.rev16_text), (4 bytes).
    Removing ahrs.o(.revsh_text), (4 bytes).
    Removing ahrs.o(.rrx_text), (6 bytes).
    Removing delay.o(.rev16_text), (4 bytes).
    Removing delay.o(.revsh_text), (4 bytes).
    Removing delay.o(.rrx_text), (6 bytes).
    Removing gpio.o(.rev16_text), (4 bytes).
    Removing gpio.o(.revsh_text), (4 bytes).
    Removing gpio.o(.rrx_text), (6 bytes).
    Removing i2c.o(.rev16_text), (4 bytes).
    Removing i2c.o(.revsh_text), (4 bytes).
    Removing i2c.o(.rrx_text), (6 bytes).
    Removing i2c.o(i.Bsp_IIC_Init), (2 bytes).
    Removing nvic.o(.rev16_text), (4 bytes).
    Removing nvic.o(.revsh_text), (4 bytes).
    Removing nvic.o(.rrx_text), (6 bytes).
    Removing monitor.o(.rev16_text), (4 bytes).
    Removing monitor.o(.revsh_text), (4 bytes).
    Removing monitor.o(.rrx_text), (6 bytes).
    Removing tim.o(.rev16_text), (4 bytes).
    Removing tim.o(.revsh_text), (4 bytes).
    Removing tim.o(.rrx_text), (6 bytes).
    Removing spi.o(.rev16_text), (4 bytes).
    Removing spi.o(.revsh_text), (4 bytes).
    Removing spi.o(.rrx_text), (6 bytes).
    Removing can.o(.rev16_text), (4 bytes).
    Removing can.o(.revsh_text), (4 bytes).
    Removing can.o(.rrx_text), (6 bytes).
    Removing can.o(i.Bsp_Can_Init), (192 bytes).
    Removing can.o(i.cm_senddata), (92 bytes).
    Removing can.o(i.gm_senddata), (82 bytes).
    Removing usart.o(.rev16_text), (4 bytes).
    Removing usart.o(.revsh_text), (4 bytes).
    Removing usart.o(.rrx_text), (6 bytes).
    Removing usart.o(i.Usart_DMASend), (48 bytes).
    Removing usart.o(i.fputc), (36 bytes).
    Removing dma.o(.rev16_text), (4 bytes).
    Removing dma.o(.revsh_text), (4 bytes).
    Removing dma.o(.rrx_text), (6 bytes).
    Removing icm20602.o(.rev16_text), (4 bytes).
    Removing icm20602.o(.revsh_text), (4 bytes).
    Removing icm20602.o(.rrx_text), (6 bytes).
    Removing icm20602dri.o(.rev16_text), (4 bytes).
    Removing icm20602dri.o(.revsh_text), (4 bytes).
    Removing icm20602dri.o(.rrx_text), (6 bytes).
    Removing icm20602int.o(.rev16_text), (4 bytes).
    Removing icm20602int.o(.revsh_text), (4 bytes).
    Removing icm20602int.o(.rrx_text), (6 bytes).
    Removing ist8310.o(.rev16_text), (4 bytes).
    Removing ist8310.o(.revsh_text), (4 bytes).
    Removing ist8310.o(.rrx_text), (6 bytes).
    Removing ist8310.o(i.IST8310_GetData), (60 bytes).
    Removing ist8310.o(i.IST8310_GetIntData), (40 bytes).
    Removing ist8310.o(i.IST8310_GetMagData), (24 bytes).
    Removing ist8310.o(i.IST8310_Read), (32 bytes).
    Removing ist8310.o(i.IST8310_ReadByte), (24 bytes).
    Removing ist8310.o(i.IST8310_WriteByte), (24 bytes).
    Removing ist8310.o(i.Ist8310_Init), (136 bytes).
    Removing ms5611.o(.rev16_text), (4 bytes).
    Removing ms5611.o(.revsh_text), (4 bytes).
    Removing ms5611.o(.rrx_text), (6 bytes).
    Removing ms5611.o(i.Ms5611_ReadByte), (24 bytes).
    Removing main.o(.rev16_text), (4 bytes).
    Removing main.o(.revsh_text), (4 bytes).
    Removing main.o(.rrx_text), (6 bytes).
    Removing main.o(.data), (28 bytes).
    Removing dneg.o(.text), (6 bytes).
    Removing cdcmple.o(.text), (48 bytes).

376 unused section(s) (total 11788 bytes) removed from the image.

==============================================================================

Image Symbol Table

    Local Symbols

    Symbol Name                              Value     Ov Type        Size  Object(Section)

    ../clib/microlib/errno.c                 0x00000000   Number         0  errno.o ABSOLUTE
    ../clib/microlib/init/entry.s            0x00000000   Number         0  entry10b.o ABSOLUTE
    ../clib/microlib/init/entry.s            0x00000000   Number         0  entry9a.o ABSOLUTE
    ../clib/microlib/init/entry.s            0x00000000   Number         0  entry.o ABSOLUTE
    ../clib/microlib/init/entry.s            0x00000000   Number         0  entry10a.o ABSOLUTE
    ../clib/microlib/init/entry.s            0x00000000   Number         0  entry9b.o ABSOLUTE
    ../clib/microlib/init/entry.s            0x00000000   Number         0  entry2.o ABSOLUTE
    ../clib/microlib/init/entry.s            0x00000000   Number         0  entry5.o ABSOLUTE
    ../clib/microlib/init/entry.s            0x00000000   Number         0  entry11b.o ABSOLUTE
    ../clib/microlib/init/entry.s            0x00000000   Number         0  entry7a.o ABSOLUTE
    ../clib/microlib/init/entry.s            0x00000000   Number         0  entry11a.o ABSOLUTE
    ../clib/microlib/init/entry.s            0x00000000   Number         0  entry7b.o ABSOLUTE
    ../clib/microlib/init/entry.s            0x00000000   Number         0  entry8a.o ABSOLUTE
    ../clib/microlib/init/entry.s            0x00000000   Number         0  entry8b.o ABSOLUTE
    ../clib/microlib/longlong.c              0x00000000   Number         0  llushr.o ABSOLUTE
    ../clib/microlib/longlong.c              0x00000000   Number         0  llsshr.o ABSOLUTE
    ../clib/microlib/longlong.c              0x00000000   Number         0  llshl.o ABSOLUTE
    ../clib/microlib/string/memcpy.c         0x00000000   Number         0  memcpya.o ABSOLUTE
    ../clib/microlib/string/memcpy.c         0x00000000   Number         0  memcpyb.o ABSOLUTE
    ../clib/microlib/stubs.s                 0x00000000   Number         0  iusefp.o ABSOLUTE
    ../fplib/microlib/d2f.c                  0x00000000   Number         0  d2f.o ABSOLUTE
    ../fplib/microlib/f2d.c                  0x00000000   Number         0  f2d.o ABSOLUTE
    ../fplib/microlib/fpadd.c                0x00000000   Number         0  dadd.o ABSOLUTE
    ../fplib/microlib/fpdiv.c                0x00000000   Number         0  ddiv.o ABSOLUTE
    ../fplib/microlib/fpepilogue.c           0x00000000   Number         0  fepilogue.o ABSOLUTE
    ../fplib/microlib/fpepilogue.c           0x00000000   Number         0  depilogue.o ABSOLUTE
    ../fplib/microlib/fpmul.c                0x00000000   Number         0  dmul.o ABSOLUTE
    ../fplib/microlib/fpneg.c                0x00000000   Number         0  dneg.o ABSOLUTE
    ../fplib/microlib/fpsqrt.c               0x00000000   Number         0  dsqrt.o ABSOLUTE
    ../mathlib/asin.c                        0x00000000   Number         0  asin.o ABSOLUTE
    ../mathlib/asin.c                        0x00000000   Number         0  asin_x.o ABSOLUTE
    ../mathlib/atan.c                        0x00000000   Number         0  atan_x.o ABSOLUTE
    ../mathlib/atan.c                        0x00000000   Number         0  atan.o ABSOLUTE
    ../mathlib/atan2.c                       0x00000000   Number         0  atan2.o ABSOLUTE
    ../mathlib/atan2.c                       0x00000000   Number         0  atan2_x.o ABSOLUTE
    ../mathlib/dunder.c                      0x00000000   Number         0  dunder.o ABSOLUTE
    ../mathlib/fabs.c                        0x00000000   Number         0  fabs.o ABSOLUTE
    ../mathlib/fpclassify.c                  0x00000000   Number         0  fpclassify.o ABSOLUTE
    ../mathlib/poly.c                        0x00000000   Number         0  poly.o ABSOLUTE
    ../mathlib/qnan.c                        0x00000000   Number         0  qnan.o ABSOLUTE
    ../mathlib/sqrt.c                        0x00000000   Number         0  sqrt_x.o ABSOLUTE
    ../mathlib/sqrt.c                        0x00000000   Number         0  sqrt.o ABSOLUTE
    ..\Program\Icm20602\icm20602.c           0x00000000   Number         0  icm20602.o ABSOLUTE
    ..\Program\Icm20602\icm20602Dri.c        0x00000000   Number         0  icm20602dri.o ABSOLUTE
    ..\Program\Icm20602\icm20602Int.c        0x00000000   Number         0  icm20602int.o ABSOLUTE
    ..\Program\Ist8310\ist8310.c             0x00000000   Number         0  ist8310.o ABSOLUTE
    ..\Program\Ms5611\ms5611.c               0x00000000   Number         0  ms5611.o ABSOLUTE
    ..\Program\Startup\startup_stm32f40xx.s  0x00000000   Number         0  startup_stm32f40xx.o ABSOLUTE
    ..\Program\System\stm32f4xx_it.c         0x00000000   Number         0  stm32f4xx_it.o ABSOLUTE
    ..\Program\System\system_stm32f4xx.c     0x00000000   Number         0  system_stm32f4xx.o ABSOLUTE
    ..\Program\Task\ahrs.c                   0x00000000   Number         0  ahrs.o ABSOLUTE
    ..\Program\Task\control.c                0x00000000   Number         0  control.o ABSOLUTE
    ..\Program\Task\imu.c                    0x00000000   Number         0  imu.o ABSOLUTE
    ..\Program\User\can.c                    0x00000000   Number         0  can.o ABSOLUTE
    ..\Program\User\delay.c                  0x00000000   Number         0  delay.o ABSOLUTE
    ..\Program\User\dma.c                    0x00000000   Number         0  dma.o ABSOLUTE
    ..\Program\User\gpio.c                   0x00000000   Number         0  gpio.o ABSOLUTE
    ..\Program\User\i2c.c                    0x00000000   Number         0  i2c.o ABSOLUTE
    ..\Program\User\main.c                   0x00000000   Number         0  main.o ABSOLUTE
    ..\Program\User\monitor.c                0x00000000   Number         0  monitor.o ABSOLUTE
    ..\Program\User\nvic.c                   0x00000000   Number         0  nvic.o ABSOLUTE
    ..\Program\User\spi.c                    0x00000000   Number         0  spi.o ABSOLUTE
    ..\Program\User\tim.c                    0x00000000   Number         0  tim.o ABSOLUTE
    ..\Program\User\usart.c                  0x00000000   Number         0  usart.o ABSOLUTE
    ..\Program\src\misc.c                    0x00000000   Number         0  misc.o ABSOLUTE
    ..\Program\src\stm32f4xx_can.c           0x00000000   Number         0  stm32f4xx_can.o ABSOLUTE
    ..\Program\src\stm32f4xx_dma.c           0x00000000   Number         0  stm32f4xx_dma.o ABSOLUTE
    ..\Program\src\stm32f4xx_exti.c          0x00000000   Number         0  stm32f4xx_exti.o ABSOLUTE
    ..\Program\src\stm32f4xx_gpio.c          0x00000000   Number         0  stm32f4xx_gpio.o ABSOLUTE
    ..\Program\src\stm32f4xx_i2c.c           0x00000000   Number         0  stm32f4xx_i2c.o ABSOLUTE
    ..\Program\src\stm32f4xx_rcc.c           0x00000000   Number         0  stm32f4xx_rcc.o ABSOLUTE
    ..\Program\src\stm32f4xx_spi.c           0x00000000   Number         0  stm32f4xx_spi.o ABSOLUTE
    ..\Program\src\stm32f4xx_syscfg.c        0x00000000   Number         0  stm32f4xx_syscfg.o ABSOLUTE
    ..\Program\src\stm32f4xx_tim.c           0x00000000   Number         0  stm32f4xx_tim.o ABSOLUTE
    ..\Program\src\stm32f4xx_usart.c         0x00000000   Number         0  stm32f4xx_usart.o ABSOLUTE
    ..\\Program\\Icm20602\\icm20602.c        0x00000000   Number         0  icm20602.o ABSOLUTE
    ..\\Program\\Icm20602\\icm20602Dri.c     0x00000000   Number         0  icm20602dri.o ABSOLUTE
    ..\\Program\\Icm20602\\icm20602Int.c     0x00000000   Number         0  icm20602int.o ABSOLUTE
    ..\\Program\\Ist8310\\ist8310.c          0x00000000   Number         0  ist8310.o ABSOLUTE
    ..\\Program\\Ms5611\\ms5611.c            0x00000000   Number         0  ms5611.o ABSOLUTE
    ..\\Program\\System\\stm32f4xx_it.c      0x00000000   Number         0  stm32f4xx_it.o ABSOLUTE
    ..\\Program\\System\\system_stm32f4xx.c  0x00000000   Number         0  system_stm32f4xx.o ABSOLUTE
    ..\\Program\\Task\\ahrs.c                0x00000000   Number         0  ahrs.o ABSOLUTE
    ..\\Program\\Task\\control.c             0x00000000   Number         0  control.o ABSOLUTE
    ..\\Program\\Task\\imu.c                 0x00000000   Number         0  imu.o ABSOLUTE
    ..\\Program\\User\\can.c                 0x00000000   Number         0  can.o ABSOLUTE
    ..\\Program\\User\\delay.c               0x00000000   Number         0  delay.o ABSOLUTE
    ..\\Program\\User\\dma.c                 0x00000000   Number         0  dma.o ABSOLUTE
    ..\\Program\\User\\gpio.c                0x00000000   Number         0  gpio.o ABSOLUTE
    ..\\Program\\User\\i2c.c                 0x00000000   Number         0  i2c.o ABSOLUTE
    ..\\Program\\User\\main.c                0x00000000   Number         0  main.o ABSOLUTE
    ..\\Program\\User\\monitor.c             0x00000000   Number         0  monitor.o ABSOLUTE
    ..\\Program\\User\\nvic.c                0x00000000   Number         0  nvic.o ABSOLUTE
    ..\\Program\\User\\spi.c                 0x00000000   Number         0  spi.o ABSOLUTE
    ..\\Program\\User\\tim.c                 0x00000000   Number         0  tim.o ABSOLUTE
    ..\\Program\\User\\usart.c               0x00000000   Number         0  usart.o ABSOLUTE
    ..\\Program\\src\\misc.c                 0x00000000   Number         0  misc.o ABSOLUTE
    ..\\Program\\src\\stm32f4xx_can.c        0x00000000   Number         0  stm32f4xx_can.o ABSOLUTE
    ..\\Program\\src\\stm32f4xx_dma.c        0x00000000   Number         0  stm32f4xx_dma.o ABSOLUTE
    ..\\Program\\src\\stm32f4xx_exti.c       0x00000000   Number         0  stm32f4xx_exti.o ABSOLUTE
    ..\\Program\\src\\stm32f4xx_gpio.c       0x00000000   Number         0  stm32f4xx_gpio.o ABSOLUTE
    ..\\Program\\src\\stm32f4xx_i2c.c        0x00000000   Number         0  stm32f4xx_i2c.o ABSOLUTE
    ..\\Program\\src\\stm32f4xx_rcc.c        0x00000000   Number         0  stm32f4xx_rcc.o ABSOLUTE
    ..\\Program\\src\\stm32f4xx_spi.c        0x00000000   Number         0  stm32f4xx_spi.o ABSOLUTE
    ..\\Program\\src\\stm32f4xx_syscfg.c     0x00000000   Number         0  stm32f4xx_syscfg.o ABSOLUTE
    ..\\Program\\src\\stm32f4xx_tim.c        0x00000000   Number         0  stm32f4xx_tim.o ABSOLUTE
    ..\\Program\\src\\stm32f4xx_usart.c      0x00000000   Number         0  stm32f4xx_usart.o ABSOLUTE
    cdcmple.s                                0x00000000   Number         0  cdcmple.o ABSOLUTE
    dc.s                                     0x00000000   Number         0  dc.o ABSOLUTE
    handlers.s                               0x00000000   Number         0  handlers.o ABSOLUTE
    init.s                                   0x00000000   Number         0  init.o ABSOLUTE
    RESET                                    0x08000000   Section      392  startup_stm32f40xx.o(RESET)
    .ARM.Collect$$$$00000000                 0x08000188   Section        0  entry.o(.ARM.Collect$$$$00000000)
    .ARM.Collect$$$$00000001                 0x08000188   Section        4  entry2.o(.ARM.Collect$$$$00000001)
    .ARM.Collect$$$$00000004                 0x0800018c   Section        4  entry5.o(.ARM.Collect$$$$00000004)
    .ARM.Collect$$$$00000008                 0x08000190   Section        0  entry7b.o(.ARM.Collect$$$$00000008)
    .ARM.Collect$$$$0000000A                 0x08000190   Section        0  entry8b.o(.ARM.Collect$$$$0000000A)
    .ARM.Collect$$$$0000000B                 0x08000190   Section        8  entry9a.o(.ARM.Collect$$$$0000000B)
    .ARM.Collect$$$$0000000D                 0x08000198   Section        0  entry10a.o(.ARM.Collect$$$$0000000D)
    .ARM.Collect$$$$0000000F                 0x08000198   Section        0  entry11a.o(.ARM.Collect$$$$0000000F)
    .ARM.Collect$$$$00002712                 0x08000198   Section        4  entry2.o(.ARM.Collect$$$$00002712)
    __lit__00000000                          0x08000198   Data           4  entry2.o(.ARM.Collect$$$$00002712)
    .text                                    0x0800019c   Section       36  startup_stm32f40xx.o(.text)
    $v0                                      0x0800019c   Number         0  startup_stm32f40xx.o(.text)
    .text                                    0x080001c0   Section        0  memcpya.o(.text)
    .text                                    0x080001e4   Section        0  dmul.o(.text)
    .text                                    0x080002c8   Section        0  ddiv.o(.text)
    .text                                    0x080003a6   Section        0  f2d.o(.text)
    .text                                    0x080003cc   Section        0  d2f.o(.text)
    .text                                    0x08000404   Section        0  iusefp.o(.text)
    .text                                    0x08000404   Section        0  fepilogue.o(.text)
    .text                                    0x08000472   Section        0  depilogue.o(.text)
    .text                                    0x0800052c   Section        0  dadd.o(.text)
    .text                                    0x0800067a   Section        0  dsqrt.o(.text)
    .text                                    0x0800071c   Section       36  init.o(.text)
    .text                                    0x08000740   Section        0  llshl.o(.text)
    .text                                    0x0800075e   Section        0  llushr.o(.text)
    .text                                    0x0800077e   Section        0  llsshr.o(.text)
    i.AHRS_Init                              0x080007a4   Section        0  ahrs.o(i.AHRS_Init)
    i.Bsp_DMA_Init                           0x08000814   Section        0  dma.o(i.Bsp_DMA_Init)
    i.Bsp_GPIO_Init                          0x080008d4   Section        0  gpio.o(i.Bsp_GPIO_Init)
    i.Bsp_NVIC_Init                          0x08000a8c   Section        0  nvic.o(i.Bsp_NVIC_Init)
    i.Bsp_Spi_Init                           0x08000ad4   Section        0  spi.o(i.Bsp_Spi_Init)
    i.Bsp_Tim_Init                           0x08000b34   Section        0  tim.o(i.Bsp_Tim_Init)
    i.Bsp_Usart_Init                         0x08000b98   Section        0  usart.o(i.Bsp_Usart_Init)
    i.BusFault_Handler                       0x08000c40   Section        0  stm32f4xx_it.o(i.BusFault_Handler)
    i.CAN1_RX0_IRQHandler                    0x08000c44   Section        0  can.o(i.CAN1_RX0_IRQHandler)
    i.CAN2_RX0_IRQHandler                    0x08000c6c   Section        0  can.o(i.CAN2_RX0_IRQHandler)
    i.CAN_ClearITPendingBit                  0x08000c94   Section        0  stm32f4xx_can.o(i.CAN_ClearITPendingBit)
    i.CAN_GetITStatus                        0x08000d3c   Section        0  stm32f4xx_can.o(i.CAN_GetITStatus)
    i.CAN_Receive                            0x08000e5c   Section        0  stm32f4xx_can.o(i.CAN_Receive)
    i.CheckITStatus                          0x08000f4c   Section        0  stm32f4xx_can.o(i.CheckITStatus)
    CheckITStatus                            0x08000f4d   Thumb Code    18  stm32f4xx_can.o(i.CheckITStatus)
    i.DMA_ClearFlag                          0x08000f60   Section        0  stm32f4xx_dma.o(i.DMA_ClearFlag)
    i.DMA_Cmd                                0x08000f94   Section        0  stm32f4xx_dma.o(i.DMA_Cmd)
    i.DMA_DeInit                             0x08000fac   Section        0  stm32f4xx_dma.o(i.DMA_DeInit)
    i.DMA_GetCmdStatus                       0x08001104   Section        0  stm32f4xx_dma.o(i.DMA_GetCmdStatus)
    i.DMA_Init                               0x08001118   Section        0  stm32f4xx_dma.o(i.DMA_Init)
    i.DMA_SetCurrDataCounter                 0x08001170   Section        0  stm32f4xx_dma.o(i.DMA_SetCurrDataCounter)
    i.DMA_StructInit                         0x08001174   Section        0  stm32f4xx_dma.o(i.DMA_StructInit)
    i.DebugMon_Handler                       0x08001196   Section        0  stm32f4xx_it.o(i.DebugMon_Handler)
    i.EXTI3_IRQHandler                       0x08001198   Section        0  icm20602int.o(i.EXTI3_IRQHandler)
    i.EXTI_ClearFlag                         0x080011b4   Section        0  stm32f4xx_exti.o(i.EXTI_ClearFlag)
    i.EXTI_ClearITPendingBit                 0x080011c0   Section        0  stm32f4xx_exti.o(i.EXTI_ClearITPendingBit)
    i.EXTI_GetITStatus                       0x080011cc   Section        0  stm32f4xx_exti.o(i.EXTI_GetITStatus)
    i.EXTI_Init                              0x080011e4   Section        0  stm32f4xx_exti.o(i.EXTI_Init)
    i.GPIO_Init                              0x08001278   Section        0  stm32f4xx_gpio.o(i.GPIO_Init)
    i.GPIO_PinAFConfig                       0x08001308   Section        0  stm32f4xx_gpio.o(i.GPIO_PinAFConfig)
    i.GPIO_ReadInputDataBit                  0x0800134e   Section        0  stm32f4xx_gpio.o(i.GPIO_ReadInputDataBit)
    i.GPIO_ResetBits                         0x08001360   Section        0  stm32f4xx_gpio.o(i.GPIO_ResetBits)
    i.GPIO_SetBits                           0x08001364   Section        0  stm32f4xx_gpio.o(i.GPIO_SetBits)
    i.GPIO_StructInit                        0x08001368   Section        0  stm32f4xx_gpio.o(i.GPIO_StructInit)
    i.Get_Time_Micros                        0x0800137a   Section        0  tim.o(i.Get_Time_Micros)
    i.HardFault_Handler                      0x08001382   Section        0  stm32f4xx_it.o(i.HardFault_Handler)
    i.ICM20602_Update                        0x08001388   Section        0  imu.o(i.ICM20602_Update)
    i.IIC_Ack                                0x080013c8   Section        0  i2c.o(i.IIC_Ack)
    i.IIC_NAck                               0x08001400   Section        0  i2c.o(i.IIC_NAck)
    i.IIC_Read                               0x08001438   Section        0  i2c.o(i.IIC_Read)
    i.IIC_ReadByte                           0x080014ca   Section        0  i2c.o(i.IIC_ReadByte)
    i.IIC_Read_Byte                          0x0800153a   Section        0  i2c.o(i.IIC_Read_Byte)
    i.IIC_SCL                                0x080015a6   Section        0  i2c.o(i.IIC_SCL)
    i.IIC_SDA                                0x080015ce   Section        0  i2c.o(i.IIC_SDA)
    i.IIC_Send_Byte                          0x080015f6   Section        0  i2c.o(i.IIC_Send_Byte)
    i.IIC_Start                              0x08001656   Section        0  i2c.o(i.IIC_Start)
    i.IIC_Stop                               0x0800169c   Section        0  i2c.o(i.IIC_Stop)
    i.IIC_Wait_Ack                           0x080016d4   Section        0  i2c.o(i.IIC_Wait_Ack)
    i.IIC_Write                              0x08001726   Section        0  i2c.o(i.IIC_Write)
    i.IIC_WriteByte                          0x08001790   Section        0  i2c.o(i.IIC_WriteByte)
    i.IMU_Filter                             0x080017ee   Section        0  icm20602.o(i.IMU_Filter)
    i.IST8310_GetStatus                      0x08001880   Section        0  ist8310.o(i.IST8310_GetStatus)
    i.IST8310_SetStatus                      0x0800188c   Section        0  ist8310.o(i.IST8310_SetStatus)
    i.Icm20602IntInit                        0x08001898   Section        0  icm20602int.o(i.Icm20602IntInit)
    i.Icm20602_Calc                          0x080018c8   Section        0  icm20602.o(i.Icm20602_Calc)
    i.Icm20602_DataLimit                     0x080019bc   Section        0  icm20602.o(i.Icm20602_DataLimit)
    i.Icm20602_GetData                       0x08001a04   Section        0  icm20602.o(i.Icm20602_GetData)
    i.Icm20602_GetDataStatus                 0x08001a80   Section        0  icm20602.o(i.Icm20602_GetDataStatus)
    i.Icm20602_GetIntData                    0x08001a8c   Section        0  icm20602.o(i.Icm20602_GetIntData)
    i.Icm20602_GetRegisterData               0x08001aa0   Section        0  icm20602.o(i.Icm20602_GetRegisterData)
    i.Icm20602_ReadByte                      0x08001ab0   Section        0  icm20602dri.o(i.Icm20602_ReadByte)
    i.Icm20602_ReadBytes                     0x08001ae0   Section        0  icm20602dri.o(i.Icm20602_ReadBytes)
    i.Icm20602_SetDataStatus                 0x08001b24   Section        0  icm20602.o(i.Icm20602_SetDataStatus)
    i.Icm20602_WriteByte                     0x08001b3c   Section        0  icm20602dri.o(i.Icm20602_WriteByte)
    i.Icm20602_init                          0x08001b6c   Section        0  icm20602.o(i.Icm20602_init)
    i.MemManage_Handler                      0x08001bd8   Section        0  stm32f4xx_it.o(i.MemManage_Handler)
    i.Monitor_Calc                           0x08001bdc   Section        0  monitor.o(i.Monitor_Calc)
    i.Monitor_Init                           0x08001be8   Section        0  monitor.o(i.Monitor_Init)
    i.Monitor_Reset                          0x08001c28   Section        0  monitor.o(i.Monitor_Reset)
    i.Monitor_Set                            0x08001c38   Section        0  monitor.o(i.Monitor_Set)
    i.Monitor_Update                         0x08001c44   Section        0  monitor.o(i.Monitor_Update)
    i.Ms5611_Init                            0x08001c64   Section        0  ms5611.o(i.Ms5611_Init)
    i.Ms5611_PromRead                        0x08001cb8   Section        0  ms5611.o(i.Ms5611_PromRead)
    i.Ms5611_Read                            0x08001d0c   Section        0  ms5611.o(i.Ms5611_Read)
    i.Ms5611_ReadD                           0x08001d2c   Section        0  ms5611.o(i.Ms5611_ReadD)
    i.Ms5611_Reset                           0x08001db4   Section        0  ms5611.o(i.Ms5611_Reset)
    i.Ms5611_WriteByte                       0x08001dc0   Section        0  ms5611.o(i.Ms5611_WriteByte)
    i.NMI_Handler                            0x08001dd8   Section        0  stm32f4xx_it.o(i.NMI_Handler)
    i.NVIC_Init                              0x08001ddc   Section        0  misc.o(i.NVIC_Init)
    i.NVIC_PriorityGroupConfig               0x08001e54   Section        0  misc.o(i.NVIC_PriorityGroupConfig)
    i.PendSV_Handler                         0x08001e68   Section        0  stm32f4xx_it.o(i.PendSV_Handler)
    i.RCC_AHB1PeriphClockCmd                 0x08001e6c   Section        0  stm32f4xx_rcc.o(i.RCC_AHB1PeriphClockCmd)
    i.RCC_APB1PeriphClockCmd                 0x08001e8c   Section        0  stm32f4xx_rcc.o(i.RCC_APB1PeriphClockCmd)
    i.RCC_APB1PeriphResetCmd                 0x08001eac   Section        0  stm32f4xx_rcc.o(i.RCC_APB1PeriphResetCmd)
    i.RCC_APB2PeriphClockCmd                 0x08001ecc   Section        0  stm32f4xx_rcc.o(i.RCC_APB2PeriphClockCmd)
    i.RCC_APB2PeriphResetCmd                 0x08001eec   Section        0  stm32f4xx_rcc.o(i.RCC_APB2PeriphResetCmd)
    i.RCC_GetClocksFreq                      0x08001f0c   Section        0  stm32f4xx_rcc.o(i.RCC_GetClocksFreq)
    i.READ_SDA                               0x08001ff4   Section        0  i2c.o(i.READ_SDA)
    i.SDA_IN                                 0x08002004   Section        0  i2c.o(i.SDA_IN)
    i.SDA_OUT                                0x0800201a   Section        0  i2c.o(i.SDA_OUT)
    i.SPI_Cmd                                0x08002038   Section        0  stm32f4xx_spi.o(i.SPI_Cmd)
    i.SPI_I2S_DeInit                         0x08002050   Section        0  stm32f4xx_spi.o(i.SPI_I2S_DeInit)
    i.SPI_I2S_GetFlagStatus                  0x08002100   Section        0  stm32f4xx_spi.o(i.SPI_I2S_GetFlagStatus)
    i.SPI_I2S_ReceiveData                    0x08002112   Section        0  stm32f4xx_spi.o(i.SPI_I2S_ReceiveData)
    i.SPI_I2S_SendData                       0x08002118   Section        0  stm32f4xx_spi.o(i.SPI_I2S_SendData)
    i.SPI_Init                               0x0800211c   Section        0  stm32f4xx_spi.o(i.SPI_Init)
    i.SPI_WriteReadByte                      0x08002158   Section        0  spi.o(i.SPI_WriteReadByte)
    i.SVC_Handler                            0x0800218c   Section        0  stm32f4xx_it.o(i.SVC_Handler)
    i.SYSCFG_EXTILineConfig                  0x08002190   Section        0  stm32f4xx_syscfg.o(i.SYSCFG_EXTILineConfig)
    i.SetSysClock                            0x080021d0   Section        0  system_stm32f4xx.o(i.SetSysClock)
    SetSysClock                              0x080021d1   Thumb Code   220  system_stm32f4xx.o(i.SetSysClock)
    i.SysTick_Handler                        0x080022bc   Section        0  stm32f4xx_it.o(i.SysTick_Handler)
    i.SystemInit                             0x080022c0   Section        0  system_stm32f4xx.o(i.SystemInit)
    i.TIM6_DAC_IRQHandler                    0x08002328   Section        0  tim.o(i.TIM6_DAC_IRQHandler)
    i.TIM_ARRPreloadConfig                   0x08002350   Section        0  stm32f4xx_tim.o(i.TIM_ARRPreloadConfig)
    i.TIM_ClearFlag                          0x08002368   Section        0  stm32f4xx_tim.o(i.TIM_ClearFlag)
    i.TIM_ClearITPendingBit                  0x0800236e   Section        0  stm32f4xx_tim.o(i.TIM_ClearITPendingBit)
    i.TIM_Cmd                                0x08002374   Section        0  stm32f4xx_tim.o(i.TIM_Cmd)
    i.TIM_GetITStatus                        0x0800238c   Section        0  stm32f4xx_tim.o(i.TIM_GetITStatus)
    i.TIM_ITConfig                           0x080023ae   Section        0  stm32f4xx_tim.o(i.TIM_ITConfig)
    i.TIM_TimeBaseInit                       0x080023c0   Section        0  stm32f4xx_tim.o(i.TIM_TimeBaseInit)
    i.TIM_TimeBaseStructInit                 0x08002444   Section        0  stm32f4xx_tim.o(i.TIM_TimeBaseStructInit)
    i.USART1_IRQHandler                      0x08002458   Section        0  usart.o(i.USART1_IRQHandler)
    i.USART3_IRQHandler                      0x08002480   Section        0  usart.o(i.USART3_IRQHandler)
    i.USART_ClearITPendingBit                0x080024a8   Section        0  stm32f4xx_usart.o(i.USART_ClearITPendingBit)
    i.USART_Cmd                              0x080024c6   Section        0  stm32f4xx_usart.o(i.USART_Cmd)
    i.USART_DMACmd                           0x080024de   Section        0  stm32f4xx_usart.o(i.USART_DMACmd)
    i.USART_DeInit                           0x080024f0   Section        0  stm32f4xx_usart.o(i.USART_DeInit)
    i.USART_GetITStatus                      0x080025e0   Section        0  stm32f4xx_usart.o(i.USART_GetITStatus)
    i.USART_Init                             0x08002634   Section        0  stm32f4xx_usart.o(i.USART_Init)
    i.USART_ReceiveData                      0x08002708   Section        0  stm32f4xx_usart.o(i.USART_ReceiveData)
    i.USART_StructInit                       0x08002712   Section        0  stm32f4xx_usart.o(i.USART_StructInit)
    i.UsageFault_Handler                     0x0800272a   Section        0  stm32f4xx_it.o(i.UsageFault_Handler)
    i.Usart_Send_Angle                       0x08002730   Section        0  usart.o(i.Usart_Send_Angle)
    i.Usart_Send_Senser                      0x08002844   Section        0  usart.o(i.Usart_Send_Senser)
    i.Usart_Send_Status                      0x080029e0   Section        0  usart.o(i.Usart_Send_Status)
    i._6AxisAHRSupdate                       0x08002b5c   Section        0  ahrs.o(i._6AxisAHRSupdate)
    i._9AxisAHRSupdate                       0x08003190   Section        0  ahrs.o(i._9AxisAHRSupdate)
    i.__ARM_fpclassify                       0x08003a80   Section        0  fpclassify.o(i.__ARM_fpclassify)
    i.__hardfp_asin                          0x08003ab0   Section        0  asin.o(i.__hardfp_asin)
    i.__hardfp_atan                          0x08003e10   Section        0  atan.o(i.__hardfp_atan)
    i.__hardfp_atan2                         0x080040e8   Section        0  atan2.o(i.__hardfp_atan2)
    i.__hardfp_sqrt                          0x080042d8   Section        0  sqrt.o(i.__hardfp_sqrt)
    i.__kernel_poly                          0x08004352   Section        0  poly.o(i.__kernel_poly)
    i.__mathlib_dbl_infnan                   0x0800444a   Section        0  dunder.o(i.__mathlib_dbl_infnan)
    i.__mathlib_dbl_infnan2                  0x0800445e   Section        0  dunder.o(i.__mathlib_dbl_infnan2)
    i.__mathlib_dbl_invalid                  0x08004478   Section        0  dunder.o(i.__mathlib_dbl_invalid)
    i.__mathlib_dbl_underflow                0x08004498   Section        0  dunder.o(i.__mathlib_dbl_underflow)
    i.__scatterload_copy                     0x080044b8   Section       14  handlers.o(i.__scatterload_copy)
    i.__scatterload_null                     0x080044c6   Section        2  handlers.o(i.__scatterload_null)
    i.__scatterload_zeroinit                 0x080044c8   Section       14  handlers.o(i.__scatterload_zeroinit)
    i.__set_errno                            0x080044d8   Section        0  errno.o(i.__set_errno)
    i.atan                                   0x080044e4   Section        0  atan.o(i.atan)
    i.controlLoop                            0x080044f4   Section        0  control.o(i.controlLoop)
    i.delay_ms                               0x080046ac   Section        0  delay.o(i.delay_ms)
    i.delay_us                               0x080046c8   Section        0  delay.o(i.delay_us)
    i.fabs                                   0x080046e2   Section        0  fabs.o(i.fabs)
    i.invSqrt                                0x080046fc   Section        0  ahrs.o(i.invSqrt)
    i.main                                   0x08004738   Section        0  main.o(i.main)
    i.sqrt                                   0x08004784   Section        0  sqrt.o(i.sqrt)
    i.sysEnable                              0x080047f4   Section        0  tim.o(i.sysEnable)
    i.system_init                            0x08004818   Section        0  main.o(i.system_init)
    i.usart1_dma_upgrade                     0x08004860   Section        0  usart.o(i.usart1_dma_upgrade)
    i.usart3_dma_upgrade                     0x080048b4   Section        0  usart.o(i.usart3_dma_upgrade)
    .constdata                               0x08004908   Section       24  icm20602.o(.constdata)
    .constdata                               0x08004920   Section       80  asin.o(.constdata)
    pS                                       0x08004920   Data          48  asin.o(.constdata)
    qS                                       0x08004950   Data          32  asin.o(.constdata)
    .constdata                               0x08004970   Section      152  atan.o(.constdata)
    atanhi                                   0x08004970   Data          32  atan.o(.constdata)
    atanlo                                   0x08004990   Data          32  atan.o(.constdata)
    aTodd                                    0x080049b0   Data          40  atan.o(.constdata)
    aTeven                                   0x080049d8   Data          48  atan.o(.constdata)
    .constdata                               0x08004a08   Section        8  qnan.o(.constdata)
    .data                                    0x20000000   Section       16  stm32f4xx_rcc.o(.data)
    APBAHBPrescTable                         0x20000000   Data          16  stm32f4xx_rcc.o(.data)
    .data                                    0x20000010   Section       20  ahrs.o(.data)
    .data                                    0x20000024   Section       84  monitor.o(.data)
    .data                                    0x20000078   Section        3  ms5611.o(.data)
    .data                                    0x2000007c   Section        4  errno.o(.data)
    _errno                                   0x2000007c   Data           4  errno.o(.data)
    .bss                                     0x20000080   Section       88  i2c.o(.bss)
    .bss                                     0x200000d8   Section       20  can.o(.bss)
    .bss                                     0x200000ec   Section       50  usart.o(.bss)
    .bss                                     0x2000011e   Section       16  ms5611.o(.bss)
    .bss                                     0x20000130   Section      169  main.o(.bss)
    STACK                                    0x200001e0   Section     1024  startup_stm32f40xx.o(STACK)

    Global Symbols

    Symbol Name                              Value     Ov Type        Size  Object(Section)

    BuildAttributes$$THM_ISAv4$E$P$D$K$B$S$7EM$VFPi3$EXTD16$VFPS$VFMA$PE$A:L22UL41UL21$X:L11$S22US41US21$IEEE1$IW$USESV6$~STKCKD$USESV7$~SHL$OTIME$ROPI$IEEEX$EBA8$MICROLIB$REQ8$PRES8$EABIv2 0x00000000   Number         0  anon$$obj.o ABSOLUTE
    __ARM_use_no_argv                        0x00000000   Number         0  main.o ABSOLUTE
    __cpp_initialize__aeabi_                  - Undefined Weak Reference
    __cxa_finalize                            - Undefined Weak Reference
    __decompress                              - Undefined Weak Reference
    _clock_init                               - Undefined Weak Reference
    _microlib_exit                            - Undefined Weak Reference
    __Vectors_Size                           0x00000188   Number         0  startup_stm32f40xx.o ABSOLUTE
    __Vectors                                0x08000000   Data           4  startup_stm32f40xx.o(RESET)
    __Vectors_End                            0x08000188   Data           0  startup_stm32f40xx.o(RESET)
    __main                                   0x08000189   Thumb Code     0  entry.o(.ARM.Collect$$$$00000000)
    _main_stk                                0x08000189   Thumb Code     0  entry2.o(.ARM.Collect$$$$00000001)
    _main_scatterload                        0x0800018d   Thumb Code     0  entry5.o(.ARM.Collect$$$$00000004)
    __main_after_scatterload                 0x08000191   Thumb Code     0  entry5.o(.ARM.Collect$$$$00000004)
    _main_clock                              0x08000191   Thumb Code     0  entry7b.o(.ARM.Collect$$$$00000008)
    _main_cpp_init                           0x08000191   Thumb Code     0  entry8b.o(.ARM.Collect$$$$0000000A)
    _main_init                               0x08000191   Thumb Code     0  entry9a.o(.ARM.Collect$$$$0000000B)
    __rt_final_cpp                           0x08000199   Thumb Code     0  entry10a.o(.ARM.Collect$$$$0000000D)
    __rt_final_exit                          0x08000199   Thumb Code     0  entry11a.o(.ARM.Collect$$$$0000000F)
    Reset_Handler                            0x0800019d   Thumb Code     8  startup_stm32f40xx.o(.text)
    ADC_IRQHandler                           0x080001b7   Thumb Code     0  startup_stm32f40xx.o(.text)
    CAN1_RX1_IRQHandler                      0x080001b7   Thumb Code     0  startup_stm32f40xx.o(.text)
    CAN1_SCE_IRQHandler                      0x080001b7   Thumb Code     0  startup_stm32f40xx.o(.text)
    CAN1_TX_IRQHandler                       0x080001b7   Thumb Code     0  startup_stm32f40xx.o(.text)
    CAN2_RX1_IRQHandler                      0x080001b7   Thumb Code     0  startup_stm32f40xx.o(.text)
    CAN2_SCE_IRQHandler                      0x080001b7   Thumb Code     0  startup_stm32f40xx.o(.text)
    CAN2_TX_IRQHandler                       0x080001b7   Thumb Code     0  startup_stm32f40xx.o(.text)
    CRYP_IRQHandler                          0x080001b7   Thumb Code     0  startup_stm32f40xx.o(.text)
    DCMI_IRQHandler                          0x080001b7   Thumb Code     0  startup_stm32f40xx.o(.text)
    DMA1_Stream0_IRQHandler                  0x080001b7   Thumb Code     0  startup_stm32f40xx.o(.text)
    DMA1_Stream1_IRQHandler                  0x080001b7   Thumb Code     0  startup_stm32f40xx.o(.text)
    DMA1_Stream2_IRQHandler                  0x080001b7   Thumb Code     0  startup_stm32f40xx.o(.text)
    DMA1_Stream3_IRQHandler                  0x080001b7   Thumb Code     0  startup_stm32f40xx.o(.text)
    DMA1_Stream4_IRQHandler                  0x080001b7   Thumb Code     0  startup_stm32f40xx.o(.text)
    DMA1_Stream5_IRQHandler                  0x080001b7   Thumb Code     0  startup_stm32f40xx.o(.text)
    DMA1_Stream6_IRQHandler                  0x080001b7   Thumb Code     0  startup_stm32f40xx.o(.text)
    DMA1_Stream7_IRQHandler                  0x080001b7   Thumb Code     0  startup_stm32f40xx.o(.text)
    DMA2_Stream0_IRQHandler                  0x080001b7   Thumb Code     0  startup_stm32f40xx.o(.text)
    DMA2_Stream1_IRQHandler                  0x080001b7   Thumb Code     0  startup_stm32f40xx.o(.text)
    DMA2_Stream2_IRQHandler                  0x080001b7   Thumb Code     0  startup_stm32f40xx.o(.text)
    DMA2_Stream3_IRQHandler                  0x080001b7   Thumb Code     0  startup_stm32f40xx.o(.text)
    DMA2_Stream4_IRQHandler                  0x080001b7   Thumb Code     0  startup_stm32f40xx.o(.text)
    DMA2_Stream5_IRQHandler                  0x080001b7   Thumb Code     0  startup_stm32f40xx.o(.text)
    DMA2_Stream6_IRQHandler                  0x080001b7   Thumb Code     0  startup_stm32f40xx.o(.text)
    DMA2_Stream7_IRQHandler                  0x080001b7   Thumb Code     0  startup_stm32f40xx.o(.text)
    ETH_IRQHandler                           0x080001b7   Thumb Code     0  startup_stm32f40xx.o(.text)
    ETH_WKUP_IRQHandler                      0x080001b7   Thumb Code     0  startup_stm32f40xx.o(.text)
    EXTI0_IRQHandler                         0x080001b7   Thumb Code     0  startup_stm32f40xx.o(.text)
    EXTI15_10_IRQHandler                     0x080001b7   Thumb Code     0  startup_stm32f40xx.o(.text)
    EXTI1_IRQHandler                         0x080001b7   Thumb Code     0  startup_stm32f40xx.o(.text)
    EXTI2_IRQHandler                         0x080001b7   Thumb Code     0  startup_stm32f40xx.o(.text)
    EXTI4_IRQHandler                         0x080001b7   Thumb Code     0  startup_stm32f40xx.o(.text)
    EXTI9_5_IRQHandler                       0x080001b7   Thumb Code     0  startup_stm32f40xx.o(.text)
    FLASH_IRQHandler                         0x080001b7   Thumb Code     0  startup_stm32f40xx.o(.text)
    FPU_IRQHandler                           0x080001b7   Thumb Code     0  startup_stm32f40xx.o(.text)
    FSMC_IRQHandler                          0x080001b7   Thumb Code     0  startup_stm32f40xx.o(.text)
    HASH_RNG_IRQHandler                      0x080001b7   Thumb Code     0  startup_stm32f40xx.o(.text)
    I2C1_ER_IRQHandler                       0x080001b7   Thumb Code     0  startup_stm32f40xx.o(.text)
    I2C1_EV_IRQHandler                       0x080001b7   Thumb Code     0  startup_stm32f40xx.o(.text)
    I2C2_ER_IRQHandler                       0x080001b7   Thumb Code     0  startup_stm32f40xx.o(.text)
    I2C2_EV_IRQHandler                       0x080001b7   Thumb Code     0  startup_stm32f40xx.o(.text)
    I2C3_ER_IRQHandler                       0x080001b7   Thumb Code     0  startup_stm32f40xx.o(.text)
    I2C3_EV_IRQHandler                       0x080001b7   Thumb Code     0  startup_stm32f40xx.o(.text)
    OTG_FS_IRQHandler                        0x080001b7   Thumb Code     0  startup_stm32f40xx.o(.text)
    OTG_FS_WKUP_IRQHandler                   0x080001b7   Thumb Code     0  startup_stm32f40xx.o(.text)
    OTG_HS_EP1_IN_IRQHandler                 0x080001b7   Thumb Code     0  startup_stm32f40xx.o(.text)
    OTG_HS_EP1_OUT_IRQHandler                0x080001b7   Thumb Code     0  startup_stm32f40xx.o(.text)
    OTG_HS_IRQHandler                        0x080001b7   Thumb Code     0  startup_stm32f40xx.o(.text)
    OTG_HS_WKUP_IRQHandler                   0x080001b7   Thumb Code     0  startup_stm32f40xx.o(.text)
    PVD_IRQHandler                           0x080001b7   Thumb Code     0  startup_stm32f40xx.o(.text)
    RCC_IRQHandler                           0x080001b7   Thumb Code     0  startup_stm32f40xx.o(.text)
    RTC_Alarm_IRQHandler                     0x080001b7   Thumb Code     0  startup_stm32f40xx.o(.text)
    RTC_WKUP_IRQHandler                      0x080001b7   Thumb Code     0  startup_stm32f40xx.o(.text)
    SDIO_IRQHandler                          0x080001b7   Thumb Code     0  startup_stm32f40xx.o(.text)
    SPI1_IRQHandler                          0x080001b7   Thumb Code     0  startup_stm32f40xx.o(.text)
    SPI2_IRQHandler                          0x080001b7   Thumb Code     0  startup_stm32f40xx.o(.text)
    SPI3_IRQHandler                          0x080001b7   Thumb Code     0  startup_stm32f40xx.o(.text)
    TAMP_STAMP_IRQHandler                    0x080001b7   Thumb Code     0  startup_stm32f40xx.o(.text)
    TIM1_BRK_TIM9_IRQHandler                 0x080001b7   Thumb Code     0  startup_stm32f40xx.o(.text)
    TIM1_CC_IRQHandler                       0x080001b7   Thumb Code     0  startup_stm32f40xx.o(.text)
    TIM1_TRG_COM_TIM11_IRQHandler            0x080001b7   Thumb Code     0  startup_stm32f40xx.o(.text)
    TIM1_UP_TIM10_IRQHandler                 0x080001b7   Thumb Code     0  startup_stm32f40xx.o(.text)
    TIM2_IRQHandler                          0x080001b7   Thumb Code     0  startup_stm32f40xx.o(.text)
    TIM3_IRQHandler                          0x080001b7   Thumb Code     0  startup_stm32f40xx.o(.text)
    TIM4_IRQHandler                          0x080001b7   Thumb Code     0  startup_stm32f40xx.o(.text)
    TIM5_IRQHandler                          0x080001b7   Thumb Code     0  startup_stm32f40xx.o(.text)
    TIM7_IRQHandler                          0x080001b7   Thumb Code     0  startup_stm32f40xx.o(.text)
    TIM8_BRK_TIM12_IRQHandler                0x080001b7   Thumb Code     0  startup_stm32f40xx.o(.text)
    TIM8_CC_IRQHandler                       0x080001b7   Thumb Code     0  startup_stm32f40xx.o(.text)
    TIM8_TRG_COM_TIM14_IRQHandler            0x080001b7   Thumb Code     0  startup_stm32f40xx.o(.text)
    TIM8_UP_TIM13_IRQHandler                 0x080001b7   Thumb Code     0  startup_stm32f40xx.o(.text)
    UART4_IRQHandler                         0x080001b7   Thumb Code     0  startup_stm32f40xx.o(.text)
    UART5_IRQHandler                         0x080001b7   Thumb Code     0  startup_stm32f40xx.o(.text)
    USART2_IRQHandler                        0x080001b7   Thumb Code     0  startup_stm32f40xx.o(.text)
    USART6_IRQHandler                        0x080001b7   Thumb Code     0  startup_stm32f40xx.o(.text)
    WWDG_IRQHandler                          0x080001b7   Thumb Code     0  startup_stm32f40xx.o(.text)
    __aeabi_memcpy                           0x080001c1   Thumb Code    36  memcpya.o(.text)
    __aeabi_memcpy4                          0x080001c1   Thumb Code     0  memcpya.o(.text)
    __aeabi_memcpy8                          0x080001c1   Thumb Code     0  memcpya.o(.text)
    __aeabi_dmul                             0x080001e5   Thumb Code   228  dmul.o(.text)
    __aeabi_ddiv                             0x080002c9   Thumb Code   222  ddiv.o(.text)
    __aeabi_f2d                              0x080003a7   Thumb Code    38  f2d.o(.text)
    __aeabi_d2f                              0x080003cd   Thumb Code    56  d2f.o(.text)
    __I$use$fp                               0x08000405   Thumb Code     0  iusefp.o(.text)
    _float_round                             0x08000405   Thumb Code    18  fepilogue.o(.text)
    _float_epilogue                          0x08000417   Thumb Code    92  fepilogue.o(.text)
    _double_round                            0x08000473   Thumb Code    30  depilogue.o(.text)
    _double_epilogue                         0x08000491   Thumb Code   156  depilogue.o(.text)
    __aeabi_dadd                             0x0800052d   Thumb Code   322  dadd.o(.text)
    __aeabi_dsub                             0x0800066f   Thumb Code     6  dadd.o(.text)
    __aeabi_drsub                            0x08000675   Thumb Code     6  dadd.o(.text)
    _dsqrt                                   0x0800067b   Thumb Code   162  dsqrt.o(.text)
    __scatterload                            0x0800071d   Thumb Code    28  init.o(.text)
    __scatterload_rt2                        0x0800071d   Thumb Code     0  init.o(.text)
    __aeabi_llsl                             0x08000741   Thumb Code    30  llshl.o(.text)
    _ll_shift_l                              0x08000741   Thumb Code     0  llshl.o(.text)
    __aeabi_llsr                             0x0800075f   Thumb Code    32  llushr.o(.text)
    _ll_ushift_r                             0x0800075f   Thumb Code     0  llushr.o(.text)
    __aeabi_lasr                             0x0800077f   Thumb Code    36  llsshr.o(.text)
    _ll_sshift_r                             0x0800077f   Thumb Code     0  llsshr.o(.text)
    AHRS_Init                                0x080007a5   Thumb Code    96  ahrs.o(i.AHRS_Init)
    Bsp_DMA_Init                             0x08000815   Thumb Code   174  dma.o(i.Bsp_DMA_Init)
    Bsp_GPIO_Init                            0x080008d5   Thumb Code   426  gpio.o(i.Bsp_GPIO_Init)
    Bsp_NVIC_Init                            0x08000a8d   Thumb Code    72  nvic.o(i.Bsp_NVIC_Init)
    Bsp_Spi_Init                             0x08000ad5   Thumb Code    92  spi.o(i.Bsp_Spi_Init)
    Bsp_Tim_Init                             0x08000b35   Thumb Code    96  tim.o(i.Bsp_Tim_Init)
    Bsp_Usart_Init                           0x08000b99   Thumb Code   160  usart.o(i.Bsp_Usart_Init)
    BusFault_Handler                         0x08000c41   Thumb Code     4  stm32f4xx_it.o(i.BusFault_Handler)
    CAN1_RX0_IRQHandler                      0x08000c45   Thumb Code    32  can.o(i.CAN1_RX0_IRQHandler)
    CAN2_RX0_IRQHandler                      0x08000c6d   Thumb Code    32  can.o(i.CAN2_RX0_IRQHandler)
    CAN_ClearITPendingBit                    0x08000c95   Thumb Code   162  stm32f4xx_can.o(i.CAN_ClearITPendingBit)
    CAN_GetITStatus                          0x08000d3d   Thumb Code   284  stm32f4xx_can.o(i.CAN_GetITStatus)
    CAN_Receive                              0x08000e5d   Thumb Code   240  stm32f4xx_can.o(i.CAN_Receive)
    DMA_ClearFlag                            0x08000f61   Thumb Code    38  stm32f4xx_dma.o(i.DMA_ClearFlag)
    DMA_Cmd                                  0x08000f95   Thumb Code    22  stm32f4xx_dma.o(i.DMA_Cmd)
    DMA_DeInit                               0x08000fad   Thumb Code   324  stm32f4xx_dma.o(i.DMA_DeInit)
    DMA_GetCmdStatus                         0x08001105   Thumb Code    20  stm32f4xx_dma.o(i.DMA_GetCmdStatus)
    DMA_Init                                 0x08001119   Thumb Code    82  stm32f4xx_dma.o(i.DMA_Init)
    DMA_SetCurrDataCounter                   0x08001171   Thumb Code     4  stm32f4xx_dma.o(i.DMA_SetCurrDataCounter)
    DMA_StructInit                           0x08001175   Thumb Code    34  stm32f4xx_dma.o(i.DMA_StructInit)
    DebugMon_Handler                         0x08001197   Thumb Code     2  stm32f4xx_it.o(i.DebugMon_Handler)
    EXTI3_IRQHandler                         0x08001199   Thumb Code    28  icm20602int.o(i.EXTI3_IRQHandler)
    EXTI_ClearFlag                           0x080011b5   Thumb Code     6  stm32f4xx_exti.o(i.EXTI_ClearFlag)
    EXTI_ClearITPendingBit                   0x080011c1   Thumb Code     6  stm32f4xx_exti.o(i.EXTI_ClearITPendingBit)
    EXTI_GetITStatus                         0x080011cd   Thumb Code    20  stm32f4xx_exti.o(i.EXTI_GetITStatus)
    EXTI_Init                                0x080011e5   Thumb Code   142  stm32f4xx_exti.o(i.EXTI_Init)
    GPIO_Init                                0x08001279   Thumb Code   144  stm32f4xx_gpio.o(i.GPIO_Init)
    GPIO_PinAFConfig                         0x08001309   Thumb Code    70  stm32f4xx_gpio.o(i.GPIO_PinAFConfig)
    GPIO_ReadInputDataBit                    0x0800134f   Thumb Code    18  stm32f4xx_gpio.o(i.GPIO_ReadInputDataBit)
    GPIO_ResetBits                           0x08001361   Thumb Code     4  stm32f4xx_gpio.o(i.GPIO_ResetBits)
    GPIO_SetBits                             0x08001365   Thumb Code     4  stm32f4xx_gpio.o(i.GPIO_SetBits)
    GPIO_StructInit                          0x08001369   Thumb Code    18  stm32f4xx_gpio.o(i.GPIO_StructInit)
    Get_Time_Micros                          0x0800137b   Thumb Code     8  tim.o(i.Get_Time_Micros)
    HardFault_Handler                        0x08001383   Thumb Code     4  stm32f4xx_it.o(i.HardFault_Handler)
    ICM20602_Update                          0x08001389   Thumb Code    60  imu.o(i.ICM20602_Update)
    IIC_Ack                                  0x080013c9   Thumb Code    56  i2c.o(i.IIC_Ack)
    IIC_NAck                                 0x08001401   Thumb Code    56  i2c.o(i.IIC_NAck)
    IIC_Read                                 0x08001439   Thumb Code   146  i2c.o(i.IIC_Read)
    IIC_ReadByte                             0x080014cb   Thumb Code   112  i2c.o(i.IIC_ReadByte)
    IIC_Read_Byte                            0x0800153b   Thumb Code   108  i2c.o(i.IIC_Read_Byte)
    IIC_SCL                                  0x080015a7   Thumb Code    40  i2c.o(i.IIC_SCL)
    IIC_SDA                                  0x080015cf   Thumb Code    40  i2c.o(i.IIC_SDA)
    IIC_Send_Byte                            0x080015f7   Thumb Code    96  i2c.o(i.IIC_Send_Byte)
    IIC_Start                                0x08001657   Thumb Code    70  i2c.o(i.IIC_Start)
    IIC_Stop                                 0x0800169d   Thumb Code    56  i2c.o(i.IIC_Stop)
    IIC_Wait_Ack                             0x080016d5   Thumb Code    82  i2c.o(i.IIC_Wait_Ack)
    IIC_Write                                0x08001727   Thumb Code   106  i2c.o(i.IIC_Write)
    IIC_WriteByte                            0x08001791   Thumb Code    94  i2c.o(i.IIC_WriteByte)
    IMU_Filter                               0x080017ef   Thumb Code   146  icm20602.o(i.IMU_Filter)
    IST8310_GetStatus                        0x08001881   Thumb Code     8  ist8310.o(i.IST8310_GetStatus)
    IST8310_SetStatus                        0x0800188d   Thumb Code     8  ist8310.o(i.IST8310_SetStatus)
    Icm20602IntInit                          0x08001899   Thumb Code    48  icm20602int.o(i.Icm20602IntInit)
    Icm20602_Calc                            0x080018c9   Thumb Code   244  icm20602.o(i.Icm20602_Calc)
    Icm20602_DataLimit                       0x080019bd   Thumb Code    72  icm20602.o(i.Icm20602_DataLimit)
    Icm20602_GetData                         0x08001a05   Thumb Code   124  icm20602.o(i.Icm20602_GetData)
    Icm20602_GetDataStatus                   0x08001a81   Thumb Code     6  icm20602.o(i.Icm20602_GetDataStatus)
    Icm20602_GetIntData                      0x08001a8d   Thumb Code    20  icm20602.o(i.Icm20602_GetIntData)
    Icm20602_GetRegisterData                 0x08001aa1   Thumb Code    16  icm20602.o(i.Icm20602_GetRegisterData)
    Icm20602_ReadByte                        0x08001ab1   Thumb Code    42  icm20602dri.o(i.Icm20602_ReadByte)
    Icm20602_ReadBytes                       0x08001ae1   Thumb Code    62  icm20602dri.o(i.Icm20602_ReadBytes)
    Icm20602_SetDataStatus                   0x08001b25   Thumb Code    18  icm20602.o(i.Icm20602_SetDataStatus)
    Icm20602_WriteByte                       0x08001b3d   Thumb Code    44  icm20602dri.o(i.Icm20602_WriteByte)
    Icm20602_init                            0x08001b6d   Thumb Code    98  icm20602.o(i.Icm20602_init)
    MemManage_Handler                        0x08001bd9   Thumb Code     4  stm32f4xx_it.o(i.MemManage_Handler)
    Monitor_Calc                             0x08001bdd   Thumb Code    10  monitor.o(i.Monitor_Calc)
    Monitor_Init                             0x08001be9   Thumb Code    52  monitor.o(i.Monitor_Init)
    Monitor_Reset                            0x08001c29   Thumb Code    12  monitor.o(i.Monitor_Reset)
    Monitor_Set                              0x08001c39   Thumb Code    10  monitor.o(i.Monitor_Set)
    Monitor_Update                           0x08001c45   Thumb Code    28  monitor.o(i.Monitor_Update)
    Ms5611_Init                              0x08001c65   Thumb Code    58  ms5611.o(i.Ms5611_Init)
    Ms5611_PromRead                          0x08001cb9   Thumb Code    78  ms5611.o(i.Ms5611_PromRead)
    Ms5611_Read                              0x08001d0d   Thumb Code    26  ms5611.o(i.Ms5611_Read)
    Ms5611_ReadD                             0x08001d2d   Thumb Code   132  ms5611.o(i.Ms5611_ReadD)
    Ms5611_Reset                             0x08001db5   Thumb Code    12  ms5611.o(i.Ms5611_Reset)
    Ms5611_WriteByte                         0x08001dc1   Thumb Code    18  ms5611.o(i.Ms5611_WriteByte)
    NMI_Handler                              0x08001dd9   Thumb Code     2  stm32f4xx_it.o(i.NMI_Handler)
    NVIC_Init                                0x08001ddd   Thumb Code   106  misc.o(i.NVIC_Init)
    NVIC_PriorityGroupConfig                 0x08001e55   Thumb Code    10  misc.o(i.NVIC_PriorityGroupConfig)
    PendSV_Handler                           0x08001e69   Thumb Code     2  stm32f4xx_it.o(i.PendSV_Handler)
    RCC_AHB1PeriphClockCmd                   0x08001e6d   Thumb Code    26  stm32f4xx_rcc.o(i.RCC_AHB1PeriphClockCmd)
    RCC_APB1PeriphClockCmd                   0x08001e8d   Thumb Code    26  stm32f4xx_rcc.o(i.RCC_APB1PeriphClockCmd)
    RCC_APB1PeriphResetCmd                   0x08001ead   Thumb Code    26  stm32f4xx_rcc.o(i.RCC_APB1PeriphResetCmd)
    RCC_APB2PeriphClockCmd                   0x08001ecd   Thumb Code    26  stm32f4xx_rcc.o(i.RCC_APB2PeriphClockCmd)
    RCC_APB2PeriphResetCmd                   0x08001eed   Thumb Code    26  stm32f4xx_rcc.o(i.RCC_APB2PeriphResetCmd)
    RCC_GetClocksFreq                        0x08001f0d   Thumb Code   214  stm32f4xx_rcc.o(i.RCC_GetClocksFreq)
    READ_SDA                                 0x08001ff5   Thumb Code    16  i2c.o(i.READ_SDA)
    SDA_IN                                   0x08002005   Thumb Code    22  i2c.o(i.SDA_IN)
    SDA_OUT                                  0x0800201b   Thumb Code    30  i2c.o(i.SDA_OUT)
    SPI_Cmd                                  0x08002039   Thumb Code    24  stm32f4xx_spi.o(i.SPI_Cmd)
    SPI_I2S_DeInit                           0x08002051   Thumb Code   152  stm32f4xx_spi.o(i.SPI_I2S_DeInit)
    SPI_I2S_GetFlagStatus                    0x08002101   Thumb Code    18  stm32f4xx_spi.o(i.SPI_I2S_GetFlagStatus)
    SPI_I2S_ReceiveData                      0x08002113   Thumb Code     6  stm32f4xx_spi.o(i.SPI_I2S_ReceiveData)
    SPI_I2S_SendData                         0x08002119   Thumb Code     4  stm32f4xx_spi.o(i.SPI_I2S_SendData)
    SPI_Init                                 0x0800211d   Thumb Code    60  stm32f4xx_spi.o(i.SPI_Init)
    SPI_WriteReadByte                        0x08002159   Thumb Code    48  spi.o(i.SPI_WriteReadByte)
    SVC_Handler                              0x0800218d   Thumb Code     2  stm32f4xx_it.o(i.SVC_Handler)
    SYSCFG_EXTILineConfig                    0x08002191   Thumb Code    60  stm32f4xx_syscfg.o(i.SYSCFG_EXTILineConfig)
    SysTick_Handler                          0x080022bd   Thumb Code     2  stm32f4xx_it.o(i.SysTick_Handler)
    SystemInit                               0x080022c1   Thumb Code    88  system_stm32f4xx.o(i.SystemInit)
    TIM6_DAC_IRQHandler                      0x08002329   Thumb Code    34  tim.o(i.TIM6_DAC_IRQHandler)
    TIM_ARRPreloadConfig                     0x08002351   Thumb Code    24  stm32f4xx_tim.o(i.TIM_ARRPreloadConfig)
    TIM_ClearFlag                            0x08002369   Thumb Code     6  stm32f4xx_tim.o(i.TIM_ClearFlag)
    TIM_ClearITPendingBit                    0x0800236f   Thumb Code     6  stm32f4xx_tim.o(i.TIM_ClearITPendingBit)
    TIM_Cmd                                  0x08002375   Thumb Code    24  stm32f4xx_tim.o(i.TIM_Cmd)
    TIM_GetITStatus                          0x0800238d   Thumb Code    34  stm32f4xx_tim.o(i.TIM_GetITStatus)
    TIM_ITConfig                             0x080023af   Thumb Code    18  stm32f4xx_tim.o(i.TIM_ITConfig)
    TIM_TimeBaseInit                         0x080023c1   Thumb Code   104  stm32f4xx_tim.o(i.TIM_TimeBaseInit)
    TIM_TimeBaseStructInit                   0x08002445   Thumb Code    18  stm32f4xx_tim.o(i.TIM_TimeBaseStructInit)
    USART1_IRQHandler                        0x08002459   Thumb Code    34  usart.o(i.USART1_IRQHandler)
    USART3_IRQHandler                        0x08002481   Thumb Code    34  usart.o(i.USART3_IRQHandler)
    USART_ClearITPendingBit                  0x080024a9   Thumb Code    30  stm32f4xx_usart.o(i.USART_ClearITPendingBit)
    USART_Cmd                                0x080024c7   Thumb Code    24  stm32f4xx_usart.o(i.USART_Cmd)
    USART_DMACmd                             0x080024df   Thumb Code    18  stm32f4xx_usart.o(i.USART_DMACmd)
    USART_DeInit                             0x080024f1   Thumb Code   206  stm32f4xx_usart.o(i.USART_DeInit)
    USART_GetITStatus                        0x080025e1   Thumb Code    84  stm32f4xx_usart.o(i.USART_GetITStatus)
    USART_Init                               0x08002635   Thumb Code   204  stm32f4xx_usart.o(i.USART_Init)
    USART_ReceiveData                        0x08002709   Thumb Code    10  stm32f4xx_usart.o(i.USART_ReceiveData)
    USART_StructInit                         0x08002713   Thumb Code    24  stm32f4xx_usart.o(i.USART_StructInit)
    UsageFault_Handler                       0x0800272b   Thumb Code     4  stm32f4xx_it.o(i.UsageFault_Handler)
    Usart_Send_Angle                         0x08002731   Thumb Code   260  usart.o(i.Usart_Send_Angle)
    Usart_Send_Senser                        0x08002845   Thumb Code   398  usart.o(i.Usart_Send_Senser)
    Usart_Send_Status                        0x080029e1   Thumb Code   362  usart.o(i.Usart_Send_Status)
    _6AxisAHRSupdate                         0x08002b5d   Thumb Code  1586  ahrs.o(i._6AxisAHRSupdate)
    _9AxisAHRSupdate                         0x08003191   Thumb Code  2258  ahrs.o(i._9AxisAHRSupdate)
    __ARM_fpclassify                         0x08003a81   Thumb Code    48  fpclassify.o(i.__ARM_fpclassify)
    __hardfp_asin                            0x08003ab1   Thumb Code   770  asin.o(i.__hardfp_asin)
    __hardfp_atan                            0x08003e11   Thumb Code   622  atan.o(i.__hardfp_atan)
    __hardfp_atan2                           0x080040e9   Thumb Code   432  atan2.o(i.__hardfp_atan2)
    __hardfp_sqrt                            0x080042d9   Thumb Code   122  sqrt.o(i.__hardfp_sqrt)
    __kernel_poly                            0x08004353   Thumb Code   248  poly.o(i.__kernel_poly)
    __mathlib_dbl_infnan                     0x0800444b   Thumb Code    20  dunder.o(i.__mathlib_dbl_infnan)
    __mathlib_dbl_infnan2                    0x0800445f   Thumb Code    20  dunder.o(i.__mathlib_dbl_infnan2)
    __mathlib_dbl_invalid                    0x08004479   Thumb Code    24  dunder.o(i.__mathlib_dbl_invalid)
    __mathlib_dbl_underflow                  0x08004499   Thumb Code    24  dunder.o(i.__mathlib_dbl_underflow)
    __scatterload_copy                       0x080044b9   Thumb Code    14  handlers.o(i.__scatterload_copy)
    __scatterload_null                       0x080044c7   Thumb Code     2  handlers.o(i.__scatterload_null)
    __scatterload_zeroinit                   0x080044c9   Thumb Code    14  handlers.o(i.__scatterload_zeroinit)
    __set_errno                              0x080044d9   Thumb Code     6  errno.o(i.__set_errno)
    atan                                     0x080044e5   Thumb Code    16  atan.o(i.atan)
    controlLoop                              0x080044f5   Thumb Code   424  control.o(i.controlLoop)
    delay_ms                                 0x080046ad   Thumb Code    28  delay.o(i.delay_ms)
    delay_us                                 0x080046c9   Thumb Code    26  delay.o(i.delay_us)
    fabs                                     0x080046e3   Thumb Code    24  fabs.o(i.fabs)
    invSqrt                                  0x080046fd   Thumb Code    56  ahrs.o(i.invSqrt)
    main                                     0x08004739   Thumb Code    70  main.o(i.main)
    sqrt                                     0x08004785   Thumb Code   110  sqrt.o(i.sqrt)
    sysEnable                                0x080047f5   Thumb Code    30  tim.o(i.sysEnable)
    system_init                              0x08004819   Thumb Code    66  main.o(i.system_init)
    usart1_dma_upgrade                       0x08004861   Thumb Code    80  usart.o(i.usart1_dma_upgrade)
    usart3_dma_upgrade                       0x080048b5   Thumb Code    78  usart.o(i.usart3_dma_upgrade)
    __mathlib_zero                           0x08004a08   Data           8  qnan.o(.constdata)
    Region$$Table$$Base                      0x08004a10   Number         0  anon$$obj.o(Region$$Table)
    Region$$Table$$Limit                     0x08004a30   Number         0  anon$$obj.o(Region$$Table)
    lastUpdate                               0x20000010   Data           4  ahrs.o(.data)
    now                                      0x20000014   Data           4  ahrs.o(.data)
    exInt                                    0x20000018   Data           4  ahrs.o(.data)
    eyInt                                    0x2000001c   Data           4  ahrs.o(.data)
    ezInt                                    0x20000020   Data           4  ahrs.o(.data)
    FT                                       0x20000024   Data           4  monitor.o(.data)
    System_Monitor                           0x20000028   Data          16  monitor.o(.data)
    CanP_Monitor                             0x20000038   Data          16  monitor.o(.data)
    CanY_Monitor                             0x20000048   Data          16  monitor.o(.data)
    CanG_Monitor                             0x20000058   Data          16  monitor.o(.data)
    Imu_Int_Monitor                          0x20000068   Data          16  monitor.o(.data)
    ms5611Registerdata                       0x20000078   Data           3  ms5611.o(.data)
    ist8310IIC                               0x20000080   Data          44  i2c.o(.bss)
    ms5611IIC                                0x200000ac   Data          44  i2c.o(.bss)
    receivemessage                           0x200000d8   Data          20  can.o(.bss)
    data_to_send                             0x200000ec   Data          50  usart.o(.bss)
    calcbuffer                               0x2000011e   Data          16  ms5611.o(.bss)
    cmd                                      0x20000130   Data         152  main.o(.bss)
    saychar                                  0x200001c8   Data          17  main.o(.bss)
    __initial_sp                             0x200005e0   Data           0  startup_stm32f40xx.o(STACK)



==============================================================================

Memory Map of the image

  Image Entry point : 0x08000189

  Load Region LR_IROM1 (Base: 0x08000000, Size: 0x00004ab0, Max: 0x00100000, ABSOLUTE)

    Execution Region ER_IROM1 (Exec base: 0x08000000, Load base: 0x08000000, Size: 0x00004a30, Max: 0x00100000, ABSOLUTE)

    Exec Addr    Load Addr    Size         Type   Attr      Idx    E Section Name        Object

    0x08000000   0x08000000   0x00000188   Data   RO         2177    RESET               startup_stm32f40xx.o
    0x08000188   0x08000188   0x00000000   Code   RO         3304  * .ARM.Collect$$$$00000000  mc_w.l(entry.o)
    0x08000188   0x08000188   0x00000004   Code   RO         3360    .ARM.Collect$$$$00000001  mc_w.l(entry2.o)
    0x0800018c   0x0800018c   0x00000004   Code   RO         3363    .ARM.Collect$$$$00000004  mc_w.l(entry5.o)
    0x08000190   0x08000190   0x00000000   Code   RO         3365    .ARM.Collect$$$$00000008  mc_w.l(entry7b.o)
    0x08000190   0x08000190   0x00000000   Code   RO         3367    .ARM.Collect$$$$0000000A  mc_w.l(entry8b.o)
    0x08000190   0x08000190   0x00000008   Code   RO         3368    .ARM.Collect$$$$0000000B  mc_w.l(entry9a.o)
    0x08000198   0x08000198   0x00000000   Code   RO         3370    .ARM.Collect$$$$0000000D  mc_w.l(entry10a.o)
    0x08000198   0x08000198   0x00000000   Code   RO         3372    .ARM.Collect$$$$0000000F  mc_w.l(entry11a.o)
    0x08000198   0x08000198   0x00000004   Code   RO         3361    .ARM.Collect$$$$00002712  mc_w.l(entry2.o)
    0x0800019c   0x0800019c   0x00000024   Code   RO         2178    .text               startup_stm32f40xx.o
    0x080001c0   0x080001c0   0x00000024   Code   RO         3307    .text               mc_w.l(memcpya.o)
    0x080001e4   0x080001e4   0x000000e4   Code   RO         3311    .text               mf_w.l(dmul.o)
    0x080002c8   0x080002c8   0x000000de   Code   RO         3313    .text               mf_w.l(ddiv.o)
    0x080003a6   0x080003a6   0x00000026   Code   RO         3317    .text               mf_w.l(f2d.o)
    0x080003cc   0x080003cc   0x00000038   Code   RO         3319    .text               mf_w.l(d2f.o)
    0x08000404   0x08000404   0x00000000   Code   RO         3381    .text               mc_w.l(iusefp.o)
    0x08000404   0x08000404   0x0000006e   Code   RO         3382    .text               mf_w.l(fepilogue.o)
    0x08000472   0x08000472   0x000000ba   Code   RO         3384    .text               mf_w.l(depilogue.o)
    0x0800052c   0x0800052c   0x0000014e   Code   RO         3386    .text               mf_w.l(dadd.o)
    0x0800067a   0x0800067a   0x000000a2   Code   RO         3388    .text               mf_w.l(dsqrt.o)
    0x0800071c   0x0800071c   0x00000024   Code   RO         3392    .text               mc_w.l(init.o)
    0x08000740   0x08000740   0x0000001e   Code   RO         3394    .text               mc_w.l(llshl.o)
    0x0800075e   0x0800075e   0x00000020   Code   RO         3396    .text               mc_w.l(llushr.o)
    0x0800077e   0x0800077e   0x00000024   Code   RO         3398    .text               mc_w.l(llsshr.o)
    0x080007a2   0x080007a2   0x00000002   PAD
    0x080007a4   0x080007a4   0x00000070   Code   RO         2384    i.AHRS_Init         ahrs.o
    0x08000814   0x08000814   0x000000c0   Code   RO         2922    i.Bsp_DMA_Init      dma.o
    0x080008d4   0x080008d4   0x000001b8   Code   RO         2469    i.Bsp_GPIO_Init     gpio.o
    0x08000a8c   0x08000a8c   0x00000048   Code   RO         2623    i.Bsp_NVIC_Init     nvic.o
    0x08000ad4   0x08000ad4   0x00000060   Code   RO         2750    i.Bsp_Spi_Init      spi.o
    0x08000b34   0x08000b34   0x00000064   Code   RO         2708    i.Bsp_Tim_Init      tim.o
    0x08000b98   0x08000b98   0x000000a8   Code   RO         2837    i.Bsp_Usart_Init    usart.o
    0x08000c40   0x08000c40   0x00000004   Code   RO         2185    i.BusFault_Handler  stm32f4xx_it.o
    0x08000c44   0x08000c44   0x00000028   Code   RO         2784    i.CAN1_RX0_IRQHandler  can.o
    0x08000c6c   0x08000c6c   0x00000028   Code   RO         2785    i.CAN2_RX0_IRQHandler  can.o
    0x08000c94   0x08000c94   0x000000a8   Code   RO          161    i.CAN_ClearITPendingBit  stm32f4xx_can.o
    0x08000d3c   0x08000d3c   0x00000120   Code   RO          167    i.CAN_GetITStatus   stm32f4xx_can.o
    0x08000e5c   0x08000e5c   0x000000f0   Code   RO          175    i.CAN_Receive       stm32f4xx_can.o
    0x08000f4c   0x08000f4c   0x00000012   Code   RO          183    i.CheckITStatus     stm32f4xx_can.o
    0x08000f5e   0x08000f5e   0x00000002   PAD
    0x08000f60   0x08000f60   0x00000034   Code   RO         2046    i.DMA_ClearFlag     stm32f4xx_dma.o
    0x08000f94   0x08000f94   0x00000016   Code   RO         2048    i.DMA_Cmd           stm32f4xx_dma.o
    0x08000faa   0x08000faa   0x00000002   PAD
    0x08000fac   0x08000fac   0x00000158   Code   RO         2049    i.DMA_DeInit        stm32f4xx_dma.o
    0x08001104   0x08001104   0x00000014   Code   RO         2053    i.DMA_GetCmdStatus  stm32f4xx_dma.o
    0x08001118   0x08001118   0x00000058   Code   RO         2060    i.DMA_Init          stm32f4xx_dma.o
    0x08001170   0x08001170   0x00000004   Code   RO         2063    i.DMA_SetCurrDataCounter  stm32f4xx_dma.o
    0x08001174   0x08001174   0x00000022   Code   RO         2064    i.DMA_StructInit    stm32f4xx_dma.o
    0x08001196   0x08001196   0x00000002   Code   RO         2186    i.DebugMon_Handler  stm32f4xx_it.o
    0x08001198   0x08001198   0x0000001c   Code   RO         3063    i.EXTI3_IRQHandler  icm20602int.o
    0x080011b4   0x080011b4   0x0000000c   Code   RO          326    i.EXTI_ClearFlag    stm32f4xx_exti.o
    0x080011c0   0x080011c0   0x0000000c   Code   RO          327    i.EXTI_ClearITPendingBit  stm32f4xx_exti.o
    0x080011cc   0x080011cc   0x00000018   Code   RO          331    i.EXTI_GetITStatus  stm32f4xx_exti.o
    0x080011e4   0x080011e4   0x00000094   Code   RO          332    i.EXTI_Init         stm32f4xx_exti.o
    0x08001278   0x08001278   0x00000090   Code   RO          393    i.GPIO_Init         stm32f4xx_gpio.o
    0x08001308   0x08001308   0x00000046   Code   RO          394    i.GPIO_PinAFConfig  stm32f4xx_gpio.o
    0x0800134e   0x0800134e   0x00000012   Code   RO          397    i.GPIO_ReadInputDataBit  stm32f4xx_gpio.o
    0x08001360   0x08001360   0x00000004   Code   RO          400    i.GPIO_ResetBits    stm32f4xx_gpio.o
    0x08001364   0x08001364   0x00000004   Code   RO          401    i.GPIO_SetBits      stm32f4xx_gpio.o
    0x08001368   0x08001368   0x00000012   Code   RO          402    i.GPIO_StructInit   stm32f4xx_gpio.o
    0x0800137a   0x0800137a   0x00000008   Code   RO         2709    i.Get_Time_Micros   tim.o
    0x08001382   0x08001382   0x00000004   Code   RO         2187    i.HardFault_Handler  stm32f4xx_it.o
    0x08001386   0x08001386   0x00000002   PAD
    0x08001388   0x08001388   0x00000040   Code   RO         2301    i.ICM20602_Update   imu.o
    0x080013c8   0x080013c8   0x00000038   Code   RO         2498    i.IIC_Ack           i2c.o
    0x08001400   0x08001400   0x00000038   Code   RO         2499    i.IIC_NAck          i2c.o
    0x08001438   0x08001438   0x00000092   Code   RO         2500    i.IIC_Read          i2c.o
    0x080014ca   0x080014ca   0x00000070   Code   RO         2501    i.IIC_ReadByte      i2c.o
    0x0800153a   0x0800153a   0x0000006c   Code   RO         2502    i.IIC_Read_Byte     i2c.o
    0x080015a6   0x080015a6   0x00000028   Code   RO         2503    i.IIC_SCL           i2c.o
    0x080015ce   0x080015ce   0x00000028   Code   RO         2504    i.IIC_SDA           i2c.o
    0x080015f6   0x080015f6   0x00000060   Code   RO         2505    i.IIC_Send_Byte     i2c.o
    0x08001656   0x08001656   0x00000046   Code   RO         2506    i.IIC_Start         i2c.o
    0x0800169c   0x0800169c   0x00000038   Code   RO         2507    i.IIC_Stop          i2c.o
    0x080016d4   0x080016d4   0x00000052   Code   RO         2508    i.IIC_Wait_Ack      i2c.o
    0x08001726   0x08001726   0x0000006a   Code   RO         2509    i.IIC_Write         i2c.o
    0x08001790   0x08001790   0x0000005e   Code   RO         2510    i.IIC_WriteByte     i2c.o
    0x080017ee   0x080017ee   0x00000092   Code   RO         2951    i.IMU_Filter        icm20602.o
    0x08001880   0x08001880   0x0000000c   Code   RO         3099    i.IST8310_GetStatus  ist8310.o
    0x0800188c   0x0800188c   0x0000000c   Code   RO         3102    i.IST8310_SetStatus  ist8310.o
    0x08001898   0x08001898   0x00000030   Code   RO         3064    i.Icm20602IntInit   icm20602int.o
    0x080018c8   0x080018c8   0x000000f4   Code   RO         2952    i.Icm20602_Calc     icm20602.o
    0x080019bc   0x080019bc   0x00000048   Code   RO         2953    i.Icm20602_DataLimit  icm20602.o
    0x08001a04   0x08001a04   0x0000007c   Code   RO         2954    i.Icm20602_GetData  icm20602.o
    0x08001a80   0x08001a80   0x0000000c   Code   RO         2955    i.Icm20602_GetDataStatus  icm20602.o
    0x08001a8c   0x08001a8c   0x00000014   Code   RO         2956    i.Icm20602_GetIntData  icm20602.o
    0x08001aa0   0x08001aa0   0x00000010   Code   RO         2957    i.Icm20602_GetRegisterData  icm20602.o
    0x08001ab0   0x08001ab0   0x00000030   Code   RO         3027    i.Icm20602_ReadByte  icm20602dri.o
    0x08001ae0   0x08001ae0   0x00000044   Code   RO         3028    i.Icm20602_ReadBytes  icm20602dri.o
    0x08001b24   0x08001b24   0x00000018   Code   RO         2958    i.Icm20602_SetDataStatus  icm20602.o
    0x08001b3c   0x08001b3c   0x00000030   Code   RO         3029    i.Icm20602_WriteByte  icm20602dri.o
    0x08001b6c   0x08001b6c   0x0000006c   Code   RO         2959    i.Icm20602_init     icm20602.o
    0x08001bd8   0x08001bd8   0x00000004   Code   RO         2188    i.MemManage_Handler  stm32f4xx_it.o
    0x08001bdc   0x08001bdc   0x0000000a   Code   RO         2650    i.Monitor_Calc      monitor.o
    0x08001be6   0x08001be6   0x00000002   PAD
    0x08001be8   0x08001be8   0x00000040   Code   RO         2651    i.Monitor_Init      monitor.o
    0x08001c28   0x08001c28   0x00000010   Code   RO         2652    i.Monitor_Reset     monitor.o
    0x08001c38   0x08001c38   0x0000000a   Code   RO         2653    i.Monitor_Set       monitor.o
    0x08001c42   0x08001c42   0x00000002   PAD
    0x08001c44   0x08001c44   0x00000020   Code   RO         2654    i.Monitor_Update    monitor.o
    0x08001c64   0x08001c64   0x00000054   Code   RO         3168    i.Ms5611_Init       ms5611.o
    0x08001cb8   0x08001cb8   0x00000054   Code   RO         3169    i.Ms5611_PromRead   ms5611.o
    0x08001d0c   0x08001d0c   0x00000020   Code   RO         3170    i.Ms5611_Read       ms5611.o
    0x08001d2c   0x08001d2c   0x00000088   Code   RO         3172    i.Ms5611_ReadD      ms5611.o
    0x08001db4   0x08001db4   0x0000000c   Code   RO         3173    i.Ms5611_Reset      ms5611.o
    0x08001dc0   0x08001dc0   0x00000018   Code   RO         3174    i.Ms5611_WriteByte  ms5611.o
    0x08001dd8   0x08001dd8   0x00000002   Code   RO         2189    i.NMI_Handler       stm32f4xx_it.o
    0x08001dda   0x08001dda   0x00000002   PAD
    0x08001ddc   0x08001ddc   0x00000078   Code   RO            4    i.NVIC_Init         misc.o
    0x08001e54   0x08001e54   0x00000014   Code   RO            5    i.NVIC_PriorityGroupConfig  misc.o
    0x08001e68   0x08001e68   0x00000002   Code   RO         2190    i.PendSV_Handler    stm32f4xx_it.o
    0x08001e6a   0x08001e6a   0x00000002   PAD
    0x08001e6c   0x08001e6c   0x00000020   Code   RO          722    i.RCC_AHB1PeriphClockCmd  stm32f4xx_rcc.o
    0x08001e8c   0x08001e8c   0x00000020   Code   RO          731    i.RCC_APB1PeriphClockCmd  stm32f4xx_rcc.o
    0x08001eac   0x08001eac   0x00000020   Code   RO          733    i.RCC_APB1PeriphResetCmd  stm32f4xx_rcc.o
    0x08001ecc   0x08001ecc   0x00000020   Code   RO          734    i.RCC_APB2PeriphClockCmd  stm32f4xx_rcc.o
    0x08001eec   0x08001eec   0x00000020   Code   RO          736    i.RCC_APB2PeriphResetCmd  stm32f4xx_rcc.o
    0x08001f0c   0x08001f0c   0x000000e8   Code   RO          743    i.RCC_GetClocksFreq  stm32f4xx_rcc.o
    0x08001ff4   0x08001ff4   0x00000010   Code   RO         2511    i.READ_SDA          i2c.o
    0x08002004   0x08002004   0x00000016   Code   RO         2512    i.SDA_IN            i2c.o
    0x0800201a   0x0800201a   0x0000001e   Code   RO         2513    i.SDA_OUT           i2c.o
    0x08002038   0x08002038   0x00000018   Code   RO         1066    i.SPI_Cmd           stm32f4xx_spi.o
    0x08002050   0x08002050   0x000000b0   Code   RO         1073    i.SPI_I2S_DeInit    stm32f4xx_spi.o
    0x08002100   0x08002100   0x00000012   Code   RO         1074    i.SPI_I2S_GetFlagStatus  stm32f4xx_spi.o
    0x08002112   0x08002112   0x00000006   Code   RO         1077    i.SPI_I2S_ReceiveData  stm32f4xx_spi.o
    0x08002118   0x08002118   0x00000004   Code   RO         1078    i.SPI_I2S_SendData  stm32f4xx_spi.o
    0x0800211c   0x0800211c   0x0000003c   Code   RO         1079    i.SPI_Init          stm32f4xx_spi.o
    0x08002158   0x08002158   0x00000034   Code   RO         2751    i.SPI_WriteReadByte  spi.o
    0x0800218c   0x0800218c   0x00000002   Code   RO         2191    i.SVC_Handler       stm32f4xx_it.o
    0x0800218e   0x0800218e   0x00000002   PAD
    0x08002190   0x08002190   0x00000040   Code   RO         1231    i.SYSCFG_EXTILineConfig  stm32f4xx_syscfg.o
    0x080021d0   0x080021d0   0x000000ec   Code   RO         2260    i.SetSysClock       system_stm32f4xx.o
    0x080022bc   0x080022bc   0x00000002   Code   RO         2192    i.SysTick_Handler   stm32f4xx_it.o
    0x080022be   0x080022be   0x00000002   PAD
    0x080022c0   0x080022c0   0x00000068   Code   RO         2262    i.SystemInit        system_stm32f4xx.o
    0x08002328   0x08002328   0x00000028   Code   RO         2710    i.TIM6_DAC_IRQHandler  tim.o
    0x08002350   0x08002350   0x00000018   Code   RO         1292    i.TIM_ARRPreloadConfig  stm32f4xx_tim.o
    0x08002368   0x08002368   0x00000006   Code   RO         1298    i.TIM_ClearFlag     stm32f4xx_tim.o
    0x0800236e   0x0800236e   0x00000006   Code   RO         1299    i.TIM_ClearITPendingBit  stm32f4xx_tim.o
    0x08002374   0x08002374   0x00000018   Code   RO         1304    i.TIM_Cmd           stm32f4xx_tim.o
    0x0800238c   0x0800238c   0x00000022   Code   RO         1325    i.TIM_GetITStatus   stm32f4xx_tim.o
    0x080023ae   0x080023ae   0x00000012   Code   RO         1329    i.TIM_ITConfig      stm32f4xx_tim.o
    0x080023c0   0x080023c0   0x00000084   Code   RO         1376    i.TIM_TimeBaseInit  stm32f4xx_tim.o
    0x08002444   0x08002444   0x00000012   Code   RO         1377    i.TIM_TimeBaseStructInit  stm32f4xx_tim.o
    0x08002456   0x08002456   0x00000002   PAD
    0x08002458   0x08002458   0x00000028   Code   RO         2838    i.USART1_IRQHandler  usart.o
    0x08002480   0x08002480   0x00000028   Code   RO         2839    i.USART3_IRQHandler  usart.o
    0x080024a8   0x080024a8   0x0000001e   Code   RO         1855    i.USART_ClearITPendingBit  stm32f4xx_usart.o
    0x080024c6   0x080024c6   0x00000018   Code   RO         1858    i.USART_Cmd         stm32f4xx_usart.o
    0x080024de   0x080024de   0x00000012   Code   RO         1859    i.USART_DMACmd      stm32f4xx_usart.o
    0x080024f0   0x080024f0   0x000000f0   Code   RO         1860    i.USART_DeInit      stm32f4xx_usart.o
    0x080025e0   0x080025e0   0x00000054   Code   RO         1862    i.USART_GetITStatus  stm32f4xx_usart.o
    0x08002634   0x08002634   0x000000d4   Code   RO         1865    i.USART_Init        stm32f4xx_usart.o
    0x08002708   0x08002708   0x0000000a   Code   RO         1872    i.USART_ReceiveData  stm32f4xx_usart.o
    0x08002712   0x08002712   0x00000018   Code   RO         1881    i.USART_StructInit  stm32f4xx_usart.o
    0x0800272a   0x0800272a   0x00000004   Code   RO         2193    i.UsageFault_Handler  stm32f4xx_it.o
    0x0800272e   0x0800272e   0x00000002   PAD
    0x08002730   0x08002730   0x00000114   Code   RO         2841    i.Usart_Send_Angle  usart.o
    0x08002844   0x08002844   0x0000019c   Code   RO         2842    i.Usart_Send_Senser  usart.o
    0x080029e0   0x080029e0   0x0000017c   Code   RO         2843    i.Usart_Send_Status  usart.o
    0x08002b5c   0x08002b5c   0x00000632   Code   RO         2385    i._6AxisAHRSupdate  ahrs.o
    0x0800318e   0x0800318e   0x00000002   PAD
    0x08003190   0x08003190   0x000008f0   Code   RO         2386    i._9AxisAHRSupdate  ahrs.o
    0x08003a80   0x08003a80   0x00000030   Code   RO         3355    i.__ARM_fpclassify  m_wm.l(fpclassify.o)
    0x08003ab0   0x08003ab0   0x00000360   Code   RO         3266    i.__hardfp_asin     m_wm.l(asin.o)
    0x08003e10   0x08003e10   0x000002d8   Code   RO         3321    i.__hardfp_atan     m_wm.l(atan.o)
    0x080040e8   0x080040e8   0x000001f0   Code   RO         3280    i.__hardfp_atan2    m_wm.l(atan2.o)
    0x080042d8   0x080042d8   0x0000007a   Code   RO         3292    i.__hardfp_sqrt     m_wm.l(sqrt.o)
    0x08004352   0x08004352   0x000000f8   Code   RO         3357    i.__kernel_poly     m_wm.l(poly.o)
    0x0800444a   0x0800444a   0x00000014   Code   RO         3336    i.__mathlib_dbl_infnan  m_wm.l(dunder.o)
    0x0800445e   0x0800445e   0x00000014   Code   RO         3337    i.__mathlib_dbl_infnan2  m_wm.l(dunder.o)
    0x08004472   0x08004472   0x00000006   PAD
    0x08004478   0x08004478   0x00000020   Code   RO         3338    i.__mathlib_dbl_invalid  m_wm.l(dunder.o)
    0x08004498   0x08004498   0x00000020   Code   RO         3341    i.__mathlib_dbl_underflow  m_wm.l(dunder.o)
    0x080044b8   0x080044b8   0x0000000e   Code   RO         3402    i.__scatterload_copy  mc_w.l(handlers.o)
    0x080044c6   0x080044c6   0x00000002   Code   RO         3403    i.__scatterload_null  mc_w.l(handlers.o)
    0x080044c8   0x080044c8   0x0000000e   Code   RO         3404    i.__scatterload_zeroinit  mc_w.l(handlers.o)
    0x080044d6   0x080044d6   0x00000002   PAD
    0x080044d8   0x080044d8   0x0000000c   Code   RO         3376    i.__set_errno       mc_w.l(errno.o)
    0x080044e4   0x080044e4   0x00000010   Code   RO         3323    i.atan              m_wm.l(atan.o)
    0x080044f4   0x080044f4   0x000001b8   Code   RO         2354    i.controlLoop       control.o
    0x080046ac   0x080046ac   0x0000001c   Code   RO         2436    i.delay_ms          delay.o
    0x080046c8   0x080046c8   0x0000001a   Code   RO         2437    i.delay_us          delay.o
    0x080046e2   0x080046e2   0x00000018   Code   RO         3351    i.fabs              m_wm.l(fabs.o)
    0x080046fa   0x080046fa   0x00000002   PAD
    0x080046fc   0x080046fc   0x0000003c   Code   RO         2387    i.invSqrt           ahrs.o
    0x08004738   0x08004738   0x0000004c   Code   RO         3232    i.main              main.o
    0x08004784   0x08004784   0x0000006e   Code   RO         3294    i.sqrt              m_wm.l(sqrt.o)
    0x080047f2   0x080047f2   0x00000002   PAD
    0x080047f4   0x080047f4   0x00000024   Code   RO         2711    i.sysEnable         tim.o
    0x08004818   0x08004818   0x00000048   Code   RO         3233    i.system_init       main.o
    0x08004860   0x08004860   0x00000054   Code   RO         2845    i.usart1_dma_upgrade  usart.o
    0x080048b4   0x080048b4   0x00000054   Code   RO         2846    i.usart3_dma_upgrade  usart.o
    0x08004908   0x08004908   0x00000018   Data   RO         2960    .constdata          icm20602.o
    0x08004920   0x08004920   0x00000050   Data   RO         3269    .constdata          m_wm.l(asin.o)
    0x08004970   0x08004970   0x00000098   Data   RO         3324    .constdata          m_wm.l(atan.o)
    0x08004a08   0x08004a08   0x00000008   Data   RO         3359    .constdata          m_wm.l(qnan.o)
    0x08004a10   0x08004a10   0x00000020   Data   RO         3400    Region$$Table       anon$$obj.o


    Execution Region RW_IRAM1 (Exec base: 0x20000000, Load base: 0x08004a30, Size: 0x000005e0, Max: 0x00020000, ABSOLUTE)

    Exec Addr    Load Addr    Size         Type   Attr      Idx    E Section Name        Object

    0x20000000   0x08004a30   0x00000010   Data   RW          775    .data               stm32f4xx_rcc.o
    0x20000010   0x08004a40   0x00000014   Data   RW         2388    .data               ahrs.o
    0x20000024   0x08004a54   0x00000054   Data   RW         2655    .data               monitor.o
    0x20000078   0x08004aa8   0x00000003   Data   RW         3176    .data               ms5611.o
    0x2000007b   0x08004aab   0x00000001   PAD
    0x2000007c   0x08004aac   0x00000004   Data   RW         3377    .data               mc_w.l(errno.o)
    0x20000080        -       0x00000058   Zero   RW         2514    .bss                i2c.o
    0x200000d8        -       0x00000014   Zero   RW         2788    .bss                can.o
    0x200000ec        -       0x00000032   Zero   RW         2847    .bss                usart.o
    0x2000011e        -       0x00000010   Zero   RW         3175    .bss                ms5611.o
    0x2000012e   0x08004ab0   0x00000002   PAD
    0x20000130        -       0x000000a9   Zero   RW         3234    .bss                main.o
    0x200001d9   0x08004ab0   0x00000007   PAD
    0x200001e0        -       0x00000400   Zero   RW         2175    STACK               startup_stm32f40xx.o


==============================================================================

Image component sizes


      Code (inc. data)   RO Data    RW Data    ZI Data      Debug   Object Name

      4046        134          0         20          0       5035   ahrs.o
        80         16          0          0         20       1237   can.o
       440         16          0          0          0        682   control.o
        54          0          0          0          0       1106   delay.o
       192         18          0          0          0        647   dma.o
       440         14          0          0          0       1467   gpio.o
      1130          0          0          0         88      11510   i2c.o
       766         22         24          0          0       5984   icm20602.o
       164         16          0          0          0       2474   icm20602dri.o
        76          0          0          0          0       1077   icm20602int.o
        64          4          0          0          0       5689   imu.o
        24          8          0          0          0       1024   ist8310.o
       148         12          0          0        169       2966   main.o
       140         24          0          0          0     324091   misc.o
       132         20          0         84          0       3980   monitor.o
       372         48          0          3         16       4535   ms5611.o
        72          0          0          0          0        544   nvic.o
       148          8          0          0          0       1159   spi.o
        36          8        392          0       1024        840   startup_stm32f40xx.o
       714         10          0          0          0       3548   stm32f4xx_can.o
       564         40          0          0          0       5411   stm32f4xx_dma.o
       196         22          0          0          0       2613   stm32f4xx_exti.o
       258          0          0          0          0       4049   stm32f4xx_gpio.o
        26          0          0          0          0       4338   stm32f4xx_it.o
       392         48          0         16          0       5825   stm32f4xx_rcc.o
       288         24          0          0          0       4123   stm32f4xx_spi.o
        64          4          0          0          0        652   stm32f4xx_syscfg.o
       262         28          0          0          0       5342   stm32f4xx_tim.o
       642         42          0          0          0       5880   stm32f4xx_usart.o
       340         32          0          0          0       1585   system_stm32f4xx.o
       184         16          0          0          0       2019   tim.o
      1484         78          0          0         50       7089   usart.o

    ----------------------------------------------------------------------
     13962        712        448        124       1376     428521   Object Totals
         0          0         32          0          0          0   (incl. Generated)
        24          0          0          1          9          0   (incl. Padding)

    ----------------------------------------------------------------------

      Code (inc. data)   RO Data    RW Data    ZI Data      Debug   Library Member Name

       864         94         80          0          0        280   asin.o
       744        106        152          0          0        352   atan.o
       496         64          0          0          0        192   atan2.o
       104         16          0          0          0        496   dunder.o
        24          0          0          0          0        124   fabs.o
        48          0          0          0          0        124   fpclassify.o
       248          0          0          0          0        152   poly.o
         0          0          8          0          0          0   qnan.o
       232          0          0          0          0        296   sqrt.o
         0          0          0          0          0          0   entry.o
         0          0          0          0          0          0   entry10a.o
         0          0          0          0          0          0   entry11a.o
         8          4          0          0          0          0   entry2.o
         4          0          0          0          0          0   entry5.o
         0          0          0          0          0          0   entry7b.o
         0          0          0          0          0          0   entry8b.o
         8          4          0          0          0          0   entry9a.o
        12          6          0          4          0         68   errno.o
        30          0          0          0          0          0   handlers.o
        36          8          0          0          0         68   init.o
         0          0          0          0          0          0   iusefp.o
        30          0          0          0          0         68   llshl.o
        36          0          0          0          0         68   llsshr.o
        32          0          0          0          0         68   llushr.o
        36          0          0          0          0         68   memcpya.o
        56          0          0          0          0         88   d2f.o
       334          0          0          0          0        148   dadd.o
       222          0          0          0          0        100   ddiv.o
       186          0          0          0          0        176   depilogue.o
       228          0          0          0          0         96   dmul.o
       162          0          0          0          0        100   dsqrt.o
        38          0          0          0          0         68   f2d.o
       110          0          0          0          0        168   fepilogue.o

    ----------------------------------------------------------------------
      4342        302        240          4          0       3368   Library Totals
        14          0          0          0          0          0   (incl. Padding)

    ----------------------------------------------------------------------

      Code (inc. data)   RO Data    RW Data    ZI Data      Debug   Library Name

      2760        280        240          0          0       2016   m_wm.l
       232         22          0          4          0        408   mc_w.l
      1336          0          0          0          0        944   mf_w.l

    ----------------------------------------------------------------------
      4342        302        240          4          0       3368   Library Totals

    ----------------------------------------------------------------------

==============================================================================


      Code (inc. data)   RO Data    RW Data    ZI Data      Debug   

     18304       1014        688        128       1376     417521   Grand Totals
     18304       1014        688        128       1376     417521   ELF Image Totals
     18304       1014        688        128          0          0   ROM Totals

==============================================================================

    Total RO  Size (Code + RO Data)                18992 (  18.55kB)
    Total RW  Size (RW Data + ZI Data)              1504 (   1.47kB)
    Total ROM Size (Code + RO Data + RW Data)      19120 (  18.67kB)

==============================================================================

