Component: ARM Compiler 5.06 update 4 (build 422) Tool: armlink [4d35d2]

==============================================================================

Section Cross References

    stm32f4xx_can.o(i.CAN_DeInit) refers to stm32f4xx_rcc.o(i.RCC_APB1PeriphResetCmd) for RCC_APB1PeriphResetCmd
    stm32f4xx_can.o(i.CAN_GetITStatus) refers to stm32f4xx_can.o(i.CheckITStatus) for CheckITStatus
    stm32f4xx_gpio.o(i.GPIO_DeInit) refers to stm32f4xx_rcc.o(i.RCC_AHB1PeriphResetCmd) for RCC_AHB1PeriphResetCmd
    stm32f4xx_i2c.o(i.I2C_DeInit) refers to stm32f4xx_rcc.o(i.RCC_APB1PeriphResetCmd) for RCC_APB1PeriphResetCmd
    stm32f4xx_i2c.o(i.I2C_Init) refers to stm32f4xx_rcc.o(i.RCC_GetClocksFreq) for RCC_GetClocksFreq
    stm32f4xx_rcc.o(i.RCC_GetClocksFreq) refers to stm32f4xx_rcc.o(.data) for APBAHBPrescTable
    stm32f4xx_rcc.o(i.RCC_WaitForHSEStartUp) refers to stm32f4xx_rcc.o(i.RCC_GetFlagStatus) for RCC_GetFlagStatus
    stm32f4xx_spi.o(i.SPI_I2S_DeInit) refers to stm32f4xx_rcc.o(i.RCC_APB2PeriphResetCmd) for RCC_APB2PeriphResetCmd
    stm32f4xx_spi.o(i.SPI_I2S_DeInit) refers to stm32f4xx_rcc.o(i.RCC_APB1PeriphResetCmd) for RCC_APB1PeriphResetCmd
    stm32f4xx_syscfg.o(i.SYSCFG_DeInit) refers to stm32f4xx_rcc.o(i.RCC_APB2PeriphResetCmd) for RCC_APB2PeriphResetCmd
    stm32f4xx_tim.o(i.TIM_DeInit) refers to stm32f4xx_rcc.o(i.RCC_APB2PeriphResetCmd) for RCC_APB2PeriphResetCmd
    stm32f4xx_tim.o(i.TIM_DeInit) refers to stm32f4xx_rcc.o(i.RCC_APB1PeriphResetCmd) for RCC_APB1PeriphResetCmd
    stm32f4xx_tim.o(i.TIM_ETRClockMode1Config) refers to stm32f4xx_tim.o(i.TIM_ETRConfig) for TIM_ETRConfig
    stm32f4xx_tim.o(i.TIM_ETRClockMode2Config) refers to stm32f4xx_tim.o(i.TIM_ETRConfig) for TIM_ETRConfig
    stm32f4xx_tim.o(i.TIM_ICInit) refers to stm32f4xx_tim.o(i.TI1_Config) for TI1_Config
    stm32f4xx_tim.o(i.TIM_ICInit) refers to stm32f4xx_tim.o(i.TIM_SetIC1Prescaler) for TIM_SetIC1Prescaler
    stm32f4xx_tim.o(i.TIM_ICInit) refers to stm32f4xx_tim.o(i.TI2_Config) for TI2_Config
    stm32f4xx_tim.o(i.TIM_ICInit) refers to stm32f4xx_tim.o(i.TIM_SetIC2Prescaler) for TIM_SetIC2Prescaler
    stm32f4xx_tim.o(i.TIM_ICInit) refers to stm32f4xx_tim.o(i.TI3_Config) for TI3_Config
    stm32f4xx_tim.o(i.TIM_ICInit) refers to stm32f4xx_tim.o(i.TIM_SetIC3Prescaler) for TIM_SetIC3Prescaler
    stm32f4xx_tim.o(i.TIM_ICInit) refers to stm32f4xx_tim.o(i.TI4_Config) for TI4_Config
    stm32f4xx_tim.o(i.TIM_ICInit) refers to stm32f4xx_tim.o(i.TIM_SetIC4Prescaler) for TIM_SetIC4Prescaler
    stm32f4xx_tim.o(i.TIM_ITRxExternalClockConfig) refers to stm32f4xx_tim.o(i.TIM_SelectInputTrigger) for TIM_SelectInputTrigger
    stm32f4xx_tim.o(i.TIM_PWMIConfig) refers to stm32f4xx_tim.o(i.TI1_Config) for TI1_Config
    stm32f4xx_tim.o(i.TIM_PWMIConfig) refers to stm32f4xx_tim.o(i.TIM_SetIC1Prescaler) for TIM_SetIC1Prescaler
    stm32f4xx_tim.o(i.TIM_PWMIConfig) refers to stm32f4xx_tim.o(i.TI2_Config) for TI2_Config
    stm32f4xx_tim.o(i.TIM_PWMIConfig) refers to stm32f4xx_tim.o(i.TIM_SetIC2Prescaler) for TIM_SetIC2Prescaler
    stm32f4xx_tim.o(i.TIM_TIxExternalClockConfig) refers to stm32f4xx_tim.o(i.TI2_Config) for TI2_Config
    stm32f4xx_tim.o(i.TIM_TIxExternalClockConfig) refers to stm32f4xx_tim.o(i.TI1_Config) for TI1_Config
    stm32f4xx_tim.o(i.TIM_TIxExternalClockConfig) refers to stm32f4xx_tim.o(i.TIM_SelectInputTrigger) for TIM_SelectInputTrigger
    stm32f4xx_usart.o(i.USART_DeInit) refers to stm32f4xx_rcc.o(i.RCC_APB2PeriphResetCmd) for RCC_APB2PeriphResetCmd
    stm32f4xx_usart.o(i.USART_DeInit) refers to stm32f4xx_rcc.o(i.RCC_APB1PeriphResetCmd) for RCC_APB1PeriphResetCmd
    stm32f4xx_usart.o(i.USART_Init) refers to stm32f4xx_rcc.o(i.RCC_GetClocksFreq) for RCC_GetClocksFreq
    stm32f4xx_flash.o(i.FLASH_EraseAllBank1Sectors) refers to stm32f4xx_flash.o(i.FLASH_WaitForLastOperation) for FLASH_WaitForLastOperation
    stm32f4xx_flash.o(i.FLASH_EraseAllBank2Sectors) refers to stm32f4xx_flash.o(i.FLASH_WaitForLastOperation) for FLASH_WaitForLastOperation
    stm32f4xx_flash.o(i.FLASH_EraseAllSectors) refers to stm32f4xx_flash.o(i.FLASH_WaitForLastOperation) for FLASH_WaitForLastOperation
    stm32f4xx_flash.o(i.FLASH_EraseSector) refers to stm32f4xx_flash.o(i.FLASH_WaitForLastOperation) for FLASH_WaitForLastOperation
    stm32f4xx_flash.o(i.FLASH_OB_Launch) refers to stm32f4xx_flash.o(i.FLASH_WaitForLastOperation) for FLASH_WaitForLastOperation
    stm32f4xx_flash.o(i.FLASH_OB_PCROP1Config) refers to stm32f4xx_flash.o(i.FLASH_WaitForLastOperation) for FLASH_WaitForLastOperation
    stm32f4xx_flash.o(i.FLASH_OB_PCROPConfig) refers to stm32f4xx_flash.o(i.FLASH_WaitForLastOperation) for FLASH_WaitForLastOperation
    stm32f4xx_flash.o(i.FLASH_OB_RDPConfig) refers to stm32f4xx_flash.o(i.FLASH_WaitForLastOperation) for FLASH_WaitForLastOperation
    stm32f4xx_flash.o(i.FLASH_OB_UserConfig) refers to stm32f4xx_flash.o(i.FLASH_WaitForLastOperation) for FLASH_WaitForLastOperation
[...]
    i.USART_GetITStatus                      0x080038b0   Section        0  stm32f4xx_usart.o(i.USART_GetITStatus)
    i.USART_Init                             0x08003904   Section        0  stm32f4xx_usart.o(i.USART_Init)
    i.USART_ReceiveData                      0x080039d8   Section        0  stm32f4xx_usart.o(i.USART_ReceiveData)
    i.USART_StructInit                       0x080039e2   Section        0  stm32f4xx_usart.o(i.USART_StructInit)
    i.UsageFault_Handler                     0x080039fa   Section        0  stm32f4xx_it.o(i.UsageFault_Handler)
    i.Usart_DMASend                          0x08003a00   Section        0  usart.o(i.Usart_DMASend)
    i.Usart_Send_Angle                       0x08003a30   Section        0  usart.o(i.Usart_Send_Angle)
    i.Usart_Send_Senser                      0x08003aec   Section        0  usart.o(i.Usart_Send_Senser)
    i.Usart_Send_Status                      0x08003c68   Section        0  usart.o(i.Usart_Send_Status)
    i._6AxisAHRSupdate                       0x08003dbc   Section        0  ahrs.o(i._6AxisAHRSupdate)
    i._9AxisAHRSupdate                       0x080041c8   Section        0  ahrs.o(i._9AxisAHRSupdate)
    i.__ARM_fpclassify                       0x080048cc   Section        0  fpclassify.o(i.__ARM_fpclassify)
    i.__hardfp_asin                          0x08004900   Section        0  asin.o(i.__hardfp_asin)
    i.__hardfp_atan                          0x08004c60   Section        0  atan.o(i.__hardfp_atan)
    i.__hardfp_atan2                         0x08004f38   Section        0  atan2.o(i.__hardfp_atan2)
    i.__hardfp_sqrt                          0x08005128   Section        0  sqrt.o(i.__hardfp_sqrt)
    i.__kernel_poly                          0x080051a2   Section        0  poly.o(i.__kernel_poly)
    i.__mathlib_dbl_infnan                   0x0800529a   Section        0  dunder.o(i.__mathlib_dbl_infnan)
    i.__mathlib_dbl_infnan2                  0x080052ae   Section        0  dunder.o(i.__mathlib_dbl_infnan2)
    i.__mathlib_dbl_invalid                  0x080052c8   Section        0  dunder.o(i.__mathlib_dbl_invalid)
    i.__mathlib_dbl_underflow                0x080052e8   Section        0  dunder.o(i.__mathlib_dbl_underflow)
    i.atan                                   0x08005308   Section        0  atan.o(i.atan)
    i.cmdOffsetDataInit                      0x08005318   Section        0  initialize.o(i.cmdOffsetDataInit)
    cmdOffsetDataInit                        0x08005319   Thumb Code   102  initialize.o(i.cmdOffsetDataInit)
    i.cmd_init                               0x0800538c   Section        0  initialize.o(i.cmd_init)
    i.controlLoop                            0x080053c4   Section        0  control.o(i.controlLoop)
    i.delay_ms                               0x080054c4   Section        0  delay.o(i.delay_ms)
    i.delay_us                               0x080054e0   Section        0  delay.o(i.delay_us)
    i.fabs                                   0x080054fa   Section        0  fabs.o(i.fabs)
    i.getFunctionTime                        0x08005512   Section        0  debug.o(i.getFunctionTime)
    i.getFunctionTimeInit                    0x0800553c   Section        0  debug.o(i.getFunctionTimeInit)
    i.getFunctionTimeMicros                  0x080055bc   Section        0  debug.o(i.getFunctionTimeMicros)
    getFunctionTimeMicros                    0x080055bd   Thumb Code     8  debug.o(i.getFunctionTimeMicros)
    i.getFunctionTimeStructInit              0x080055c4   Section        0  debug.o(i.getFunctionTimeStructInit)
    getFunctionTimeStructInit                0x080055c5   Thumb Code    22  debug.o(i.getFunctionTimeStructInit)
    i.invSqrt                                0x080055e0   Section        0  ahrs.o(i.invSqrt)
    invSqrt                                  0x080055e1   Thumb Code    56  ahrs.o(i.invSqrt)
    i.kalmanCreate                           0x0800561c   Section        0  kalman.o(i.kalmanCreate)
    i.kalmanInit                             0x08005654   Section        0  kalman.o(i.kalmanInit)
    i.kalmanUpdate                           0x080056c8   Section        0  kalman.o(i.kalmanUpdate)
    i.main                                   0x080057f0   Section        0  main.o(i.main)
    i.mat_invert3                            0x08005824   Section        0  calibration.o(i.mat_invert3)
    i.sqrt                                   0x080059aa   Section        0  sqrt.o(i.sqrt)
    i.sysEnable                              0x08005a18   Section        0  tim.o(i.sysEnable)
    i.system_init                            0x08005a3c   Section        0  main.o(i.system_init)
    i.usart1_dma_upgrade                     0x08005a80   Section        0  usart.o(i.usart1_dma_upgrade)
    i.usart3_dma_upgrade                     0x08005ad4   Section        0  usart.o(i.usart3_dma_upgrade)
    x$fpl$basic                              0x08005b28   Section       24  basic.o(x$fpl$basic)
    $v0                                      0x08005b28   Number         0  basic.o(x$fpl$basic)
    x$fpl$d2f                                0x08005b40   Section       98  d2f.o(x$fpl$d2f)
    $v0                                      0x08005b40   Number         0  d2f.o(x$fpl$d2f)
    x$fpl$dadd                               0x08005ba4   Section      336  daddsub_clz.o(x$fpl$dadd)
    $v0                                      0x08005ba4   Number         0  daddsub_clz.o(x$fpl$dadd)
    _dadd1                                   0x08005bb5   Thumb Code     0  daddsub_clz.o(x$fpl$dadd)
    x$fpl$ddiv                               0x08005cf4   Section      688  ddiv.o(x$fpl$ddiv)
    $v0                                      0x08005cf4   Number         0  ddiv.o(x$fpl$ddiv)
    ddiv_entry                               0x08005cfb   Thumb Code     0  ddiv.o(x$fpl$ddiv)
    x$fpl$dfix                               0x08005fa4   Section       94  dfix.o(x$fpl$dfix)
    $v0                                      0x08005fa4   Number         0  dfix.o(x$fpl$dfix)
    x$fpl$dflt                               0x08006002   Section       46  dflt_clz.o(x$fpl$dflt)
    $v0                                      0x08006002   Number         0  dflt_clz.o(x$fpl$dflt)
    x$fpl$dmul                               0x08006030   Section      340  dmul.o(x$fpl$dmul)
    $v0                                      0x08006030   Number         0  dmul.o(x$fpl$dmul)
    x$fpl$dnaninf                            0x08006184   Section      156  dnaninf.o(x$fpl$dnaninf)
    $v0                                      0x08006184   Number         0  dnaninf.o(x$fpl$dnaninf)
    x$fpl$dretinf                            0x08006220   Section       12  dretinf.o(x$fpl$dretinf)
    $v0                                      0x08006220   Number         0  dretinf.o(x$fpl$dretinf)
    x$fpl$drsb                               0x0800622c   Section       22  daddsub_clz.o(x$fpl$drsb)
    $v0                                      0x0800622c   Number         0  daddsub_clz.o(x$fpl$drsb)
    x$fpl$dsqrt                              0x08006244   Section      408  dsqrt_umaal.o(x$fpl$dsqrt)
    $v0                                      0x08006244   Number         0  dsqrt_umaal.o(x$fpl$dsqrt)
    x$fpl$dsub                               0x080063dc   Section      468  daddsub_clz.o(x$fpl$dsub)
    $v0                                      0x080063dc   Number         0  daddsub_clz.o(x$fpl$dsub)
    _dsub1                                   0x080063ed   Thumb Code     0  daddsub_clz.o(x$fpl$dsub)
    x$fpl$f2d                                0x080065b0   Section       86  f2d.o(x$fpl$f2d)
    $v0                                      0x080065b0   Number         0  f2d.o(x$fpl$f2d)
    x$fpl$fnaninf                            0x08006606   Section      140  fnaninf.o(x$fpl$fnaninf)
    $v0                                      0x08006606   Number         0  fnaninf.o(x$fpl$fnaninf)
    x$fpl$fpinit                             0x08006692   Section       10  fpinit.o(x$fpl$fpinit)
    $v0                                      0x08006692   Number         0  fpinit.o(x$fpl$fpinit)
    x$fpl$fretinf                            0x0800669c   Section       10  fretinf.o(x$fpl$fretinf)
    $v0                                      0x0800669c   Number         0  fretinf.o(x$fpl$fretinf)
    x$fpl$usenofp                            0x080066a6   Section        0  usenofp.o(x$fpl$usenofp)
    .constdata                               0x080066a8   Section       24  icm20602.o(.constdata)
    .constdata                               0x080066c0   Section       80  asin.o(.constdata)
    pS                                       0x080066c0   Data          48  asin.o(.constdata)
    qS                                       0x080066f0   Data          32  asin.o(.constdata)
    .constdata                               0x08006710   Section      152  atan.o(.constdata)
    atanhi                                   0x08006710   Data          32  atan.o(.constdata)
    atanlo                                   0x08006730   Data          32  atan.o(.constdata)
    aTodd                                    0x08006750   Data          40  atan.o(.constdata)
    aTeven                                   0x08006778   Data          48  atan.o(.constdata)
    .constdata                               0x080067a8   Section        8  qnan.o(.constdata)
    .data                                    0x20000000   Section       16  stm32f4xx_rcc.o(.data)
    APBAHBPrescTable                         0x20000000   Data          16  stm32f4xx_rcc.o(.data)
    .data                                    0x20000010   Section       27  ahrs.o(.data)
    .bss                                     0x2000002c   Section       48  ahrs.o(.bss)
    .bss                                     0x2000005c   Section       50  usart.o(.bss)
    .bss                                     0x20000090   Section      264  kalman.o(.bss)
    .bss                                     0x20000198   Section      140  debug.o(.bss)
    .bss                                     0x20000224   Section      168  icm20602.o(.bss)
    .bss                                     0x200002cc   Section       56  ist8310.o(.bss)
    .bss                                     0x20000304   Section       32  ms5611.o(.bss)
    .bss                                     0x20000324   Section       24  main.o(.bss)
    .bss                                     0x2000033c   Section       96  libspace.o(.bss)
    HEAP                                     0x200003a0   Section      512  startup_stm32f40xx.o(HEAP)
    Heap_Mem                                 0x200003a0   Data         512  startup_stm32f40xx.o(HEAP)
    STACK                                    0x200005a0   Section     1024  startup_stm32f40xx.o(STACK)
    Stack_Mem                                0x200005a0   Data        1024  startup_stm32f40xx.o(STACK)
    __initial_sp                             0x200009a0   Data           0  startup_stm32f40xx.o(STACK)

    Global Symbols

    Symbol Name                              Value     Ov Type        Size  Object(Section)

    BuildAttributes$$THM_ISAv4$E$P$D$K$B$S$7EM$VFPi3$EXTD16$VFPS$VFMA$PE$A:L22UL41UL21$X:L11$S22US41US21$IEEE1$IW$USESV6$~STKCKD$USESV7$~SHL$OTIME$ROPI$IEEEX$EBA8$UX$STANDARDLIB$REQ8$PRES8$EABIv2 0x00000000   Number         0  anon$$obj.o ABSOLUTE
    __ARM_use_no_argv                        0x00000000   Number         0  main.o ABSOLUTE
    __ARM_exceptions_init                     - Undefined Weak Reference
    __alloca_initialize                       - Undefined Weak Reference
    __arm_preinit_                            - Undefined Weak Reference
    __cpp_initialize__aeabi_                  - Undefined Weak Reference
    __cxa_finalize                            - Undefined Weak Reference
    __rt_locale                               - Undefined Weak Reference
    __sigvec_lookup                           - Undefined Weak Reference
    _atexit_init                              - Undefined Weak Reference
    _call_atexit_fns                          - Undefined Weak Reference
    _clock_init                               - Undefined Weak Reference
    _fp_trap_init                             - Undefined Weak Reference
    _fp_trap_shutdown                         - Undefined Weak Reference
    _get_lc_collate                           - Undefined Weak Reference
    _get_lc_ctype                             - Undefined Weak Reference
    _get_lc_monetary                          - Undefined Weak Reference
    _get_lc_numeric                           - Undefined Weak Reference
    _get_lc_time                              - Undefined Weak Reference
    _getenv_init                              - Undefined Weak Reference
    _handle_redirection                       - Undefined Weak Reference
    _init_alloc                               - Undefined Weak Reference
    _init_user_alloc                          - Undefined Weak Reference
    _initio                                   - Undefined Weak Reference
    _rand_init                                - Undefined Weak Reference
    _signal_finish                            - Undefined Weak Reference
    _signal_init                              - Undefined Weak Reference
    _terminate_alloc                          - Undefined Weak Reference
    _terminate_user_alloc                     - Undefined Weak Reference
    _terminateio                              - Undefined Weak Reference
    __Vectors_Size                           0x00000188   Number         0  startup_stm32f40xx.o ABSOLUTE
    __Vectors                                0x08000000   Data           4  startup_stm32f40xx.o(RESET)
    __Vectors_End                            0x08000188   Data           0  startup_stm32f40xx.o(RESET)
    __main                                   0x08000189   Thumb Code     8  __main.o(!!!main)
    __scatterload                            0x08000191   Thumb Code     0  __scatter.o(!!!scatter)
    __scatterload_rt2                        0x08000191   Thumb Code    44  __scatter.o(!!!scatter)
    __scatterload_rt2_thumb_only             0x08000191   Thumb Code     0  __scatter.o(!!!scatter)
    __scatterload_null                       0x0800019f   Thumb Code     0  __scatter.o(!!!scatter)
    __scatterload_copy                       0x080001c5   Thumb Code    26  __scatter_copy.o(!!handler_copy)
    __scatterload_zeroinit                   0x080001e1   Thumb Code    28  __scatter_zi.o(!!handler_zi)
    __rt_lib_init                            0x080001fd   Thumb Code     0  libinit.o(.ARM.Collect$$libinit$$00000000)
    __rt_lib_init_fp_1                       0x080001ff   Thumb Code     0  libinit2.o(.ARM.Collect$$libinit$$00000001)
    __rt_lib_init_alloca_1                   0x08000203   Thumb Code     0  libinit2.o(.ARM.Collect$$libinit$$0000002E)
    __rt_lib_init_argv_1                     0x08000203   Thumb Code     0  libinit2.o(.ARM.Collect$$libinit$$0000002C)
    __rt_lib_init_atexit_1                   0x08000203   Thumb Code     0  libinit2.o(.ARM.Collect$$libinit$$0000001B)
    __rt_lib_init_clock_1                    0x08000203   Thumb Code     0  libinit2.o(.ARM.Collect$$libinit$$00000021)
    __rt_lib_init_cpp_1                      0x08000203   Thumb Code     0  libinit2.o(.ARM.Collect$$libinit$$00000032)
    __rt_lib_init_exceptions_1               0x08000203   Thumb Code     0  libinit2.o(.ARM.Collect$$libinit$$00000030)
    __rt_lib_init_fp_trap_1                  0x08000203   Thumb Code     0  libinit2.o(.ARM.Collect$$libinit$$0000001F)
    __rt_lib_init_getenv_1                   0x08000203   Thumb Code     0  libinit2.o(.ARM.Collect$$libinit$$00000023)
    __rt_lib_init_heap_1                     0x08000203   Thumb Code     0  libinit2.o(.ARM.Collect$$libinit$$0000000A)
    __rt_lib_init_lc_collate_1               0x08000203   Thumb Code     0  libinit2.o(.ARM.Collect$$libinit$$00000011)
    __rt_lib_init_lc_ctype_1                 0x08000203   Thumb Code     0  libinit2.o(.ARM.Collect$$libinit$$00000013)
    __rt_lib_init_lc_monetary_1              0x08000203   Thumb Code     0  libinit2.o(.ARM.Collect$$libinit$$00000015)
    __rt_lib_init_lc_numeric_1               0x08000203   Thumb Code     0  libinit2.o(.ARM.Collect$$libinit$$00000017)
    __rt_lib_init_lc_time_1                  0x08000203   Thumb Code     0  libinit2.o(.ARM.Collect$$libinit$$00000019)
    __rt_lib_init_preinit_1                  0x08000203   Thumb Code     0  libinit2.o(.ARM.Collect$$libinit$$00000004)
    __rt_lib_init_rand_1                     0x08000203   Thumb Code     0  libinit2.o(.ARM.Collect$$libinit$$0000000E)
    __rt_lib_init_return                     0x08000203   Thumb Code     0  libinit2.o(.ARM.Collect$$libinit$$00000033)
    __rt_lib_init_signal_1                   0x08000203   Thumb Code     0  libinit2.o(.ARM.Collect$$libinit$$0000001D)
    __rt_lib_init_stdio_1                    0x08000203   Thumb Code     0  libinit2.o(.ARM.Collect$$libinit$$00000025)
    __rt_lib_init_user_alloc_1               0x08000203   Thumb Code     0  libinit2.o(.ARM.Collect$$libinit$$0000000C)
    __rt_lib_shutdown                        0x08000205   Thumb Code     0  libshutdown.o(.ARM.Collect$$libshutdown$$00000000)
    __rt_lib_shutdown_cpp_1                  0x08000207   Thumb Code     0  libshutdown2.o(.ARM.Collect$$libshutdown$$00000002)
    __rt_lib_shutdown_fp_trap_1              0x08000207   Thumb Code     0  libshutdown2.o(.ARM.Collect$$libshutdown$$00000007)
    __rt_lib_shutdown_heap_1                 0x08000207   Thumb Code     0  libshutdown2.o(.ARM.Collect$$libshutdown$$0000000F)
    __rt_lib_shutdown_return                 0x08000207   Thumb Code     0  libshutdown2.o(.ARM.Collect$$libshutdown$$00000010)
    __rt_lib_shutdown_signal_1               0x08000207   Thumb Code     0  libshutdown2.o(.ARM.Collect$$libshutdown$$0000000A)
    __rt_lib_shutdown_stdio_1                0x08000207   Thumb Code     0  libshutdown2.o(.ARM.Collect$$libshutdown$$00000004)
    __rt_lib_shutdown_user_alloc_1           0x08000207   Thumb Code     0  libshutdown2.o(.ARM.Collect$$libshutdown$$0000000C)
    __rt_entry                               0x08000209   Thumb Code     0  __rtentry.o(.ARM.Collect$$rtentry$$00000000)
    __rt_entry_presh_1                       0x08000209   Thumb Code     0  __rtentry2.o(.ARM.Collect$$rtentry$$00000002)
    __rt_entry_sh                            0x08000209   Thumb Code     0  __rtentry4.o(.ARM.Collect$$rtentry$$00000004)
    __rt_entry_li                            0x0800020f   Thumb Code     0  __rtentry2.o(.ARM.Collect$$rtentry$$0000000A)
    __rt_entry_postsh_1                      0x0800020f   Thumb Code     0  __rtentry2.o(.ARM.Collect$$rtentry$$00000009)
    __rt_entry_main                          0x08000213   Thumb Code     0  __rtentry2.o(.ARM.Collect$$rtentry$$0000000D)
    __rt_entry_postli_1                      0x08000213   Thumb Code     0  __rtentry2.o(.ARM.Collect$$rtentry$$0000000C)
    __rt_exit                                0x0800021b   Thumb Code     0  rtexit.o(.ARM.Collect$$rtexit$$00000000)
    __rt_exit_ls                             0x0800021d   Thumb Code     0  rtexit2.o(.ARM.Collect$$rtexit$$00000003)
    __rt_exit_prels_1                        0x0800021d   Thumb Code     0  rtexit2.o(.ARM.Collect$$rtexit$$00000002)
    __rt_exit_exit                           0x08000221   Thumb Code     0  rtexit2.o(.ARM.Collect$$rtexit$$00000004)
    Reset_Handler                            0x08000229   Thumb Code     8  startup_stm32f40xx.o(.text)
    ADC_IRQHandler                           0x08000243   Thumb Code     0  startup_stm32f40xx.o(.text)
    CAN1_RX1_IRQHandler                      0x08000243   Thumb Code     0  startup_stm32f40xx.o(.text)
    CAN1_SCE_IRQHandler                      0x08000243   Thumb Code     0  startup_stm32f40xx.o(.text)
    CAN1_TX_IRQHandler                       0x08000243   Thumb Code     0  startup_stm32f40xx.o(.text)
    CAN2_RX1_IRQHandler                      0x08000243   Thumb Code     0  startup_stm32f40xx.o(.text)
    CAN2_SCE_IRQHandler                      0x08000243   Thumb Code     0  startup_stm32f40xx.o(.text)
    CAN2_TX_IRQHandler                       0x08000243   Thumb Code     0  startup_stm32f40xx.o(.text)
    CRYP_IRQHandler                          0x08000243   Thumb Code     0  startup_stm32f40xx.o(.text)
    DCMI_IRQHandler                          0x08000243   Thumb Code     0  startup_stm32f40xx.o(.text)
    DMA1_Stream0_IRQHandler                  0x08000243   Thumb Code     0  startup_stm32f40xx.o(.text)
    DMA1_Stream1_IRQHandler                  0x08000243   Thumb Code     0  startup_stm32f40xx.o(.text)
    DMA1_Stream2_IRQHandler                  0x08000243   Thumb Code     0  startup_stm32f40xx.o(.text)
    DMA1_Stream3_IRQHandler                  0x08000243   Thumb Code     0  startup_stm32f40xx.o(.text)
    DMA1_Stream4_IRQHandler                  0x08000243   Thumb Code     0  startup_stm32f40xx.o(.text)
    DMA1_Stream5_IRQHandler                  0x08000243   Thumb Code     0  startup_stm32f40xx.o(.text)
    DMA1_Stream6_IRQHandler                  0x08000243   Thumb Code     0  startup_stm32f40xx.o(.text)
    DMA1_Stream7_IRQHandler                  0x08000243   Thumb Code     0  startup_stm32f40xx.o(.text)
    DMA2_Stream0_IRQHandler                  0x08000243   Thumb Code     0  startup_stm32f40xx.o(.text)
    DMA2_Stream1_IRQHandler                  0x08000243   Thumb Code     0  startup_stm32f40xx.o(.text)
    DMA2_Stream2_IRQHandler                  0x08000243   Thumb Code     0  startup_stm32f40xx.o(.text)
    DMA2_Stream3_IRQHandler                  0x08000243   Thumb Code     0  startup_stm32f40xx.o(.text)
    DMA2_Stream4_IRQHandler                  0x08000243   Thumb Code     0  startup_stm32f40xx.o(.text)
    DMA2_Stream5_IRQHandler                  0x08000243   Thumb Code     0  startup_stm32f40xx.o(.text)
    DMA2_Stream6_IRQHandler                  0x08000243   Thumb Code     0  startup_stm32f40xx.o(.text)
    DMA2_Stream7_IRQHandler                  0x08000243   Thumb Code     0  startup_stm32f40xx.o(.text)
    ETH_IRQHandler                           0x08000243   Thumb Code     0  startup_stm32f40xx.o(.text)
    ETH_WKUP_IRQHandler                      0x08000243   Thumb Code     0  startup_stm32f40xx.o(.text)
    EXTI15_10_IRQHandler                     0x08000243   Thumb Code     0  startup_stm32f40xx.o(.text)
    EXTI1_IRQHandler                         0x08000243   Thumb Code     0  startup_stm32f40xx.o(.text)
    EXTI2_IRQHandler                         0x08000243   Thumb Code     0  startup_stm32f40xx.o(.text)
    EXTI4_IRQHandler                         0x08000243   Thumb Code     0  startup_stm32f40xx.o(.text)
    EXTI9_5_IRQHandler                       0x08000243   Thumb Code     0  startup_stm32f40xx.o(.text)
    FLASH_IRQHandler                         0x08000243   Thumb Code     0  startup_stm32f40xx.o(.text)
    FPU_IRQHandler                           0x08000243   Thumb Code     0  startup_stm32f40xx.o(.text)
    FSMC_IRQHandler                          0x08000243   Thumb Code     0  startup_stm32f40xx.o(.text)
    HASH_RNG_IRQHandler                      0x08000243   Thumb Code     0  startup_stm32f40xx.o(.text)
    I2C1_ER_IRQHandler                       0x08000243   Thumb Code     0  startup_stm32f40xx.o(.text)
    I2C1_EV_IRQHandler                       0x08000243   Thumb Code     0  startup_stm32f40xx.o(.text)
    I2C2_ER_IRQHandler                       0x08000243   Thumb Code     0  startup_stm32f40xx.o(.text)
    I2C2_EV_IRQHandler                       0x08000243   Thumb Code     0  startup_stm32f40xx.o(.text)
    I2C3_ER_IRQHandler                       0x08000243   Thumb Code     0  startup_stm32f40xx.o(.text)
    I2C3_EV_IRQHandler                       0x08000243   Thumb Code     0  startup_stm32f40xx.o(.text)
    OTG_FS_IRQHandler                        0x08000243   Thumb Code     0  startup_stm32f40xx.o(.text)
    OTG_FS_WKUP_IRQHandler                   0x08000243   Thumb Code     0  startup_stm32f40xx.o(.text)
    OTG_HS_EP1_IN_IRQHandler                 0x08000243   Thumb Code     0  startup_stm32f40xx.o(.text)
    OTG_HS_EP1_OUT_IRQHandler                0x08000243   Thumb Code     0  startup_stm32f40xx.o(.text)
    OTG_HS_IRQHandler                        0x08000243   Thumb Code     0  startup_stm32f40xx.o(.text)
    OTG_HS_WKUP_IRQHandler                   0x08000243   Thumb Code     0  startup_stm32f40xx.o(.text)
    PVD_IRQHandler                           0x08000243   Thumb Code     0  startup_stm32f40xx.o(.text)
    RCC_IRQHandler                           0x08000243   Thumb Code     0  startup_stm32f40xx.o(.text)
    RTC_Alarm_IRQHandler                     0x08000243   Thumb Code     0  startup_stm32f40xx.o(.text)
    RTC_WKUP_IRQHandler                      0x08000243   Thumb Code     0  startup_stm32f40xx.o(.text)
    SDIO_IRQHandler                          0x08000243   Thumb Code     0  startup_stm32f40xx.o(.text)
    SPI1_IRQHandler                          0x08000243   Thumb Code     0  startup_stm32f40xx.o(.text)
    SPI2_IRQHandler                          0x08000243   Thumb Code     0  startup_stm32f40xx.o(.text)
    SPI3_IRQHandler                          0x08000243   Thumb Code     0  startup_stm32f40xx.o(.text)
    TAMP_STAMP_IRQHandler                    0x08000243   Thumb Code     0  startup_stm32f40xx.o(.text)
    TIM1_BRK_TIM9_IRQHandler                 0x08000243   Thumb Code     0  startup_stm32f40xx.o(.text)
    TIM1_CC_IRQHandler                       0x08000243   Thumb Code     0  startup_stm32f40xx.o(.text)
    TIM1_TRG_COM_TIM11_IRQHandler            0x08000243   Thumb Code     0  startup_stm32f40xx.o(.text)
    TIM1_UP_TIM10_IRQHandler                 0x08000243   Thumb Code     0  startup_stm32f40xx.o(.text)
    TIM2_IRQHandler                          0x08000243   Thumb Code     0  startup_stm32f40xx.o(.text)
    TIM3_IRQHandler                          0x08000243   Thumb Code     0  startup_stm32f40xx.o(.text)
    TIM4_IRQHandler                          0x08000243   Thumb Code     0  startup_stm32f40xx.o(.text)
    TIM5_IRQHandler                          0x08000243   Thumb Code     0  startup_stm32f40xx.o(.text)
    TIM7_IRQHandler                          0x08000243   Thumb Code     0  startup_stm32f40xx.o(.text)
    TIM8_BRK_TIM12_IRQHandler                0x08000243   Thumb Code     0  startup_stm32f40xx.o(.text)
    TIM8_CC_IRQHandler                       0x08000243   Thumb Code     0  startup_stm32f40xx.o(.text)
    TIM8_TRG_COM_TIM14_IRQHandler            0x08000243   Thumb Code     0  startup_stm32f40xx.o(.text)
    TIM8_UP_TIM13_IRQHandler                 0x08000243   Thumb Code     0  startup_stm32f40xx.o(.text)
    UART4_IRQHandler                         0x08000243   Thumb Code     0  startup_stm32f40xx.o(.text)
    UART5_IRQHandler                         0x08000243   Thumb Code     0  startup_stm32f40xx.o(.text)
    USART2_IRQHandler                        0x08000243   Thumb Code     0  startup_stm32f40xx.o(.text)
    USART6_IRQHandler                        0x08000243   Thumb Code     0  startup_stm32f40xx.o(.text)
    WWDG_IRQHandler                          0x08000243   Thumb Code     0  startup_stm32f40xx.o(.text)
    __user_initial_stackheap                 0x08000245   Thumb Code     0  startup_stm32f40xx.o(.text)
    __aeabi_memcpy4                          0x08000269   Thumb Code     0  rt_memcpy_w.o(.text)
    __aeabi_memcpy8                          0x08000269   Thumb Code     0  rt_memcpy_w.o(.text)
    __rt_memcpy_w                            0x08000269   Thumb Code   100  rt_memcpy_w.o(.text)
    _memcpy_lastbytes_aligned                0x080002b1   Thumb Code     0  rt_memcpy_w.o(.text)
    __aeabi_memclr4                          0x080002cd   Thumb Code     0  rt_memclr_w.o(.text)
    __aeabi_memclr8                          0x080002cd   Thumb Code     0  rt_memclr_w.o(.text)
    __rt_memclr_w                            0x080002cd   Thumb Code    78  rt_memclr_w.o(.text)
    _memset_w                                0x080002d1   Thumb Code     0  rt_memclr_w.o(.text)
    __use_two_region_memory                  0x0800031b   Thumb Code     2  heapauxi.o(.text)
    __rt_heap_escrow$2region                 0x0800031d   Thumb Code     2  heapauxi.o(.text)
    __rt_heap_expand$2region                 0x0800031f   Thumb Code     2  heapauxi.o(.text)
    __read_errno                             0x08000321   Thumb Code    10  _rserrno.o(.text)
    __set_errno                              0x0800032b   Thumb Code    12  _rserrno.o(.text)
    __aeabi_errno_addr                       0x08000339   Thumb Code     8  rt_errno_addr_intlibspace.o(.text)
    __errno$intlibspace                      0x08000339   Thumb Code     0  rt_errno_addr_intlibspace.o(.text)
    __rt_errno_addr$intlibspace              0x08000339   Thumb Code     0  rt_errno_addr_intlibspace.o(.text)
    __user_libspace                          0x08000341   Thumb Code     8  libspace.o(.text)
    __user_perproc_libspace                  0x08000341   Thumb Code     0  libspace.o(.text)
    __user_perthread_libspace                0x08000341   Thumb Code     0  libspace.o(.text)
    __user_setup_stackheap                   0x08000349   Thumb Code    74  sys_stackheap_outer.o(.text)
    exit                                     0x08000393   Thumb Code    18  exit.o(.text)
    _sys_exit                                0x080003a5   Thumb Code     8  sys_exit.o(.text)
    __I$use$semihosting                      0x080003b1   Thumb Code     0  use_no_semi.o(.text)
    __use_no_semihosting_swi                 0x080003b1   Thumb Code     2  use_no_semi.o(.text)
    __semihosting_library_function           0x080003b3   Thumb Code     0  indicate_semi.o(.text)
    AHRS_GetDataStatus                       0x080003b5   Thumb Code     8  ahrs.o(i.AHRS_GetDataStatus)
    AHRS_Init                                0x080003c1   Thumb Code   100  ahrs.o(i.AHRS_Init)
    AHRS_Q_To_Angle                          0x08000431   Thumb Code   518  ahrs.o(i.AHRS_Q_To_Angle)
    AHRS_SetDataStatus                       0x08000649   Thumb Code     8  ahrs.o(i.AHRS_SetDataStatus)
    AHRS_Update                              0x08000655   Thumb Code   144  imu.o(i.AHRS_Update)
    BSP_FLASH_GetFlashSector                 0x080006e9   Thumb Code   116  flash.o(i.BSP_FLASH_GetFlashSector)
    Bsp_Can_Init                             0x08000789   Thumb Code   190  can.o(i.Bsp_Can_Init)
    Bsp_DMA_Init                             0x08000851   Thumb Code   260  dma.o(i.Bsp_DMA_Init)
    Bsp_Flash_Write                          0x08000969   Thumb Code   168  flash.o(i.Bsp_Flash_Write)
    Bsp_GPIO_Init                            0x08000a15   Thumb Code   368  gpio.o(i.Bsp_GPIO_Init)
    Bsp_IIC_Init                             0x08000b8d   Thumb Code   102  i2c.o(i.Bsp_IIC_Init)
    Bsp_NVIC_Init                            0x08000c01   Thumb Code    98  nvic.o(i.Bsp_NVIC_Init)
    Bsp_Spi_Init                             0x08000c65   Thumb Code    92  spi.o(i.Bsp_Spi_Init)
    Bsp_Tim_Init                             0x08000cc5   Thumb Code    96  tim.o(i.Bsp_Tim_Init)
    Bsp_Usart_Init                           0x08000d29   Thumb Code   160  usart.o(i.Bsp_Usart_Init)
    BusFault_Handler                         0x08000dd1   Thumb Code     4  stm32f4xx_it.o(i.BusFault_Handler)
    CAN1_RX0_IRQHandler                      0x08000dd5   Thumb Code    36  can.o(i.CAN1_RX0_IRQHandler)
    CAN2_RX0_IRQHandler                      0x08000dfd   Thumb Code    36  can.o(i.CAN2_RX0_IRQHandler)
    CAN_ClearITPendingBit                    0x08000e25   Thumb Code   162  stm32f4xx_can.o(i.CAN_ClearITPendingBit)
    CAN_DeInit                               0x08000ecd   Thumb Code    50  stm32f4xx_can.o(i.CAN_DeInit)
    CAN_FilterInit                           0x08000f05   Thumb Code   258  stm32f4xx_can.o(i.CAN_FilterInit)
    CAN_GetITStatus                          0x0800100d   Thumb Code   284  stm32f4xx_can.o(i.CAN_GetITStatus)
    CAN_ITConfig                             0x0800112d   Thumb Code    18  stm32f4xx_can.o(i.CAN_ITConfig)
    CAN_Init                                 0x0800113f   Thumb Code   276  stm32f4xx_can.o(i.CAN_Init)
    CAN_Receive                              0x08001253   Thumb Code   240  stm32f4xx_can.o(i.CAN_Receive)
    CAN_StructInit                           0x08001343   Thumb Code    32  stm32f4xx_can.o(i.CAN_StructInit)
    CAN_Transmit                             0x08001363   Thumb Code   294  stm32f4xx_can.o(i.CAN_Transmit)
    Can_AngleSend                            0x08001489   Thumb Code   172  can.o(i.Can_AngleSend)
    DMA_ClearFlag                            0x0800154d   Thumb Code    38  stm32f4xx_dma.o(i.DMA_ClearFlag)
    DMA_Cmd                                  0x08001581   Thumb Code    22  stm32f4xx_dma.o(i.DMA_Cmd)
    DMA_DeInit                               0x08001599   Thumb Code   324  stm32f4xx_dma.o(i.DMA_DeInit)
    DMA_GetCmdStatus                         0x080016f1   Thumb Code    20  stm32f4xx_dma.o(i.DMA_GetCmdStatus)
    DMA_Init                                 0x08001705   Thumb Code    82  stm32f4xx_dma.o(i.DMA_Init)
    DMA_SetCurrDataCounter                   0x0800175d   Thumb Code     4  stm32f4xx_dma.o(i.DMA_SetCurrDataCounter)
    DMA_StructInit                           0x08001761   Thumb Code    34  stm32f4xx_dma.o(i.DMA_StructInit)
    DebugMon_Handler                         0x08001783   Thumb Code     2  stm32f4xx_it.o(i.DebugMon_Handler)
    Debug_Init                               0x08001785   Thumb Code    30  debug.o(i.Debug_Init)
    EXTI0_IRQHandler                         0x080017bd   Thumb Code    24  ist8310int.o(i.EXTI0_IRQHandler)
    EXTI3_IRQHandler                         0x080017d5   Thumb Code    58  icm20602int.o(i.EXTI3_IRQHandler)
    EXTI_ClearFlag                           0x08001819   Thumb Code     6  stm32f4xx_exti.o(i.EXTI_ClearFlag)
    EXTI_ClearITPendingBit                   0x08001825   Thumb Code     6  stm32f4xx_exti.o(i.EXTI_ClearITPendingBit)
    EXTI_GetITStatus                         0x08001831   Thumb Code    20  stm32f4xx_exti.o(i.EXTI_GetITStatus)
    EXTI_Init                                0x08001849   Thumb Code   142  stm32f4xx_exti.o(i.EXTI_Init)
    FLASH_DataCacheCmd                       0x080018dd   Thumb Code    30  stm32f4xx_flash.o(i.FLASH_DataCacheCmd)
    FLASH_EraseSector                        0x08001901   Thumb Code   130  stm32f4xx_flash.o(i.FLASH_EraseSector)
    FLASH_GetStatus                          0x08001989   Thumb Code    80  stm32f4xx_flash.o(i.FLASH_GetStatus)
    FLASH_Lock                               0x080019dd   Thumb Code    14  stm32f4xx_flash.o(i.FLASH_Lock)
    FLASH_ProgramByte                        0x080019f1   Thumb Code    70  stm32f4xx_flash.o(i.FLASH_ProgramByte)
    FLASH_Unlock                             0x08001a3d   Thumb Code    24  stm32f4xx_flash.o(i.FLASH_Unlock)
    FLASH_WaitForLastOperation               0x08001a61   Thumb Code    34  stm32f4xx_flash.o(i.FLASH_WaitForLastOperation)
    GPIO_Init                                0x08001a83   Thumb Code   144  stm32f4xx_gpio.o(i.GPIO_Init)
    GPIO_PinAFConfig                         0x08001b13   Thumb Code    70  stm32f4xx_gpio.o(i.GPIO_PinAFConfig)
    GPIO_ResetBits                           0x08001b59   Thumb Code     4  stm32f4xx_gpio.o(i.GPIO_ResetBits)
    GPIO_SetBits                             0x08001b5d   Thumb Code     4  stm32f4xx_gpio.o(i.GPIO_SetBits)
    Get_Time_Micros                          0x08001b61   Thumb Code     8  tim.o(i.Get_Time_Micros)
    HardFault_Handler                        0x08001b69   Thumb Code     4  stm32f4xx_it.o(i.HardFault_Handler)
    I2C_AcknowledgeConfig                    0x08001b6d   Thumb Code    24  stm32f4xx_i2c.o(i.I2C_AcknowledgeConfig)
    I2C_CheckEvent                           0x08001b85   Thumb Code    42  stm32f4xx_i2c.o(i.I2C_CheckEvent)
    I2C_Cmd                                  0x08001baf   Thumb Code    24  stm32f4xx_i2c.o(i.I2C_Cmd)
    I2C_DeInit                               0x08001bc9   Thumb Code    82  stm32f4xx_i2c.o(i.I2C_DeInit)
    I2C_GenerateSTART                        0x08001c29   Thumb Code    24  stm32f4xx_i2c.o(i.I2C_GenerateSTART)
    I2C_GenerateSTOP                         0x08001c41   Thumb Code    24  stm32f4xx_i2c.o(i.I2C_GenerateSTOP)
    I2C_GetFlagStatus                        0x08001c59   Thumb Code    58  stm32f4xx_i2c.o(i.I2C_GetFlagStatus)
    I2C_Init                                 0x08001c95   Thumb Code   218  stm32f4xx_i2c.o(i.I2C_Init)
    I2C_ReceiveData                          0x08001d7d   Thumb Code     8  stm32f4xx_i2c.o(i.I2C_ReceiveData)
    I2C_Send7bitAddress                      0x08001d85   Thumb Code    16  stm32f4xx_i2c.o(i.I2C_Send7bitAddress)
    I2C_SendData                             0x08001d95   Thumb Code     4  stm32f4xx_i2c.o(i.I2C_SendData)
    ICM20602_DataUpdate                      0x08001d99   Thumb Code    46  icm20602.o(i.ICM20602_DataUpdate)
    IIC_H_Read                               0x08001dcd   Thumb Code   258  i2c.o(i.IIC_H_Read)
    IIC_H_WriteByte                          0x08001ed9   Thumb Code   136  i2c.o(i.IIC_H_WriteByte)
    IST8310_GetCalcData                      0x08001f69   Thumb Code    32  ist8310.o(i.IST8310_GetCalcData)
    IST8310_GetData                          0x08001f89   Thumb Code    60  ist8310.o(i.IST8310_GetData)
    IST8310_GetDataStatus                    0x08001fc5   Thumb Code     6  ist8310.o(i.IST8310_GetDataStatus)
    IST8310_GetMagData                       0x08001fd1   Thumb Code    24  ist8310.o(i.IST8310_GetMagData)
    IST8310_GetStatus                        0x08001fe9   Thumb Code     6  ist8310.o(i.IST8310_GetStatus)
    IST8310_Read                             0x08001ff5   Thumb Code    24  ist8310dri.o(i.IST8310_Read)
    IST8310_ReadByte                         0x08002011   Thumb Code    24  ist8310dri.o(i.IST8310_ReadByte)
    IST8310_SetDataStatus                    0x0800202d   Thumb Code     6  ist8310.o(i.IST8310_SetDataStatus)
    IST8310_SetStatus                        0x08002039   Thumb Code     6  ist8310.o(i.IST8310_SetStatus)
    IST8310_WriteByte                        0x08002045   Thumb Code    20  ist8310dri.o(i.IST8310_WriteByte)
    Icm20602DataFilter                       0x0800205d   Thumb Code   278  icm20602.o(i.Icm20602DataFilter)
    Icm20602IntInit                          0x08002185   Thumb Code    48  icm20602int.o(i.Icm20602IntInit)
    Icm20602_CrossaxisTransformation         0x08002559   Thumb Code   268  icm20602.o(i.Icm20602_CrossaxisTransformation)
    Icm20602_GetData                         0x08002669   Thumb Code   220  icm20602.o(i.Icm20602_GetData)
    Icm20602_GetDataStatus                   0x08002745   Thumb Code     8  icm20602.o(i.Icm20602_GetDataStatus)
    Icm20602_GetIntStatus                    0x08002751   Thumb Code    20  icm20602.o(i.Icm20602_GetIntStatus)
    Icm20602_GetRegisterData                 0x08002765   Thumb Code    16  icm20602.o(i.Icm20602_GetRegisterData)
    Icm20602_GetStatus                       0x08002775   Thumb Code     6  icm20602.o(i.Icm20602_GetStatus)
    Icm20602_Get_Calibration_Status          0x08002781   Thumb Code     6  icm20602.o(i.Icm20602_Get_Calibration_Status)
    Icm20602_GyroDataLimit                   0x08002879   Thumb Code    72  icm20602.o(i.Icm20602_GyroDataLimit)
    Icm20602_OffsetInit                      0x080028c1   Thumb Code    18  icm20602.o(i.Icm20602_OffsetInit)
    Icm20602_ReadByte                        0x080028d9   Thumb Code    42  icm20602dri.o(i.Icm20602_ReadByte)
    Icm20602_ReadBytes                       0x08002909   Thumb Code    62  icm20602dri.o(i.Icm20602_ReadBytes)
    Icm20602_SetDataStatus                   0x0800294d   Thumb Code    22  icm20602.o(i.Icm20602_SetDataStatus)
    Icm20602_SetStatus                       0x08002969   Thumb Code     6  icm20602.o(i.Icm20602_SetStatus)
    Icm20602_Set_Calibration_Status          0x08002975   Thumb Code    18  icm20602.o(i.Icm20602_Set_Calibration_Status)
    Icm20602_WriteByte                       0x0800298d   Thumb Code    44  icm20602dri.o(i.Icm20602_WriteByte)
    Icm20602_calculate_calibration_values    0x080029bd   Thumb Code   240  icm20602.o(i.Icm20602_calculate_calibration_values)
    Icm20602_init                            0x08002ab1   Thumb Code   102  icm20602.o(i.Icm20602_init)
    Icm20602_isOpenAccelCalibrate            0x08002b1d   Thumb Code     6  icm20602.o(i.Icm20602_isOpenAccelCalibrate)
    Icm20602_openAccelCalibrate              0x08002b29   Thumb Code    18  icm20602.o(i.Icm20602_openAccelCalibrate)
    Ist8310_CrossaxisTransformation          0x08002b41   Thumb Code   306  ist8310.o(i.Ist8310_CrossaxisTransformation)
    Ist8310_Crossaxis_Matrix                 0x08002c75   Thumb Code   504  ist8310.o(i.Ist8310_Crossaxis_Matrix)
    Ist8310_DataUpdate                       0x08002e71   Thumb Code    10  ist8310.o(i.Ist8310_DataUpdate)
    Ist8310_Init                             0x08002e81   Thumb Code   154  ist8310.o(i.Ist8310_Init)
    KalmanFilter                             0x08002f21   Thumb Code   134  kalman.o(i.KalmanFilter)
    MemManage_Handler                        0x08002fa7   Thumb Code     4  stm32f4xx_it.o(i.MemManage_Handler)
    Monitor_Calc                             0x08002fab   Thumb Code    10  monitor.o(i.Monitor_Calc)
    Monitor_Init                             0x08002fb5   Thumb Code    40  monitor.o(i.Monitor_Init)
    Monitor_Reset                            0x08002fe1   Thumb Code     8  monitor.o(i.Monitor_Reset)
    Monitor_Set                              0x08002fe9   Thumb Code    10  monitor.o(i.Monitor_Set)
    Monitor_Update                           0x08002ff5   Thumb Code    40  monitor.o(i.Monitor_Update)
    Ms5611_DataUpdate                        0x08003021   Thumb Code    10  ms5611.o(i.Ms5611_DataUpdate)
    Ms5611_Read                              0x08003031   Thumb Code    24  ms5611dri.o(i.Ms5611_Read)
    Ms5611_ReadD                             0x0800304d   Thumb Code   130  ms5611.o(i.Ms5611_ReadD)
    Ms5611_WriteByte                         0x080030d1   Thumb Code    20  ms5611dri.o(i.Ms5611_WriteByte)
    NMI_Handler                              0x080030e9   Thumb Code     2  stm32f4xx_it.o(i.NMI_Handler)
    NVIC_Init                                0x080030ed   Thumb Code   106  misc.o(i.NVIC_Init)
    NVIC_PriorityGroupConfig                 0x08003165   Thumb Code    10  misc.o(i.NVIC_PriorityGroupConfig)
    PendSV_Handler                           0x08003179   Thumb Code     2  stm32f4xx_it.o(i.PendSV_Handler)
    RCC_AHB1PeriphClockCmd                   0x0800317d   Thumb Code    26  stm32f4xx_rcc.o(i.RCC_AHB1PeriphClockCmd)
    RCC_APB1PeriphClockCmd                   0x0800319d   Thumb Code    26  stm32f4xx_rcc.o(i.RCC_APB1PeriphClockCmd)
    RCC_APB1PeriphResetCmd                   0x080031bd   Thumb Code    26  stm32f4xx_rcc.o(i.RCC_APB1PeriphResetCmd)
    RCC_APB2PeriphClockCmd                   0x080031dd   Thumb Code    26  stm32f4xx_rcc.o(i.RCC_APB2PeriphClockCmd)
    RCC_APB2PeriphResetCmd                   0x080031fd   Thumb Code    26  stm32f4xx_rcc.o(i.RCC_APB2PeriphResetCmd)
    RCC_GetClocksFreq                        0x0800321d   Thumb Code   214  stm32f4xx_rcc.o(i.RCC_GetClocksFreq)
    SPI_Cmd                                  0x08003305   Thumb Code    24  stm32f4xx_spi.o(i.SPI_Cmd)
    SPI_I2S_DeInit                           0x0800331d   Thumb Code   152  stm32f4xx_spi.o(i.SPI_I2S_DeInit)
    SPI_I2S_GetFlagStatus                    0x080033cd   Thumb Code    18  stm32f4xx_spi.o(i.SPI_I2S_GetFlagStatus)
    SPI_I2S_ReceiveData                      0x080033df   Thumb Code     6  stm32f4xx_spi.o(i.SPI_I2S_ReceiveData)
    SPI_I2S_SendData                         0x080033e5   Thumb Code     4  stm32f4xx_spi.o(i.SPI_I2S_SendData)
    SPI_Init                                 0x080033e9   Thumb Code    60  stm32f4xx_spi.o(i.SPI_Init)
    SPI_WriteReadByte                        0x08003425   Thumb Code    48  spi.o(i.SPI_WriteReadByte)
    SVC_Handler                              0x08003459   Thumb Code     2  stm32f4xx_it.o(i.SVC_Handler)
    SYSCFG_EXTILineConfig                    0x0800345d   Thumb Code    60  stm32f4xx_syscfg.o(i.SYSCFG_EXTILineConfig)
    SysTick_Handler                          0x08003589   Thumb Code     2  stm32f4xx_it.o(i.SysTick_Handler)
    SystemInit                               0x0800358d   Thumb Code    88  system_stm32f4xx.o(i.SystemInit)
    TIM6_DAC_IRQHandler                      0x080035f5   Thumb Code    36  tim.o(i.TIM6_DAC_IRQHandler)
    TIM_ARRPreloadConfig                     0x08003621   Thumb Code    24  stm32f4xx_tim.o(i.TIM_ARRPreloadConfig)
    TIM_ClearFlag                            0x08003639   Thumb Code     6  stm32f4xx_tim.o(i.TIM_ClearFlag)
    TIM_ClearITPendingBit                    0x0800363f   Thumb Code     6  stm32f4xx_tim.o(i.TIM_ClearITPendingBit)
    TIM_Cmd                                  0x08003645   Thumb Code    24  stm32f4xx_tim.o(i.TIM_Cmd)
    TIM_GetITStatus                          0x0800365d   Thumb Code    34  stm32f4xx_tim.o(i.TIM_GetITStatus)
    TIM_ITConfig                             0x0800367f   Thumb Code    18  stm32f4xx_tim.o(i.TIM_ITConfig)
    TIM_TimeBaseInit                         0x08003691   Thumb Code   104  stm32f4xx_tim.o(i.TIM_TimeBaseInit)
    TIM_TimeBaseStructInit                   0x08003715   Thumb Code    18  stm32f4xx_tim.o(i.TIM_TimeBaseStructInit)
    USART1_IRQHandler                        0x08003729   Thumb Code    34  usart.o(i.USART1_IRQHandler)
    USART3_IRQHandler                        0x08003751   Thumb Code    34  usart.o(i.USART3_IRQHandler)
    USART_ClearITPendingBit                  0x08003779   Thumb Code    30  stm32f4xx_usart.o(i.USART_ClearITPendingBit)
    USART_Cmd                                0x08003797   Thumb Code    24  stm32f4xx_usart.o(i.USART_Cmd)
    USART_DMACmd                             0x080037af   Thumb Code    18  stm32f4xx_usart.o(i.USART_DMACmd)
    USART_DeInit                             0x080037c1   Thumb Code   206  stm32f4xx_usart.o(i.USART_DeInit)
    USART_GetITStatus                        0x080038b1   Thumb Code    84  stm32f4xx_usart.o(i.USART_GetITStatus)
    USART_Init                               0x08003905   Thumb Code   204  stm32f4xx_usart.o(i.USART_Init)
    USART_ReceiveData                        0x080039d9   Thumb Code    10  stm32f4xx_usart.o(i.USART_ReceiveData)
    USART_StructInit                         0x080039e3   Thumb Code    24  stm32f4xx_usart.o(i.USART_StructInit)
    UsageFault_Handler                       0x080039fb   Thumb Code     4  stm32f4xx_it.o(i.UsageFault_Handler)
    Usart_DMASend                            0x08003a01   Thumb Code    40  usart.o(i.Usart_DMASend)
    Usart_Send_Angle                         0x08003a31   Thumb Code   178  usart.o(i.Usart_Send_Angle)
    Usart_Send_Senser                        0x08003aed   Thumb Code   374  usart.o(i.Usart_Send_Senser)
    Usart_Send_Status                        0x08003c69   Thumb Code   332  usart.o(i.Usart_Send_Status)
    _6AxisAHRSupdate                         0x08003dbd   Thumb Code   990  ahrs.o(i._6AxisAHRSupdate)
    _9AxisAHRSupdate                         0x080041c9   Thumb Code  1782  ahrs.o(i._9AxisAHRSupdate)
    __ARM_fpclassify                         0x080048cd   Thumb Code    48  fpclassify.o(i.__ARM_fpclassify)
    __hardfp_asin                            0x08004901   Thumb Code   770  asin.o(i.__hardfp_asin)
    __hardfp_atan                            0x08004c61   Thumb Code   622  atan.o(i.__hardfp_atan)
    __hardfp_atan2                           0x08004f39   Thumb Code   432  atan2.o(i.__hardfp_atan2)
    __hardfp_sqrt                            0x08005129   Thumb Code   122  sqrt.o(i.__hardfp_sqrt)
    __kernel_poly                            0x080051a3   Thumb Code   248  poly.o(i.__kernel_poly)
    __mathlib_dbl_infnan                     0x0800529b   Thumb Code    20  dunder.o(i.__mathlib_dbl_infnan)
    __mathlib_dbl_infnan2                    0x080052af   Thumb Code    20  dunder.o(i.__mathlib_dbl_infnan2)
    __mathlib_dbl_invalid                    0x080052c9   Thumb Code    24  dunder.o(i.__mathlib_dbl_invalid)
    __mathlib_dbl_underflow                  0x080052e9   Thumb Code    24  dunder.o(i.__mathlib_dbl_underflow)
    atan                                     0x08005309   Thumb Code    16  atan.o(i.atan)
    cmd_init                                 0x0800538d   Thumb Code    30  initialize.o(i.cmd_init)
    controlLoop                              0x080053c5   Thumb Code   232  control.o(i.controlLoop)
    delay_ms                                 0x080054c5   Thumb Code    28  delay.o(i.delay_ms)
    delay_us                                 0x080054e1   Thumb Code    26  delay.o(i.delay_us)
    fabs                                     0x080054fb   Thumb Code    24  fabs.o(i.fabs)
    getFunctionTime                          0x08005513   Thumb Code    42  debug.o(i.getFunctionTime)
    getFunctionTimeInit                      0x0800553d   Thumb Code    86  debug.o(i.getFunctionTimeInit)
    kalmanCreate                             0x0800561d   Thumb Code    50  kalman.o(i.kalmanCreate)
    kalmanInit                               0x08005655   Thumb Code    88  kalman.o(i.kalmanInit)
    kalmanUpdate                             0x080056c9   Thumb Code   268  kalman.o(i.kalmanUpdate)
    main                                     0x080057f1   Thumb Code    44  main.o(i.main)
    mat_invert3                              0x08005825   Thumb Code   390  calibration.o(i.mat_invert3)
    sqrt                                     0x080059ab   Thumb Code   110  sqrt.o(i.sqrt)
    sysEnable                                0x08005a19   Thumb Code    30  tim.o(i.sysEnable)
    system_init                              0x08005a3d   Thumb Code    68  main.o(i.system_init)
    usart1_dma_upgrade                       0x08005a81   Thumb Code    80  usart.o(i.usart1_dma_upgrade)
    usart3_dma_upgrade                       0x08005ad5   Thumb Code    78  usart.o(i.usart3_dma_upgrade)
    __aeabi_dneg                             0x08005b29   Thumb Code     0  basic.o(x$fpl$basic)
    _dneg                                    0x08005b29   Thumb Code     6  basic.o(x$fpl$basic)
    __aeabi_fneg                             0x08005b2f   Thumb Code     0  basic.o(x$fpl$basic)
    _fneg                                    0x08005b2f   Thumb Code     6  basic.o(x$fpl$basic)
    _dabs                                    0x08005b35   Thumb Code     6  basic.o(x$fpl$basic)
    _fabs                                    0x08005b3b   Thumb Code     6  basic.o(x$fpl$basic)
    __aeabi_d2f                              0x08005b41   Thumb Code     0  d2f.o(x$fpl$d2f)
    _d2f                                     0x08005b41   Thumb Code    98  d2f.o(x$fpl$d2f)
    __aeabi_dadd                             0x08005ba5   Thumb Code     0  daddsub_clz.o(x$fpl$dadd)
    _dadd                                    0x08005ba5   Thumb Code   332  daddsub_clz.o(x$fpl$dadd)
    __aeabi_ddiv                             0x08005cf5   Thumb Code     0  ddiv.o(x$fpl$ddiv)
    _ddiv                                    0x08005cf5   Thumb Code   552  ddiv.o(x$fpl$ddiv)
    __aeabi_d2iz                             0x08005fa5   Thumb Code     0  dfix.o(x$fpl$dfix)
    _dfix                                    0x08005fa5   Thumb Code    94  dfix.o(x$fpl$dfix)
    __aeabi_i2d                              0x08006003   Thumb Code     0  dflt_clz.o(x$fpl$dflt)
    _dflt                                    0x08006003   Thumb Code    46  dflt_clz.o(x$fpl$dflt)
    __aeabi_dmul                             0x08006031   Thumb Code     0  dmul.o(x$fpl$dmul)
    _dmul                                    0x08006031   Thumb Code   332  dmul.o(x$fpl$dmul)
    __fpl_dnaninf                            0x08006185   Thumb Code   156  dnaninf.o(x$fpl$dnaninf)
    __fpl_dretinf                            0x08006221   Thumb Code    12  dretinf.o(x$fpl$dretinf)
    __aeabi_drsub                            0x0800622d   Thumb Code     0  daddsub_clz.o(x$fpl$drsb)
    _drsb                                    0x0800622d   Thumb Code    22  daddsub_clz.o(x$fpl$drsb)
    _dsqrt                                   0x08006245   Thumb Code   404  dsqrt_umaal.o(x$fpl$dsqrt)
    __aeabi_dsub                             0x080063dd   Thumb Code     0  daddsub_clz.o(x$fpl$dsub)
    _dsub                                    0x080063dd   Thumb Code   464  daddsub_clz.o(x$fpl$dsub)
    __aeabi_f2d                              0x080065b1   Thumb Code     0  f2d.o(x$fpl$f2d)
    _f2d                                     0x080065b1   Thumb Code    86  f2d.o(x$fpl$f2d)
    __fpl_fnaninf                            0x08006607   Thumb Code   140  fnaninf.o(x$fpl$fnaninf)
    _fp_init                                 0x08006693   Thumb Code    10  fpinit.o(x$fpl$fpinit)
    __fplib_config_fpu_vfp                   0x0800669b   Thumb Code     0  fpinit.o(x$fpl$fpinit)
    __fplib_config_pureend_doubles           0x0800669b   Thumb Code     0  fpinit.o(x$fpl$fpinit)
    __fpl_fretinf                            0x0800669d   Thumb Code    10  fretinf.o(x$fpl$fretinf)
    __I$use$fp                               0x080066a6   Number         0  usenofp.o(x$fpl$usenofp)
    __mathlib_zero                           0x080067a8   Data           8  qnan.o(.constdata)
    Region$$Table$$Base                      0x080067b0   Number         0  anon$$obj.o(Region$$Table)
    Region$$Table$$Limit                     0x080067d0   Number         0  anon$$obj.o(Region$$Table)
    g                                        0x20000010   Data           4  ahrs.o(.data)
    lastUpdate                               0x20000014   Data           4  ahrs.o(.data)
    now                                      0x20000018   Data           4  ahrs.o(.data)
    exInt                                    0x2000001c   Data           4  ahrs.o(.data)
    eyInt                                    0x20000020   Data           4  ahrs.o(.data)
    ezInt                                    0x20000024   Data           4  ahrs.o(.data)
    a                                        0x20000028   Data           1  ahrs.o(.data)
    b                                        0x20000029   Data           1  ahrs.o(.data)
    c                                        0x2000002a   Data           1  ahrs.o(.data)
    ahrs                                     0x2000002c   Data          48  ahrs.o(.bss)
    data_to_send                             0x2000005c   Data          50  usart.o(.bss)
    Kgx                                      0x20000090   Data          44  kalman.o(.bss)
    Kgy                                      0x200000bc   Data          44  kalman.o(.bss)
    Kgz                                      0x200000e8   Data          44  kalman.o(.bss)
    Kax                                      0x20000114   Data          44  kalman.o(.bss)
    Kay                                      0x20000140   Data          44  kalman.o(.bss)
    Kaz                                      0x2000016c   Data          44  kalman.o(.bss)
    debug                                    0x20000198   Data          20  debug.o(.bss)
    Ist8310_DataUpdate_t                     0x200001ac   Data          24  debug.o(.bss)
    ICM20602_DataUpdate_t                    0x200001c4   Data          24  debug.o(.bss)
    Ms5611_DataUpdate_t                      0x200001dc   Data          24  debug.o(.bss)
    AHRS_Update_t                            0x200001f4   Data          24  debug.o(.bss)
    controlLoop_t                            0x2000020c   Data          24  debug.o(.bss)
    icm20602                                 0x20000224   Data         168  icm20602.o(.bss)
    ist8310                                  0x200002cc   Data          56  ist8310.o(.bss)
    ms5611                                   0x20000304   Data          32  ms5611.o(.bss)
    cmd                                      0x20000324   Data          24  main.o(.bss)
    __libspace_start                         0x2000033c   Data          96  libspace.o(.bss)
    __temporary_stack_top$libspace           0x2000039c   Data           0  libspace.o(.bss)



==============================================================================

Memory Map of the image

  Image Entry point : 0x08000189

  Load Region LR_IROM1 (Base: 0x08000000, Size: 0x000067fc, Max: 0x00100000, ABSOLUTE)

    Execution Region ER_IROM1 (Base: 0x08000000, Size: 0x000067d0, Max: 0x00100000, ABSOLUTE)

    Base Addr    Size         Type   Attr      Idx    E Section Name        Object

    0x08000000   0x00000188   Data   RO         2681    RESET               startup_stm32f40xx.o
    0x08000188   0x00000008   Code   RO         4188  * !!!main             c_w.l(__main.o)
    0x08000190   0x00000034   Code   RO         4472    !!!scatter          c_w.l(__scatter.o)
    0x080001c4   0x0000001a   Code   RO         4474    !!handler_copy      c_w.l(__scatter_copy.o)
    0x080001de   0x00000002   PAD
    0x080001e0   0x0000001c   Code   RO         4476    !!handler_zi        c_w.l(__scatter_zi.o)
    0x080001fc   0x00000002   Code   RO         4345    .ARM.Collect$$libinit$$00000000  c_w.l(libinit.o)
    0x080001fe   0x00000004   Code   RO         4348    .ARM.Collect$$libinit$$00000001  c_w.l(libinit2.o)
    0x08000202   0x00000000   Code   RO         4351    .ARM.Collect$$libinit$$00000004  c_w.l(libinit2.o)
    0x08000202   0x00000000   Code   RO         4354    .ARM.Collect$$libinit$$0000000A  c_w.l(libinit2.o)
    0x08000202   0x00000000   Code   RO         4356    .ARM.Collect$$libinit$$0000000C  c_w.l(libinit2.o)
    0x08000202   0x00000000   Code   RO         4358    .ARM.Collect$$libinit$$0000000E  c_w.l(libinit2.o)
    0x08000202   0x00000000   Code   RO         4361    .ARM.Collect$$libinit$$00000011  c_w.l(libinit2.o)
    0x08000202   0x00000000   Code   RO         4363    .ARM.Collect$$libinit$$00000013  c_w.l(libinit2.o)
    0x08000202   0x00000000   Code   RO         4365    .ARM.Collect$$libinit$$00000015  c_w.l(libinit2.o)
    0x08000202   0x00000000   Code   RO         4367    .ARM.Collect$$libinit$$00000017  c_w.l(libinit2.o)
    0x08000202   0x00000000   Code   RO         4369    .ARM.Collect$$libinit$$00000019  c_w.l(libinit2.o)
    0x08000202   0x00000000   Code   RO         4371    .ARM.Collect$$libinit$$0000001B  c_w.l(libinit2.o)
    0x08000202   0x00000000   Code   RO         4373    .ARM.Collect$$libinit$$0000001D  c_w.l(libinit2.o)
    0x08000202   0x00000000   Code   RO         4375    .ARM.Collect$$libinit$$0000001F  c_w.l(libinit2.o)
    0x08000202   0x00000000   Code   RO         4377    .ARM.Collect$$libinit$$00000021  c_w.l(libinit2.o)
    0x08000202   0x00000000   Code   RO         4379    .ARM.Collect$$libinit$$00000023  c_w.l(libinit2.o)
    0x08000202   0x00000000   Code   RO         4381    .ARM.Collect$$libinit$$00000025  c_w.l(libinit2.o)
    0x08000202   0x00000000   Code   RO         4385    .ARM.Collect$$libinit$$0000002C  c_w.l(libinit2.o)
    0x08000202   0x00000000   Code   RO         4387    .ARM.Collect$$libinit$$0000002E  c_w.l(libinit2.o)
    0x08000202   0x00000000   Code   RO         4389    .ARM.Collect$$libinit$$00000030  c_w.l(libinit2.o)
    0x08000202   0x00000000   Code   RO         4391    .ARM.Collect$$libinit$$00000032  c_w.l(libinit2.o)
    0x08000202   0x00000002   Code   RO         4392    .ARM.Collect$$libinit$$00000033  c_w.l(libinit2.o)
    0x08000204   0x00000002   Code   RO         4412    .ARM.Collect$$libshutdown$$00000000  c_w.l(libshutdown.o)
    0x08000206   0x00000000   Code   RO         4425    .ARM.Collect$$libshutdown$$00000002  c_w.l(libshutdown2.o)
    0x08000206   0x00000000   Code   RO         4427    .ARM.Collect$$libshutdown$$00000004  c_w.l(libshutdown2.o)
    0x08000206   0x00000000   Code   RO         4430    .ARM.Collect$$libshutdown$$00000007  c_w.l(libshutdown2.o)
    0x08000206   0x00000000   Code   RO         4433    .ARM.Collect$$libshutdown$$0000000A  c_w.l(libshutdown2.o)
    0x08000206   0x00000000   Code   RO         4435    .ARM.Collect$$libshutdown$$0000000C  c_w.l(libshutdown2.o)
    0x08000206   0x00000000   Code   RO         4438    .ARM.Collect$$libshutdown$$0000000F  c_w.l(libshutdown2.o)
    0x08000206   0x00000002   Code   RO         4439    .ARM.Collect$$libshutdown$$00000010  c_w.l(libshutdown2.o)
    0x08000208   0x00000000   Code   RO         4256    .ARM.Collect$$rtentry$$00000000  c_w.l(__rtentry.o)
    0x08000208   0x00000000   Code   RO         4312    .ARM.Collect$$rtentry$$00000002  c_w.l(__rtentry2.o)
    0x08000208   0x00000006   Code   RO         4324    .ARM.Collect$$rtentry$$00000004  c_w.l(__rtentry4.o)
    0x0800020e   0x00000000   Code   RO         4314    .ARM.Collect$$rtentry$$00000009  c_w.l(__rtentry2.o)
    0x0800020e   0x00000004   Code   RO         4315    .ARM.Collect$$rtentry$$0000000A  c_w.l(__rtentry2.o)
    0x08000212   0x00000000   Code   RO         4317    .ARM.Collect$$rtentry$$0000000C  c_w.l(__rtentry2.o)
    0x08000212   0x00000008   Code   RO         4318    .ARM.Collect$$rtentry$$0000000D  c_w.l(__rtentry2.o)
    0x0800021a   0x00000002   Code   RO         4346    .ARM.Collect$$rtexit$$00000000  c_w.l(rtexit.o)
    0x0800021c   0x00000000   Code   RO         4394    .ARM.Collect$$rtexit$$00000002  c_w.l(rtexit2.o)
    0x0800021c   0x00000004   Code   RO         4395    .ARM.Collect$$rtexit$$00000003  c_w.l(rtexit2.o)
    0x08000220   0x00000006   Code   RO         4396    .ARM.Collect$$rtexit$$00000004  c_w.l(rtexit2.o)
    0x08000226   0x00000002   PAD
    0x08000228   0x00000040   Code   RO         2682    .text               startup_stm32f40xx.o
    0x08000268   0x00000064   Code   RO         4182    .text               c_w.l(rt_memcpy_w.o)
    0x080002cc   0x0000004e   Code   RO         4184    .text               c_w.l(rt_memclr_w.o)
    0x0800031a   0x00000006   Code   RO         4186    .text               c_w.l(heapauxi.o)
    0x08000320   0x00000016   Code   RO         4257    .text               c_w.l(_rserrno.o)
    0x08000336   0x00000002   PAD
    0x08000338   0x00000008   Code   RO         4329    .text               c_w.l(rt_errno_addr_intlibspace.o)
    0x08000340   0x00000008   Code   RO         4333    .text               c_w.l(libspace.o)
    0x08000348   0x0000004a   Code   RO         4336    .text               c_w.l(sys_stackheap_outer.o)
    0x08000392   0x00000012   Code   RO         4338    .text               c_w.l(exit.o)
    0x080003a4   0x0000000c   Code   RO         4404    .text               c_w.l(sys_exit.o)
    0x080003b0   0x00000002   Code   RO         4415    .text               c_w.l(use_no_semi.o)
    0x080003b2   0x00000000   Code   RO         4417    .text               c_w.l(indicate_semi.o)
    0x080003b2   0x00000002   PAD
    0x080003b4   0x0000000c   Code   RO         2908    i.AHRS_GetDataStatus  ahrs.o
    0x080003c0   0x00000070   Code   RO         2909    i.AHRS_Init         ahrs.o
    0x08000430   0x00000218   Code   RO         2910    i.AHRS_Q_To_Angle   ahrs.o
    0x08000648   0x0000000c   Code   RO         2911    i.AHRS_SetDataStatus  ahrs.o
    0x08000654   0x00000094   Code   RO         2805    i.AHRS_Update       imu.o
    0x080006e8   0x000000a0   Code   RO         3524    i.BSP_FLASH_GetFlashSector  flash.o
    0x08000788   0x000000c8   Code   RO         3263    i.Bsp_Can_Init      can.o
    0x08000850   0x00000118   Code   RO         3390    i.Bsp_DMA_Init      dma.o
    0x08000968   0x000000ac   Code   RO         3527    i.Bsp_Flash_Write   flash.o
    0x08000a14   0x00000178   Code   RO         3044    i.Bsp_GPIO_Init     gpio.o
    0x08000b8c   0x00000074   Code   RO         3074    i.Bsp_IIC_Init      i2c.o
    0x08000c00   0x00000062   Code   RO         3110    i.Bsp_NVIC_Init     nvic.o
    0x08000c62   0x00000002   PAD
    0x08000c64   0x00000060   Code   RO         3230    i.Bsp_Spi_Init      spi.o
    0x08000cc4   0x00000064   Code   RO         3188    i.Bsp_Tim_Init      tim.o
    0x08000d28   0x000000a8   Code   RO         3311    i.Bsp_Usart_Init    usart.o
    0x08000dd0   0x00000004   Code   RO         2689    i.BusFault_Handler  stm32f4xx_it.o
    0x08000dd4   0x00000028   Code   RO         3264    i.CAN1_RX0_IRQHandler  can.o
    0x08000dfc   0x00000028   Code   RO         3265    i.CAN2_RX0_IRQHandler  can.o
    0x08000e24   0x000000a8   Code   RO          161    i.CAN_ClearITPendingBit  stm32f4xx_can.o
    0x08000ecc   0x00000038   Code   RO          163    i.CAN_DeInit        stm32f4xx_can.o
    0x08000f04   0x00000108   Code   RO          165    i.CAN_FilterInit    stm32f4xx_can.o
    0x0800100c   0x00000120   Code   RO          167    i.CAN_GetITStatus   stm32f4xx_can.o
    0x0800112c   0x00000012   Code   RO          171    i.CAN_ITConfig      stm32f4xx_can.o
    0x0800113e   0x00000114   Code   RO          172    i.CAN_Init          stm32f4xx_can.o
    0x08001252   0x000000f0   Code   RO          175    i.CAN_Receive       stm32f4xx_can.o
    0x08001342   0x00000020   Code   RO          178    i.CAN_StructInit    stm32f4xx_can.o
    0x08001362   0x00000126   Code   RO          180    i.CAN_Transmit      stm32f4xx_can.o
    0x08001488   0x000000b0   Code   RO         3266    i.Can_AngleSend     can.o
    0x08001538   0x00000012   Code   RO          183    i.CheckITStatus     stm32f4xx_can.o
    0x0800154a   0x00000002   PAD
    0x0800154c   0x00000034   Code   RO         2046    i.DMA_ClearFlag     stm32f4xx_dma.o
    0x08001580   0x00000016   Code   RO         2048    i.DMA_Cmd           stm32f4xx_dma.o
    0x08001596   0x00000002   PAD
    0x08001598   0x00000158   Code   RO         2049    i.DMA_DeInit        stm32f4xx_dma.o
    0x080016f0   0x00000014   Code   RO         2053    i.DMA_GetCmdStatus  stm32f4xx_dma.o
    0x08001704   0x00000058   Code   RO         2060    i.DMA_Init          stm32f4xx_dma.o
    0x0800175c   0x00000004   Code   RO         2063    i.DMA_SetCurrDataCounter  stm32f4xx_dma.o
    0x08001760   0x00000022   Code   RO         2064    i.DMA_StructInit    stm32f4xx_dma.o
    0x08001782   0x00000002   Code   RO         2690    i.DebugMon_Handler  stm32f4xx_it.o
    0x08001784   0x00000038   Code   RO         3565    i.Debug_Init        debug.o
    0x080017bc   0x00000018   Code   RO         4022    i.EXTI0_IRQHandler  ist8310int.o
    0x080017d4   0x00000044   Code   RO         3854    i.EXTI3_IRQHandler  icm20602int.o
    0x08001818   0x0000000c   Code   RO          326    i.EXTI_ClearFlag    stm32f4xx_exti.o
    0x08001824   0x0000000c   Code   RO          327    i.EXTI_ClearITPendingBit  stm32f4xx_exti.o
    0x08001830   0x00000018   Code   RO          331    i.EXTI_GetITStatus  stm32f4xx_exti.o
    0x08001848   0x00000094   Code   RO          332    i.EXTI_Init         stm32f4xx_exti.o
    0x080018dc   0x00000024   Code   RO         2179    i.FLASH_DataCacheCmd  stm32f4xx_flash.o
    0x08001900   0x00000088   Code   RO         2184    i.FLASH_EraseSector  stm32f4xx_flash.o
    0x08001988   0x00000054   Code   RO         2186    i.FLASH_GetStatus   stm32f4xx_flash.o
    0x080019dc   0x00000014   Code   RO         2190    i.FLASH_Lock        stm32f4xx_flash.o
    0x080019f0   0x0000004c   Code   RO         2211    i.FLASH_ProgramByte  stm32f4xx_flash.o
    0x08001a3c   0x00000024   Code   RO         2216    i.FLASH_Unlock      stm32f4xx_flash.o
    0x08001a60   0x00000022   Code   RO         2217    i.FLASH_WaitForLastOperation  stm32f4xx_flash.o
    0x08001a82   0x00000090   Code   RO          393    i.GPIO_Init         stm32f4xx_gpio.o
    0x08001b12   0x00000046   Code   RO          394    i.GPIO_PinAFConfig  stm32f4xx_gpio.o
    0x08001b58   0x00000004   Code   RO          400    i.GPIO_ResetBits    stm32f4xx_gpio.o
    0x08001b5c   0x00000004   Code   RO          401    i.GPIO_SetBits      stm32f4xx_gpio.o
    0x08001b60   0x00000008   Code   RO         3189    i.Get_Time_Micros   tim.o
    0x08001b68   0x00000004   Code   RO         2691    i.HardFault_Handler  stm32f4xx_it.o
    0x08001b6c   0x00000018   Code   RO          495    i.I2C_AcknowledgeConfig  stm32f4xx_i2c.o
    0x08001b84   0x0000002a   Code   RO          498    i.I2C_CheckEvent    stm32f4xx_i2c.o
    0x08001bae   0x00000018   Code   RO          501    i.I2C_Cmd           stm32f4xx_i2c.o
    0x08001bc6   0x00000002   PAD
    0x08001bc8   0x00000060   Code   RO          504    i.I2C_DeInit        stm32f4xx_i2c.o
    0x08001c28   0x00000018   Code   RO          509    i.I2C_GenerateSTART  stm32f4xx_i2c.o
    0x08001c40   0x00000018   Code   RO          510    i.I2C_GenerateSTOP  stm32f4xx_i2c.o
    0x08001c58   0x0000003a   Code   RO          511    i.I2C_GetFlagStatus  stm32f4xx_i2c.o
    0x08001c92   0x00000002   PAD
    0x08001c94   0x000000e8   Code   RO          516    i.I2C_Init          stm32f4xx_i2c.o
    0x08001d7c   0x00000008   Code   RO          521    i.I2C_ReceiveData   stm32f4xx_i2c.o
    0x08001d84   0x00000010   Code   RO          523    i.I2C_Send7bitAddress  stm32f4xx_i2c.o
    0x08001d94   0x00000004   Code   RO          524    i.I2C_SendData      stm32f4xx_i2c.o
    0x08001d98   0x00000034   Code   RO         3651    i.ICM20602_DataUpdate  icm20602.o
    0x08001dcc   0x0000010c   Code   RO         3075    i.IIC_H_Read        i2c.o
    0x08001ed8   0x00000090   Code   RO         3076    i.IIC_H_WriteByte   i2c.o
    0x08001f68   0x00000020   Code   RO         3890    i.IST8310_GetCalcData  ist8310.o
    0x08001f88   0x0000003c   Code   RO         3891    i.IST8310_GetData   ist8310.o
    0x08001fc4   0x0000000c   Code   RO         3892    i.IST8310_GetDataStatus  ist8310.o
    0x08001fd0   0x00000018   Code   RO         3894    i.IST8310_GetMagData  ist8310.o
    0x08001fe8   0x0000000c   Code   RO         3895    i.IST8310_GetStatus  ist8310.o
    0x08001ff4   0x0000001c   Code   RO         3986    i.IST8310_Read      ist8310dri.o
    0x08002010   0x0000001c   Code   RO         3987    i.IST8310_ReadByte  ist8310dri.o
    0x0800202c   0x0000000c   Code   RO         3896    i.IST8310_SetDataStatus  ist8310.o
    0x08002038   0x0000000c   Code   RO         3897    i.IST8310_SetStatus  ist8310.o
    0x08002044   0x00000018   Code   RO         3988    i.IST8310_WriteByte  ist8310dri.o
    0x0800205c   0x00000128   Code   RO         3652    i.Icm20602DataFilter  icm20602.o
    0x08002184   0x00000030   Code   RO         3855    i.Icm20602IntInit   icm20602int.o
    0x080021b4   0x000003a4   Code   RO         3653    i.Icm20602_AccelCalc  icm20602.o
    0x08002558   0x00000110   Code   RO         3654    i.Icm20602_CrossaxisTransformation  icm20602.o
    0x08002668   0x000000dc   Code   RO         3655    i.Icm20602_GetData  icm20602.o
    0x08002744   0x0000000c   Code   RO         3656    i.Icm20602_GetDataStatus  icm20602.o
    0x08002750   0x00000014   Code   RO         3657    i.Icm20602_GetIntStatus  icm20602.o
    0x08002764   0x00000010   Code   RO         3658    i.Icm20602_GetRegisterData  icm20602.o
    0x08002774   0x0000000c   Code   RO         3659    i.Icm20602_GetStatus  icm20602.o
    0x08002780   0x0000000c   Code   RO         3661    i.Icm20602_Get_Calibration_Status  icm20602.o
    0x0800278c   0x000000ec   Code   RO         3663    i.Icm20602_GyroCalc  icm20602.o
    0x08002878   0x00000048   Code   RO         3664    i.Icm20602_GyroDataLimit  icm20602.o
    0x080028c0   0x00000018   Code   RO         3665    i.Icm20602_OffsetInit  icm20602.o
    0x080028d8   0x00000030   Code   RO         3818    i.Icm20602_ReadByte  icm20602dri.o
    0x08002908   0x00000044   Code   RO         3819    i.Icm20602_ReadBytes  icm20602dri.o
    0x0800294c   0x0000001c   Code   RO         3666    i.Icm20602_SetDataStatus  icm20602.o
    0x08002968   0x0000000c   Code   RO         3667    i.Icm20602_SetStatus  icm20602.o
    0x08002974   0x00000018   Code   RO         3669    i.Icm20602_Set_Calibration_Status  icm20602.o
    0x0800298c   0x00000030   Code   RO         3820    i.Icm20602_WriteByte  icm20602dri.o
    0x080029bc   0x000000f4   Code   RO         3671    i.Icm20602_calculate_calibration_values  icm20602.o
    0x08002ab0   0x0000006c   Code   RO         3672    i.Icm20602_init     icm20602.o
    0x08002b1c   0x0000000c   Code   RO         3673    i.Icm20602_isOpenAccelCalibrate  icm20602.o
    0x08002b28   0x00000018   Code   RO         3674    i.Icm20602_openAccelCalibrate  icm20602.o
    0x08002b40   0x00000132   Code   RO         3898    i.Ist8310_CrossaxisTransformation  ist8310.o
    0x08002c72   0x00000002   PAD
    0x08002c74   0x000001fc   Code   RO         3899    i.Ist8310_Crossaxis_Matrix  ist8310.o
    0x08002e70   0x00000010   Code   RO         3900    i.Ist8310_DataUpdate  ist8310.o
    0x08002e80   0x000000a0   Code   RO         3901    i.Ist8310_Init      ist8310.o
    0x08002f20   0x00000086   Code   RO         3443    i.KalmanFilter      kalman.o
    0x08002fa6   0x00000004   Code   RO         2692    i.MemManage_Handler  stm32f4xx_it.o
    0x08002faa   0x0000000a   Code   RO         3137    i.Monitor_Calc      monitor.o
    0x08002fb4   0x0000002c   Code   RO         3138    i.Monitor_Init      monitor.o
    0x08002fe0   0x00000008   Code   RO         3139    i.Monitor_Reset     monitor.o
    0x08002fe8   0x0000000a   Code   RO         3140    i.Monitor_Set       monitor.o
    0x08002ff2   0x00000002   PAD
    0x08002ff4   0x0000002c   Code   RO         3141    i.Monitor_Update    monitor.o
    0x08003020   0x00000010   Code   RO         4055    i.Ms5611_DataUpdate  ms5611.o
    0x08003030   0x0000001c   Code   RO         4108    i.Ms5611_Read       ms5611dri.o
    0x0800304c   0x00000082   Code   RO         4058    i.Ms5611_ReadD      ms5611.o
    0x080030ce   0x00000002   PAD
    0x080030d0   0x00000018   Code   RO         4110    i.Ms5611_WriteByte  ms5611dri.o
    0x080030e8   0x00000002   Code   RO         2693    i.NMI_Handler       stm32f4xx_it.o
    0x080030ea   0x00000002   PAD
    0x080030ec   0x00000078   Code   RO            4    i.NVIC_Init         misc.o
    0x08003164   0x00000014   Code   RO            5    i.NVIC_PriorityGroupConfig  misc.o
    0x08003178   0x00000002   Code   RO         2694    i.PendSV_Handler    stm32f4xx_it.o
    0x0800317a   0x00000002   PAD
    0x0800317c   0x00000020   Code   RO          722    i.RCC_AHB1PeriphClockCmd  stm32f4xx_rcc.o
    0x0800319c   0x00000020   Code   RO          731    i.RCC_APB1PeriphClockCmd  stm32f4xx_rcc.o
    0x080031bc   0x00000020   Code   RO          733    i.RCC_APB1PeriphResetCmd  stm32f4xx_rcc.o
    0x080031dc   0x00000020   Code   RO          734    i.RCC_APB2PeriphClockCmd  stm32f4xx_rcc.o
    0x080031fc   0x00000020   Code   RO          736    i.RCC_APB2PeriphResetCmd  stm32f4xx_rcc.o
    0x0800321c   0x000000e8   Code   RO          743    i.RCC_GetClocksFreq  stm32f4xx_rcc.o
    0x08003304   0x00000018   Code   RO         1066    i.SPI_Cmd           stm32f4xx_spi.o
    0x0800331c   0x000000b0   Code   RO         1073    i.SPI_I2S_DeInit    stm32f4xx_spi.o
    0x080033cc   0x00000012   Code   RO         1074    i.SPI_I2S_GetFlagStatus  stm32f4xx_spi.o
    0x080033de   0x00000006   Code   RO         1077    i.SPI_I2S_ReceiveData  stm32f4xx_spi.o
    0x080033e4   0x00000004   Code   RO         1078    i.SPI_I2S_SendData  stm32f4xx_spi.o
    0x080033e8   0x0000003c   Code   RO         1079    i.SPI_Init          stm32f4xx_spi.o
    0x08003424   0x00000034   Code   RO         3231    i.SPI_WriteReadByte  spi.o
    0x08003458   0x00000002   Code   RO         2695    i.SVC_Handler       stm32f4xx_it.o
    0x0800345a   0x00000002   PAD
    0x0800345c   0x00000040   Code   RO         1231    i.SYSCFG_EXTILineConfig  stm32f4xx_syscfg.o
    0x0800349c   0x000000ec   Code   RO         2764    i.SetSysClock       system_stm32f4xx.o
    0x08003588   0x00000002   Code   RO         2696    i.SysTick_Handler   stm32f4xx_it.o
    0x0800358a   0x00000002   PAD
    0x0800358c   0x00000068   Code   RO         2766    i.SystemInit        system_stm32f4xx.o
    0x080035f4   0x0000002c   Code   RO         3190    i.TIM6_DAC_IRQHandler  tim.o
    0x08003620   0x00000018   Code   RO         1292    i.TIM_ARRPreloadConfig  stm32f4xx_tim.o
    0x08003638   0x00000006   Code   RO         1298    i.TIM_ClearFlag     stm32f4xx_tim.o
    0x0800363e   0x00000006   Code   RO         1299    i.TIM_ClearITPendingBit  stm32f4xx_tim.o
    0x08003644   0x00000018   Code   RO         1304    i.TIM_Cmd           stm32f4xx_tim.o
    0x0800365c   0x00000022   Code   RO         1325    i.TIM_GetITStatus   stm32f4xx_tim.o
    0x0800367e   0x00000012   Code   RO         1329    i.TIM_ITConfig      stm32f4xx_tim.o
    0x08003690   0x00000084   Code   RO         1376    i.TIM_TimeBaseInit  stm32f4xx_tim.o
    0x08003714   0x00000012   Code   RO         1377    i.TIM_TimeBaseStructInit  stm32f4xx_tim.o
    0x08003726   0x00000002   PAD
    0x08003728   0x00000028   Code   RO         3312    i.USART1_IRQHandler  usart.o
    0x08003750   0x00000028   Code   RO         3313    i.USART3_IRQHandler  usart.o
    0x08003778   0x0000001e   Code   RO         1855    i.USART_ClearITPendingBit  stm32f4xx_usart.o
    0x08003796   0x00000018   Code   RO         1858    i.USART_Cmd         stm32f4xx_usart.o
    0x080037ae   0x00000012   Code   RO         1859    i.USART_DMACmd      stm32f4xx_usart.o
    0x080037c0   0x000000f0   Code   RO         1860    i.USART_DeInit      stm32f4xx_usart.o
    0x080038b0   0x00000054   Code   RO         1862    i.USART_GetITStatus  stm32f4xx_usart.o
    0x08003904   0x000000d4   Code   RO         1865    i.USART_Init        stm32f4xx_usart.o
    0x080039d8   0x0000000a   Code   RO         1872    i.USART_ReceiveData  stm32f4xx_usart.o
    0x080039e2   0x00000018   Code   RO         1881    i.USART_StructInit  stm32f4xx_usart.o
    0x080039fa   0x00000004   Code   RO         2697    i.UsageFault_Handler  stm32f4xx_it.o
    0x080039fe   0x00000002   PAD
    0x08003a00   0x00000030   Code   RO         3314    i.Usart_DMASend     usart.o
    0x08003a30   0x000000bc   Code   RO         3315    i.Usart_Send_Angle  usart.o
    0x08003aec   0x0000017c   Code   RO         3316    i.Usart_Send_Senser  usart.o
    0x08003c68   0x00000154   Code   RO         3317    i.Usart_Send_Status  usart.o
    0x08003dbc   0x0000040c   Code   RO         2912    i._6AxisAHRSupdate  ahrs.o
    0x080041c8   0x00000704   Code   RO         2913    i._9AxisAHRSupdate  ahrs.o
    0x080048cc   0x00000030   Code   RO         4306    i.__ARM_fpclassify  m_wm.l(fpclassify.o)
    0x080048fc   0x00000004   PAD
    0x08004900   0x00000360   Code   RO         4218    i.__hardfp_asin     m_wm.l(asin.o)
    0x08004c60   0x000002d8   Code   RO         4272    i.__hardfp_atan     m_wm.l(atan.o)
    0x08004f38   0x000001f0   Code   RO         4232    i.__hardfp_atan2    m_wm.l(atan2.o)
    0x08005128   0x0000007a   Code   RO         4244    i.__hardfp_sqrt     m_wm.l(sqrt.o)
    0x080051a2   0x000000f8   Code   RO         4308    i.__kernel_poly     m_wm.l(poly.o)
    0x0800529a   0x00000014   Code   RO         4287    i.__mathlib_dbl_infnan  m_wm.l(dunder.o)
    0x080052ae   0x00000014   Code   RO         4288    i.__mathlib_dbl_infnan2  m_wm.l(dunder.o)
    0x080052c2   0x00000006   PAD
    0x080052c8   0x00000020   Code   RO         4289    i.__mathlib_dbl_invalid  m_wm.l(dunder.o)
    0x080052e8   0x00000020   Code   RO         4292    i.__mathlib_dbl_underflow  m_wm.l(dunder.o)
    0x08005308   0x00000010   Code   RO         4274    i.atan              m_wm.l(atan.o)
    0x08005318   0x00000074   Code   RO         2975    i.cmdOffsetDataInit  initialize.o
    0x0800538c   0x00000038   Code   RO         2976    i.cmd_init          initialize.o
    0x080053c4   0x00000100   Code   RO         2868    i.controlLoop       control.o
    0x080054c4   0x0000001c   Code   RO         3011    i.delay_ms          delay.o
    0x080054e0   0x0000001a   Code   RO         3012    i.delay_us          delay.o
    0x080054fa   0x00000018   Code   RO         4302    i.fabs              m_wm.l(fabs.o)
    0x08005512   0x0000002a   Code   RO         3566    i.getFunctionTime   debug.o
    0x0800553c   0x00000080   Code   RO         3567    i.getFunctionTimeInit  debug.o
    0x080055bc   0x00000008   Code   RO         3568    i.getFunctionTimeMicros  debug.o
    0x080055c4   0x0000001c   Code   RO         3569    i.getFunctionTimeStructInit  debug.o
    0x080055e0   0x0000003c   Code   RO         2914    i.invSqrt           ahrs.o
    0x0800561c   0x00000038   Code   RO         3444    i.kalmanCreate      kalman.o
    0x08005654   0x00000074   Code   RO         3445    i.kalmanInit        kalman.o
    0x080056c8   0x00000128   Code   RO         3446    i.kalmanUpdate      kalman.o
    0x080057f0   0x00000034   Code   RO         4144    i.main              main.o
    0x08005824   0x00000186   Code   RO         3492    i.mat_invert3       calibration.o
    0x080059aa   0x0000006e   Code   RO         4246    i.sqrt              m_wm.l(sqrt.o)
    0x08005a18   0x00000024   Code   RO         3191    i.sysEnable         tim.o
    0x08005a3c   0x00000044   Code   RO         4145    i.system_init       main.o
    0x08005a80   0x00000054   Code   RO         3318    i.usart1_dma_upgrade  usart.o
    0x08005ad4   0x00000054   Code   RO         3319    i.usart3_dma_upgrade  usart.o
    0x08005b28   0x00000018   Code   RO         4190    x$fpl$basic         fz_wm.l(basic.o)
    0x08005b40   0x00000062   Code   RO         4192    x$fpl$d2f           fz_wm.l(d2f.o)
    0x08005ba2   0x00000002   PAD
    0x08005ba4   0x00000150   Code   RO         4194    x$fpl$dadd          fz_wm.l(daddsub_clz.o)
    0x08005cf4   0x000002b0   Code   RO         4201    x$fpl$ddiv          fz_wm.l(ddiv.o)
    0x08005fa4   0x0000005e   Code   RO         4204    x$fpl$dfix          fz_wm.l(dfix.o)
    0x08006002   0x0000002e   Code   RO         4209    x$fpl$dflt          fz_wm.l(dflt_clz.o)
    0x08006030   0x00000154   Code   RO         4214    x$fpl$dmul          fz_wm.l(dmul.o)
    0x08006184   0x0000009c   Code   RO         4261    x$fpl$dnaninf       fz_wm.l(dnaninf.o)
    0x08006220   0x0000000c   Code   RO         4263    x$fpl$dretinf       fz_wm.l(dretinf.o)
    0x0800622c   0x00000016   Code   RO         4195    x$fpl$drsb          fz_wm.l(daddsub_clz.o)
    0x08006242   0x00000002   PAD
    0x08006244   0x00000198   Code   RO         4265    x$fpl$dsqrt         fz_wm.l(dsqrt_umaal.o)
    0x080063dc   0x000001d4   Code   RO         4196    x$fpl$dsub          fz_wm.l(daddsub_clz.o)
    0x080065b0   0x00000056   Code   RO         4216    x$fpl$f2d           fz_wm.l(f2d.o)
    0x08006606   0x0000008c   Code   RO         4267    x$fpl$fnaninf       fz_wm.l(fnaninf.o)
    0x08006692   0x0000000a   Code   RO         4402    x$fpl$fpinit        fz_wm.l(fpinit.o)
    0x0800669c   0x0000000a   Code   RO         4269    x$fpl$fretinf       fz_wm.l(fretinf.o)
    0x080066a6   0x00000000   Code   RO         4271    x$fpl$usenofp       fz_wm.l(usenofp.o)
    0x080066a6   0x00000002   PAD
    0x080066a8   0x00000018   Data   RO         3676    .constdata          icm20602.o
    0x080066c0   0x00000050   Data   RO         4221    .constdata          m_wm.l(asin.o)
    0x08006710   0x00000098   Data   RO         4275    .constdata          m_wm.l(atan.o)
    0x080067a8   0x00000008   Data   RO         4310    .constdata          m_wm.l(qnan.o)
    0x080067b0   0x00000020   Data   RO         4470    Region$$Table       anon$$obj.o


    Execution Region RW_IRAM1 (Base: 0x20000000, Size: 0x000009a0, Max: 0x00020000, ABSOLUTE)

    Base Addr    Size         Type   Attr      Idx    E Section Name        Object

    0x20000000   0x00000010   Data   RW          775    .data               stm32f4xx_rcc.o
    0x20000010   0x0000001b   Data   RW         2916    .data               ahrs.o
    0x2000002b   0x00000001   PAD
    0x2000002c   0x00000030   Zero   RW         2915    .bss                ahrs.o
    0x2000005c   0x00000032   Zero   RW         3320    .bss                usart.o
    0x2000008e   0x00000002   PAD
    0x20000090   0x00000108   Zero   RW         3447    .bss                kalman.o
    0x20000198   0x0000008c   Zero   RW         3570    .bss                debug.o
    0x20000224   0x000000a8   Zero   RW         3675    .bss                icm20602.o
    0x200002cc   0x00000038   Zero   RW         3902    .bss                ist8310.o
    0x20000304   0x00000020   Zero   RW         4060    .bss                ms5611.o
    0x20000324   0x00000018   Zero   RW         4146    .bss                main.o
    0x2000033c   0x00000060   Zero   RW         4334    .bss                c_w.l(libspace.o)
    0x2000039c   0x00000004   PAD
    0x200003a0   0x00000200   Zero   RW         2680    HEAP                startup_stm32f40xx.o
    0x200005a0   0x00000400   Zero   RW         2679    STACK               startup_stm32f40xx.o


==============================================================================

Image component sizes


      Code (inc. data)   RO Data    RW Data    ZI Data      Debug   Object Name

      3564        146          0         27         48       6642   ahrs.o
       390          0          0          0          0        618   calibration.o
       456         22          0          0          0       2803   can.o
       256         24          0          0          0        582   control.o
       262         74          0          0        140       3664   debug.o
        54          0          0          0          0       1090   delay.o
       280         20          0          0          0        703   dma.o
       332         48          0          0          0       2153   flash.o
       376          8          0          0          0        704   gpio.o
       528         32          0          0          0       2514   i2c.o
      2628        110         24          0        168      13876   icm20602.o
       164         16          0          0          0       2542   icm20602dri.o
       116         10          0          0          0       1081   icm20602int.o
       148          4          0          0          0       7303   imu.o
       172         40          0          0          0       1067   initialize.o
      1154         40          0          0         56       7580   ist8310.o
        80         12          0          0          0       2258   ist8310dri.o
        24          0          0          0          0        511   ist8310int.o
       602         62          0          0        264       3280   kalman.o
       120          8          0          0         24       1951   main.o
       140         24          0          0          0     340979   misc.o
       116          8          0          0          0       2921   monitor.o
       146          6          0          0         32       1836   ms5611.o
        52          8          0          0          0       1609   ms5611dri.o
        98          0          0          0          0        556   nvic.o
       148          8          0          0          0       1143   spi.o
        64         26        392          0       1536        844   startup_stm32f40xx.o
      1654         22          0          0          0       7436   stm32f4xx_can.o
       564         40          0          0          0       5347   stm32f4xx_dma.o
       196         22          0          0          0       2573   stm32f4xx_exti.o
       422         40          0          0          0       4428   stm32f4xx_flash.o
       222          0          0          0          0       2831   stm32f4xx_gpio.o
       552         28          0          0          0       7165   stm32f4xx_i2c.o
        26          0          0          0          0       4266   stm32f4xx_it.o
       392         48          0         16          0       5761   stm32f4xx_rcc.o
       288         24          0          0          0       4067   stm32f4xx_spi.o
        64          4          0          0          0        644   stm32f4xx_syscfg.o
       262         28          0          0          0       5270   stm32f4xx_tim.o
       642         42          0          0          0       5808   stm32f4xx_usart.o
       340         32          0          0          0       1561   system_stm32f4xx.o
       188         18          0          0          0       1991   tim.o
      1372         62          0          0         50       6761   usart.o

    ----------------------------------------------------------------------
     19682       1166        448         44       2320     478719   Object Totals
         0          0         32          0          0          0   (incl. Generated)
        28          0          0          1          2          0   (incl. Padding)

    ----------------------------------------------------------------------

      Code (inc. data)   RO Data    RW Data    ZI Data      Debug   Library Member Name

         8          0          0          0          0         68   __main.o
         0          0          0          0          0          0   __rtentry.o
        12          0          0          0          0          0   __rtentry2.o
         6          0          0          0          0          0   __rtentry4.o
        52          8          0          0          0          0   __scatter.o
        26          0          0          0          0          0   __scatter_copy.o
        28          0          0          0          0          0   __scatter_zi.o
        22          0          0          0          0        100   _rserrno.o
        18          0          0          0          0         80   exit.o
         6          0          0          0          0        152   heapauxi.o
         0          0          0          0          0          0   indicate_semi.o
         2          0          0          0          0          0   libinit.o
         6          0          0          0          0          0   libinit2.o
         2          0          0          0          0          0   libshutdown.o
         2          0          0          0          0          0   libshutdown2.o
         8          4          0          0         96         68   libspace.o
         8          4          0          0          0         68   rt_errno_addr_intlibspace.o
        78          0          0          0          0         80   rt_memclr_w.o
       100          0          0          0          0         80   rt_memcpy_w.o
         2          0          0          0          0          0   rtexit.o
        10          0          0          0          0          0   rtexit2.o
        12          4          0          0          0         68   sys_exit.o
        74          0          0          0          0         80   sys_stackheap_outer.o
         2          0          0          0          0         68   use_no_semi.o
        24          0          0          0          0        164   basic.o
        98          4          0          0          0        140   d2f.o
       826         16          0          0          0        492   daddsub_clz.o
       688        140          0          0          0        256   ddiv.o
        94          4          0          0          0        140   dfix.o
        46          0          0          0          0        116   dflt_clz.o
       340         12          0          0          0        152   dmul.o
       156          4          0          0          0        140   dnaninf.o
        12          0          0          0          0        116   dretinf.o
       408         56          0          0          0        168   dsqrt_umaal.o
        86          4          0          0          0        132   f2d.o
       140          4          0          0          0        132   fnaninf.o
        10          0          0          0          0        116   fpinit.o
        10          0          0          0          0        116   fretinf.o
         0          0          0          0          0          0   usenofp.o
       864         94         80          0          0        280   asin.o
       744        106        152          0          0        352   atan.o
       496         64          0          0          0        192   atan2.o
       104         16          0          0          0        496   dunder.o
        24          0          0          0          0        124   fabs.o
        48          0          0          0          0        124   fpclassify.o
       248          0          0          0          0        152   poly.o
         0          0          8          0          0          0   qnan.o
       232          0          0          0          0        296   sqrt.o

    ----------------------------------------------------------------------
      6206        544        240          0        100       5308   Library Totals
        24          0          0          0          4          0   (incl. Padding)

    ----------------------------------------------------------------------

      Code (inc. data)   RO Data    RW Data    ZI Data      Debug   Library Name

       484         20          0          0         96        912   c_w.l
      2938        244          0          0          0       2380   fz_wm.l
      2760        280        240          0          0       2016   m_wm.l

    ----------------------------------------------------------------------
      6206        544        240          0        100       5308   Library Totals

    ----------------------------------------------------------------------

==============================================================================


      Code (inc. data)   RO Data    RW Data    ZI Data      Debug   

     25888       1710        688         44       2420     463463   Grand Totals
     25888       1710        688         44       2420     463463   ELF Image Totals
     25888       1710        688         44          0          0   ROM Totals

==============================================================================

    Total RO  Size (Code + RO Data)                26576 (  25.95kB)
    Total RW  Size (RW Data + ZI Data)              2464 (   2.41kB)
    Total ROM Size (Code + RO Data + RW Data)      26620 (  26.00kB)

==============================================================================

