<html>
<body>
<pre>
<h1>礦ision Build Log</h1>
<h2>Tool Versions:</h2>
IDE-Version: μVision V5.23.0.0
Copyright (C) 2017 ARM Ltd and ARM Germany GmbH. All rights reserved.
License Information: 周 学文, NCST, LIC=KIVHL-0ZEVR-EZ9WX-HC9RD-GP91X-5WZU7
 
Tool Versions:
Toolchain:       MDK-ARM Professional  Version: 5.23
Toolchain Path:  D:\Keil_v5\ARM\ARMCC\Bin
C Compiler:      Armcc.exe V5.06 update 4 (build 422)
Assembler:       Armasm.exe V5.06 update 4 (build 422)
Linker/Locator:  ArmLink.exe V5.06 update 4 (build 422)
Library Manager: ArmAr.exe V5.06 update 4 (build 422)
Hex Converter:   FromElf.exe V5.06 update 4 (build 422)
CPU DLL:         SARMCM3.DLL V5.23
Dialog DLL:      DCM.DLL V1.15.0.0
Target DLL:      Segger\JL2CM3.dll V2.99.23.0
Dialog DLL:      TCM.DLL V1.27.0.0
 
<h2>Project:</h2>
D:\git\10-DOF-IMU-Sensor\小板\PROJECT_KEIL\keil.uvprojx
Project File Date:  01/02/2018

<h2>Output:</h2>
*** Using Compiler 'V5.06 update 4 (build 422)', folder: 'D:\Keil_v5\ARM\ARMCC\Bin'
Build target 'Target 1'
compiling icm20602.c...
..\Program\User\config.h(78): warning:  #1-D: last line of file ends without a newline
  #endif
..\Program\Icm20602\icm20602Int.h(6): warning:  #1-D: last line of file ends without a newline
  #endif
..\Program\Icm20602\icm20602Dri.h(10): warning:  #1-D: last line of file ends without a newline
  #endif
..\Program\Icm20602\icm20602.h(87): warning:  #1-D: last line of file ends without a newline
  #endif
..\Program\Ist8310\ist8310.h(34): warning:  #1-D: last line of file ends without a newline
  #endif
..\Program\Ms5611\ms5611.h(29): warning:  #1-D: last line of file ends without a newline
  #endif
..\Program\Icm20602\icm20602.c(27): warning:  #1-D: last line of file ends without a newline
  }
..\Program\Icm20602\icm20602.c: 7 warnings, 0 errors
linking...
Program Size: Code=8300 RO-data=444 RW-data=92 ZI-data=1756  
".\Objects\keil.axf" - 0 Error(s), 7 Warning(s).

<h2>Collection of Component include folders:</h2>
  .\RTE\_Target_1
  D:\Keil_v5\ARM\PACK\Keil\STM32F4xx_DFP\2.11.0\Drivers\CMSIS\Device\ST\STM32F4xx\Include

<h2>Collection of Component Files used:</h2>
Build Time Elapsed:  00:00:01
</pre>
</body>
</html>
