<html>
<body>
<pre>
<h1>µVision Build Log</h1>
<h2>Tool Versions:</h2>
IDE-Version: ¶ÃVision V5.24.2.0
Copyright (C) 2017 ARM Ltd and ARM Germany GmbH. All rights reserved.
License Information: ∑∂ œË”Ó, NCST, LIC=P6F30-BLDV0-23LM4-FM75R-NB0K2-BZEL6
 
Tool Versions:
Toolchain:       MDK-ARM Professional  Version: 5.24.1
Toolchain Path:  G:\Keil_v5\ARM\ARMCC\Bin
C Compiler:      Armcc.exe V5.06 update 5 (build 528)
Assembler:       Armasm.exe V5.06 update 5 (build 528)
Linker/Locator:  ArmLink.exe V5.06 update 5 (build 528)
Library Manager: ArmAr.exe V5.06 update 5 (build 528)
Hex Converter:   FromElf.exe V5.06 update 5 (build 528)
CPU DLL:         SARMCM3.DLL V5.24.1
Dialog DLL:      DCM.DLL V1.16.0.0
Target DLL:      Segger\JL2CM3.dll V2.99.26.0
Dialog DLL:      TCM.DLL V1.32.0.0
 
<h2>Project:</h2>
D:\–≈—ˆ\10÷·–°∞Â\10-DOF-IMU-Sensor\–°∞Â\MDK\keil.uvprojx
Project File Date:  01/16/2018

<h2>Output:</h2>
*** Using Compiler 'V5.06 update 5 (build 528)', folder: 'G:\Keil_v5\ARM\ARMCC\Bin'
Build target 'Target 1'
compiling stm32f4xx_gpio.c...
compiling misc.c...
compiling stm32f4xx_exti.c...
compiling stm32f4xx_can.c...
compiling stm32f4xx_i2c.c...
compiling stm32f4xx_spi.c...
compiling stm32f4xx_syscfg.c...
compiling stm32f4xx_rcc.c...
compiling stm32f4xx_dma.c...
compiling stm32f4xx_usart.c...
compiling stm32f4xx_tim.c...
compiling stm32f4xx_it.c...
compiling system_stm32f4xx.c...
compiling control.c...
..\Program\User\config.h(91): warning:  #1-D: last line of file ends without a newline
  #endif
..\Program\Icm20602\icm20602.h(109): warning:  #1-D: last line of file ends without a newline
  #endif
..\Program\Ist8310\ist8310.h(35): warning:  #1-D: last line of file ends without a newline
  #endif
..\Program\Ms5611\ms5611.h(45): warning:  #1-D: last line of file ends without a newline
  #endif
..\Program\Task\ahrs.h(16): warning:  #1-D: last line of file ends without a newline
  #endif
..\Program\Task\control.c(72): warning:  #1-D: last line of file ends without a newline
        
..\Program\Task\control.c: 6 warnings, 0 errors
compiling imu.c...
..\Program\Icm20602\icm20602.h(109): warning:  #1-D: last line of file ends without a newline
  #endif
..\Program\Ist8310\ist8310.h(35): warning:  #1-D: last line of file ends without a newline
  #endif
..\Program\Ms5611\ms5611.h(45): warning:  #1-D: last line of file ends without a newline
  #endif
..\Program\Task\ahrs.h(16): warning:  #1-D: last line of file ends without a newline
  #endif
..\Program\Task\imu.h(6): warning:  #1-D: last line of file ends without a newline
  #endif
..\Program\User\config.h(91): warning:  #1-D: last line of file ends without a newline
  #endif
..\Program\Task\imu.c: 6 warnings, 0 errors
compiling ahrs.c...
..\Program\Icm20602\icm20602.h(109): warning:  #1-D: last line of file ends without a newline
  #endif
..\Program\Ist8310\ist8310.h(35): warning:  #1-D: last line of file ends without a newline
  #endif
..\Program\Task\ahrs.h(16): warning:  #1-D: last line of file ends without a newline
  #endif
..\Program\Task\ahrs.c(202): warning:  #1-D: last line of file ends without a newline
  	}
..\Program\Task\ahrs.c: 4 warnings, 0 errors
compiling delay.c...
..\Program\User\config.h(91): warning:  #1-D: last line of file ends without a newline
  #endif
..\Program\User\delay.c: 1 warning, 0 errors
compiling gpio.c...
..\Program\User\config.h(91): warning:  #1-D: last line of file ends without a newline
  #endif
..\Program\User\gpio.c: 1 warning, 0 errors
compiling nvic.c...
..\Program\User\config.h(91): warning:  #1-D: last line of file ends without a newline
  #endif
..\Program\User\nvic.c: 1 warning, 0 errors
compiling i2c.c...
..\Program\User\config.h(91): warning:  #1-D: last line of file ends without a newline
  #endif
..\Program\User\i2c.c: 1 warning, 0 errors
compiling tim.c...
..\Program\User\config.h(91): warning:  #1-D: last line of file ends without a newline
  #endif
..\Program\User\tim.c: 1 warning, 0 errors
compiling can.c...
compiling monitor.c...
..\Program\User\config.h(91): warning:  #1-D: last line of file ends without a newline
  #endif
..\Program\Icm20602\icm20602.h(109): warning:  #1-D: last line of file ends without a newline
  #endif
..\Program\Ist8310\ist8310.h(35): warning:  #1-D: last line of file ends without a newline
  #endif
..\Program\Ms5611\ms5611.h(45): warning:  #1-D: last line of file ends without a newline
  #endif
..\Program\Task\ahrs.h(16): warning:  #1-D: last line of file ends without a newline
  #endif
..\Program\User\monitor.c: 5 warnings, 0 errors
compiling spi.c...
..\Program\User\config.h(91): warning:  #1-D: last line of file ends without a newline
  #endif
..\Program\User\spi.c: 1 warning, 0 errors
compiling usart.c...
compiling dma.c...
compiling icm20602Dri.c...
..\Program\Icm20602\icm20602Dri.h(10): warning:  #1-D: last line of file ends without a newline
  #endif
..\Program\User\config.h(91): warning:  #1-D: last line of file ends without a newline
  #endif
..\Program\Icm20602\icm20602Dri.c(42): warning:  #1-D: last line of file ends without a newline
  }
..\Program\Icm20602\icm20602Dri.c: 3 warnings, 0 errors
compiling icm20602.c...
..\Program\Icm20602\icm20602.h(109): warning:  #1-D: last line of file ends without a newline
  #endif
..\Program\Icm20602\icm20602Dri.h(10): warning:  #1-D: last line of file ends without a newline
  #endif
..\Program\User\config.h(91): warning:  #1-D: last line of file ends without a newline
  #endif
..\Program\Ist8310\ist8310.h(35): warning:  #1-D: last line of file ends without a newline
  #endif
..\Program\Ms5611\ms5611.h(45): warning:  #1-D: last line of file ends without a newline
  #endif
..\Program\Task\ahrs.h(16): warning:  #1-D: last line of file ends without a newline
  #endif
..\Program\Icm20602\icm20602.c(25): warning:  #177-D: variable "mpudata"  was declared but never referenced
  	uint8_t mpu6500_id=0,mpudata=0;	
..\Program\Icm20602\icm20602.c(79): warning:  #940-D: missing return statement at end of non-void function "Icm20602_Calc" 
  }
..\Program\Icm20602\icm20602.c(129): warning:  #1-D: last line of file ends without a newline
  }
..\Program\Icm20602\icm20602.c: 9 warnings, 0 errors
compiling ist8310.c...
..\Program\Ist8310\ist8310.h(35): warning:  #1-D: last line of file ends without a newline
  #endif
..\Program\User\config.h(91): warning:  #1-D: last line of file ends without a newline
  #endif
..\Program\Icm20602\icm20602.h(109): warning:  #1-D: last line of file ends without a newline
  #endif
..\Program\Ms5611\ms5611.h(45): warning:  #1-D: last line of file ends without a newline
  #endif
..\Program\Task\ahrs.h(16): warning:  #1-D: last line of file ends without a newline
  #endif
..\Program\Ist8310\ist8310.c(43): warning:  #111-D: statement is unreachable
  	return 0;
..\Program\Ist8310\ist8310.c: 6 warnings, 0 errors
compiling icm20602Int.c...
..\Program\Icm20602\icm20602Int.h(8): warning:  #1-D: last line of file ends without a newline
  #endif
..\Program\Icm20602\icm20602.h(109): warning:  #1-D: last line of file ends without a newline
  #endif
..\Program\Ist8310\ist8310.h(35): warning:  #1-D: last line of file ends without a newline
  #endif
..\Program\Ms5611\ms5611.h(45): warning:  #1-D: last line of file ends without a newline
  #endif
..\Program\Task\ahrs.h(16): warning:  #1-D: last line of file ends without a newline
  #endif
..\Program\Task\imu.h(6): warning:  #1-D: last line of file ends without a newline
  #endif
..\Program\Icm20602\icm20602Int.c: 6 warnings, 0 errors
compiling main.c...
..\Program\Icm20602\icm20602Int.h(8): warning:  #1-D: last line of file ends without a newline
  #endif
..\Program\Icm20602\icm20602Dri.h(10): warning:  #1-D: last line of file ends without a newline
  #endif
..\Program\Icm20602\icm20602.h(109): warning:  #1-D: last line of file ends without a newline
  #endif
..\Program\Ist8310\ist8310.h(35): warning:  #1-D: last line of file ends without a newline
  #endif
..\Program\Ms5611\ms5611.h(45): warning:  #1-D: last line of file ends without a newline
  #endif
..\Program\User\config.h(91): warning:  #1-D: last line of file ends without a newline
  #endif
..\Program\Task\ahrs.h(16): warning:  #1-D: last line of file ends without a newline
  #endif
..\Program\User\main.c: 7 warnings, 0 errors
compiling ms5611.c...
..\Program\Ms5611\ms5611.h(45): warning:  #1-D: last line of file ends without a newline
  #endif
..\Program\User\config.h(91): warning:  #1-D: last line of file ends without a newline
  #endif
..\Program\Icm20602\icm20602.h(109): warning:  #1-D: last line of file ends without a newline
  #endif
..\Program\Ist8310\ist8310.h(35): warning:  #1-D: last line of file ends without a newline
  #endif
..\Program\Task\ahrs.h(16): warning:  #1-D: last line of file ends without a newline
  #endif
..\Program\Ms5611\ms5611.c: 5 warnings, 0 errors
linking...
Program Size: Code=18304 RO-data=688 RW-data=128 ZI-data=1376  
".\Objects\keil.axf" - 0 Error(s), 63 Warning(s).

<h2>Software Packages used:</h2>

Package Vendor: Keil
                http://www.keil.com/pack/Keil.STM32F4xx_DFP.2.11.0.pack
                Keil.STM32F4xx_DFP.2.11.0
                STMicroelectronics STM32F4 Series Device Support, Drivers and Examples

<h2>Collection of Component include folders:</h2>
  .\RTE\_Target_1
  F:\Keil_v5\ARM\PACK\Keil\STM32F4xx_DFP\2.11.0\Drivers\CMSIS\Device\ST\STM32F4xx\Include

<h2>Collection of Component Files used:</h2>
Build Time Elapsed:  00:00:16
</pre>
</body>
</html>
